Archive member included to satisfy reference by file (symbol)

c:/st/stm32cubeide_1.1.0/stm32cubeide/plugins/com.st.stm32cube.ide.mcu.externaltools.gnu-tools-for-stm32.7-2018-q2-update.win32_1.0.0.201904181610/tools/bin/../lib/gcc/arm-none-eabi/7.3.1/../../../../arm-none-eabi/lib/thumb/v7-m\libc_nano.a(lib_a-errno.o)
                              Core/Src/syscalls.o (__errno)
c:/st/stm32cubeide_1.1.0/stm32cubeide/plugins/com.st.stm32cube.ide.mcu.externaltools.gnu-tools-for-stm32.7-2018-q2-update.win32_1.0.0.201904181610/tools/bin/../lib/gcc/arm-none-eabi/7.3.1/../../../../arm-none-eabi/lib/thumb/v7-m\libc_nano.a(lib_a-exit.o)
                              c:/st/stm32cubeide_1.1.0/stm32cubeide/plugins/com.st.stm32cube.ide.mcu.externaltools.gnu-tools-for-stm32.7-2018-q2-update.win32_1.0.0.201904181610/tools/bin/../lib/gcc/arm-none-eabi/7.3.1/../../../../arm-none-eabi/lib/thumb/v7-m/crt0.o (exit)
c:/st/stm32cubeide_1.1.0/stm32cubeide/plugins/com.st.stm32cube.ide.mcu.externaltools.gnu-tools-for-stm32.7-2018-q2-update.win32_1.0.0.201904181610/tools/bin/../lib/gcc/arm-none-eabi/7.3.1/../../../../arm-none-eabi/lib/thumb/v7-m\libc_nano.a(lib_a-impure.o)
                              c:/st/stm32cubeide_1.1.0/stm32cubeide/plugins/com.st.stm32cube.ide.mcu.externaltools.gnu-tools-for-stm32.7-2018-q2-update.win32_1.0.0.201904181610/tools/bin/../lib/gcc/arm-none-eabi/7.3.1/../../../../arm-none-eabi/lib/thumb/v7-m\libc_nano.a(lib_a-exit.o) (_global_impure_ptr)
c:/st/stm32cubeide_1.1.0/stm32cubeide/plugins/com.st.stm32cube.ide.mcu.externaltools.gnu-tools-for-stm32.7-2018-q2-update.win32_1.0.0.201904181610/tools/bin/../lib/gcc/arm-none-eabi/7.3.1/../../../../arm-none-eabi/lib/thumb/v7-m\libc_nano.a(lib_a-init.o)
                              c:/st/stm32cubeide_1.1.0/stm32cubeide/plugins/com.st.stm32cube.ide.mcu.externaltools.gnu-tools-for-stm32.7-2018-q2-update.win32_1.0.0.201904181610/tools/bin/../lib/gcc/arm-none-eabi/7.3.1/../../../../arm-none-eabi/lib/thumb/v7-m/crt0.o (__libc_init_array)
c:/st/stm32cubeide_1.1.0/stm32cubeide/plugins/com.st.stm32cube.ide.mcu.externaltools.gnu-tools-for-stm32.7-2018-q2-update.win32_1.0.0.201904181610/tools/bin/../lib/gcc/arm-none-eabi/7.3.1/../../../../arm-none-eabi/lib/thumb/v7-m\libc_nano.a(lib_a-memset.o)
                              c:/st/stm32cubeide_1.1.0/stm32cubeide/plugins/com.st.stm32cube.ide.mcu.externaltools.gnu-tools-for-stm32.7-2018-q2-update.win32_1.0.0.201904181610/tools/bin/../lib/gcc/arm-none-eabi/7.3.1/../../../../arm-none-eabi/lib/thumb/v7-m/crt0.o (memset)
c:/st/stm32cubeide_1.1.0/stm32cubeide/plugins/com.st.stm32cube.ide.mcu.externaltools.gnu-tools-for-stm32.7-2018-q2-update.win32_1.0.0.201904181610/tools/bin/../lib/gcc/arm-none-eabi/7.3.1/../../../../arm-none-eabi/lib/thumb/v7-m\libc_nano.a(lib_a-snprintf.o)
                              Core/Src/main.o (snprintf)
c:/st/stm32cubeide_1.1.0/stm32cubeide/plugins/com.st.stm32cube.ide.mcu.externaltools.gnu-tools-for-stm32.7-2018-q2-update.win32_1.0.0.201904181610/tools/bin/../lib/gcc/arm-none-eabi/7.3.1/../../../../arm-none-eabi/lib/thumb/v7-m\libc_nano.a(lib_a-strlen.o)
                              Core/Src/main.o (strlen)
c:/st/stm32cubeide_1.1.0/stm32cubeide/plugins/com.st.stm32cube.ide.mcu.externaltools.gnu-tools-for-stm32.7-2018-q2-update.win32_1.0.0.201904181610/tools/bin/../lib/gcc/arm-none-eabi/7.3.1/../../../../arm-none-eabi/lib/thumb/v7-m\libc_nano.a(lib_a-nano-svfprintf.o)
                              c:/st/stm32cubeide_1.1.0/stm32cubeide/plugins/com.st.stm32cube.ide.mcu.externaltools.gnu-tools-for-stm32.7-2018-q2-update.win32_1.0.0.201904181610/tools/bin/../lib/gcc/arm-none-eabi/7.3.1/../../../../arm-none-eabi/lib/thumb/v7-m\libc_nano.a(lib_a-snprintf.o) (_svfprintf_r)
c:/st/stm32cubeide_1.1.0/stm32cubeide/plugins/com.st.stm32cube.ide.mcu.externaltools.gnu-tools-for-stm32.7-2018-q2-update.win32_1.0.0.201904181610/tools/bin/../lib/gcc/arm-none-eabi/7.3.1/../../../../arm-none-eabi/lib/thumb/v7-m\libc_nano.a(lib_a-nano-vfprintf_i.o)
                              c:/st/stm32cubeide_1.1.0/stm32cubeide/plugins/com.st.stm32cube.ide.mcu.externaltools.gnu-tools-for-stm32.7-2018-q2-update.win32_1.0.0.201904181610/tools/bin/../lib/gcc/arm-none-eabi/7.3.1/../../../../arm-none-eabi/lib/thumb/v7-m\libc_nano.a(lib_a-nano-svfprintf.o) (_printf_i)
c:/st/stm32cubeide_1.1.0/stm32cubeide/plugins/com.st.stm32cube.ide.mcu.externaltools.gnu-tools-for-stm32.7-2018-q2-update.win32_1.0.0.201904181610/tools/bin/../lib/gcc/arm-none-eabi/7.3.1/../../../../arm-none-eabi/lib/thumb/v7-m\libc_nano.a(lib_a-memchr-stub.o)
                              c:/st/stm32cubeide_1.1.0/stm32cubeide/plugins/com.st.stm32cube.ide.mcu.externaltools.gnu-tools-for-stm32.7-2018-q2-update.win32_1.0.0.201904181610/tools/bin/../lib/gcc/arm-none-eabi/7.3.1/../../../../arm-none-eabi/lib/thumb/v7-m\libc_nano.a(lib_a-nano-svfprintf.o) (memchr)
[...]
Memory Configuration

Name             Origin             Length             Attributes
RAM              0x0000000020000000 0x0000000000005000 xrw
FLASH            0x0000000008000000 0x0000000000010000 xr
*default*        0x0000000000000000 0xffffffffffffffff

Linker script and memory map

LOAD c:/st/stm32cubeide_1.1.0/stm32cubeide/plugins/com.st.stm32cube.ide.mcu.externaltools.gnu-tools-for-stm32.7-2018-q2-update.win32_1.0.0.201904181610/tools/bin/../lib/gcc/arm-none-eabi/7.3.1/thumb/v7-m/crti.o
LOAD c:/st/stm32cubeide_1.1.0/stm32cubeide/plugins/com.st.stm32cube.ide.mcu.externaltools.gnu-tools-for-stm32.7-2018-q2-update.win32_1.0.0.201904181610/tools/bin/../lib/gcc/arm-none-eabi/7.3.1/thumb/v7-m/crtbegin.o
LOAD c:/st/stm32cubeide_1.1.0/stm32cubeide/plugins/com.st.stm32cube.ide.mcu.externaltools.gnu-tools-for-stm32.7-2018-q2-update.win32_1.0.0.201904181610/tools/bin/../lib/gcc/arm-none-eabi/7.3.1/../../../../arm-none-eabi/lib/thumb/v7-m/crt0.o
LOAD Core/Src/gpio.o
LOAD Core/Src/main.o
LOAD Core/Src/stm32f1xx_hal_msp.o
LOAD Core/Src/stm32f1xx_it.o
LOAD Core/Src/syscalls.o
LOAD Core/Src/sysmem.o
LOAD Core/Src/system_stm32f1xx.o
LOAD Core/Startup/startup_stm32f103c8tx.o
LOAD Drivers/STM32F1xx_HAL_Driver/Src/stm32f1xx_hal.o
LOAD Drivers/STM32F1xx_HAL_Driver/Src/stm32f1xx_hal_cortex.o
LOAD Drivers/STM32F1xx_HAL_Driver/Src/stm32f1xx_hal_dma.o
LOAD Drivers/STM32F1xx_HAL_Driver/Src/stm32f1xx_hal_exti.o
LOAD Drivers/STM32F1xx_HAL_Driver/Src/stm32f1xx_hal_flash.o
LOAD Drivers/STM32F1xx_HAL_Driver/Src/stm32f1xx_hal_flash_ex.o
LOAD Drivers/STM32F1xx_HAL_Driver/Src/stm32f1xx_hal_gpio.o
LOAD Drivers/STM32F1xx_HAL_Driver/Src/stm32f1xx_hal_gpio_ex.o
LOAD Drivers/STM32F1xx_HAL_Driver/Src/stm32f1xx_hal_pcd.o
LOAD Drivers/STM32F1xx_HAL_Driver/Src/stm32f1xx_hal_pcd_ex.o
LOAD Drivers/STM32F1xx_HAL_Driver/Src/stm32f1xx_hal_pwr.o
LOAD Drivers/STM32F1xx_HAL_Driver/Src/stm32f1xx_hal_rcc.o
LOAD Drivers/STM32F1xx_HAL_Driver/Src/stm32f1xx_hal_rcc_ex.o
LOAD Drivers/STM32F1xx_HAL_Driver/Src/stm32f1xx_hal_tim.o
LOAD Drivers/STM32F1xx_HAL_Driver/Src/stm32f1xx_hal_tim_ex.o
LOAD Drivers/STM32F1xx_HAL_Driver/Src/stm32f1xx_ll_usb.o
LOAD Middlewares/ST/STM32_USB_Device_Library/Class/CDC/Src/usbd_cdc.o
LOAD Middlewares/ST/STM32_USB_Device_Library/Core/Src/usbd_core.o
LOAD Middlewares/ST/STM32_USB_Device_Library/Core/Src/usbd_ctlreq.o
LOAD Middlewares/ST/STM32_USB_Device_Library/Core/Src/usbd_ioreq.o
LOAD USB_DEVICE/App/usb_device.o
LOAD USB_DEVICE/App/usbd_cdc_if.o
LOAD USB_DEVICE/App/usbd_desc.o
LOAD USB_DEVICE/Target/usbd_conf.o
START GROUP
LOAD c:/st/stm32cubeide_1.1.0/stm32cubeide/plugins/com.st.stm32cube.ide.mcu.externaltools.gnu-tools-for-stm32.7-2018-q2-update.win32_1.0.0.201904181610/tools/bin/../lib/gcc/arm-none-eabi/7.3.1/../../../../arm-none-eabi/lib/thumb/v7-m\libc_nano.a
LOAD c:/st/stm32cubeide_1.1.0/stm32cubeide/plugins/com.st.stm32cube.ide.mcu.externaltools.gnu-tools-for-stm32.7-2018-q2-update.win32_1.0.0.201904181610/tools/bin/../lib/gcc/arm-none-eabi/7.3.1/../../../../arm-none-eabi/lib/thumb/v7-m\libm.a
END GROUP
START GROUP
LOAD c:/st/stm32cubeide_1.1.0/stm32cubeide/plugins/com.st.stm32cube.ide.mcu.externaltools.gnu-tools-for-stm32.7-2018-q2-update.win32_1.0.0.201904181610/tools/bin/../lib/gcc/arm-none-eabi/7.3.1/thumb/v7-m\libgcc.a
LOAD c:/st/stm32cubeide_1.1.0/stm32cubeide/plugins/com.st.stm32cube.ide.mcu.externaltools.gnu-tools-for-stm32.7-2018-q2-update.win32_1.0.0.201904181610/tools/bin/../lib/gcc/arm-none-eabi/7.3.1/../../../../arm-none-eabi/lib/thumb/v7-m\libc_nano.a
END GROUP
START GROUP
LOAD c:/st/stm32cubeide_1.1.0/stm32cubeide/plugins/com.st.stm32cube.ide.mcu.externaltools.gnu-tools-for-stm32.7-2018-q2-update.win32_1.0.0.201904181610/tools/bin/../lib/gcc/arm-none-eabi/7.3.1/thumb/v7-m\libgcc.a
LOAD c:/st/stm32cubeide_1.1.0/stm32cubeide/plugins/com.st.stm32cube.ide.mcu.externaltools.gnu-tools-for-stm32.7-2018-q2-update.win32_1.0.0.201904181610/tools/bin/../lib/gcc/arm-none-eabi/7.3.1/../../../../arm-none-eabi/lib/thumb/v7-m\libc_nano.a
LOAD c:/st/stm32cubeide_1.1.0/stm32cubeide/plugins/com.st.stm32cube.ide.mcu.externaltools.gnu-tools-for-stm32.7-2018-q2-update.win32_1.0.0.201904181610/tools/bin/../lib/gcc/arm-none-eabi/7.3.1/../../../../arm-none-eabi/lib/thumb/v7-m\libnosys.a
END GROUP
START GROUP
LOAD c:/st/stm32cubeide_1.1.0/stm32cubeide/plugins/com.st.stm32cube.ide.mcu.externaltools.gnu-tools-for-stm32.7-2018-q2-update.win32_1.0.0.201904181610/tools/bin/../lib/gcc/arm-none-eabi/7.3.1/thumb/v7-m\libgcc.a
LOAD c:/st/stm32cubeide_1.1.0/stm32cubeide/plugins/com.st.stm32cube.ide.mcu.externaltools.gnu-tools-for-stm32.7-2018-q2-update.win32_1.0.0.201904181610/tools/bin/../lib/gcc/arm-none-eabi/7.3.1/../../../../arm-none-eabi/lib/thumb/v7-m\libc_nano.a
LOAD c:/st/stm32cubeide_1.1.0/stm32cubeide/plugins/com.st.stm32cube.ide.mcu.externaltools.gnu-tools-for-stm32.7-2018-q2-update.win32_1.0.0.201904181610/tools/bin/../lib/gcc/arm-none-eabi/7.3.1/../../../../arm-none-eabi/lib/thumb/v7-m\libnosys.a
END GROUP
LOAD c:/st/stm32cubeide_1.1.0/stm32cubeide/plugins/com.st.stm32cube.ide.mcu.externaltools.gnu-tools-for-stm32.7-2018-q2-update.win32_1.0.0.201904181610/tools/bin/../lib/gcc/arm-none-eabi/7.3.1/thumb/v7-m/crtend.o
LOAD c:/st/stm32cubeide_1.1.0/stm32cubeide/plugins/com.st.stm32cube.ide.mcu.externaltools.gnu-tools-for-stm32.7-2018-q2-update.win32_1.0.0.201904181610/tools/bin/../lib/gcc/arm-none-eabi/7.3.1/thumb/v7-m/crtn.o
                0x0000000020005000                _estack = (ORIGIN (RAM) + LENGTH (RAM))
                0x0000000000000200                _Min_Heap_Size = 0x200
                0x0000000000000400                _Min_Stack_Size = 0x400

.isr_vector     0x0000000008000000      0x10c
                0x0000000008000000                . = ALIGN (0x4)
 *(.isr_vector)
 .isr_vector    0x0000000008000000      0x10c Core/Startup/startup_stm32f103c8tx.o
                0x0000000008000000                g_pfnVectors
                0x000000000800010c                . = ALIGN (0x4)

.text           0x000000000800010c     0x5940
                0x000000000800010c                . = ALIGN (0x4)
 *(.text)
 .text          0x000000000800010c       0x40 c:/st/stm32cubeide_1.1.0/stm32cubeide/plugins/com.st.stm32cube.ide.mcu.externaltools.gnu-tools-for-stm32.7-2018-q2-update.win32_1.0.0.201904181610/tools/bin/../lib/gcc/arm-none-eabi/7.3.1/thumb/v7-m/crtbegin.o
 .text          0x000000000800014c       0x10 c:/st/stm32cubeide_1.1.0/stm32cubeide/plugins/com.st.stm32cube.ide.mcu.externaltools.gnu-tools-for-stm32.7-2018-q2-update.win32_1.0.0.201904181610/tools/bin/../lib/gcc/arm-none-eabi/7.3.1/../../../../arm-none-eabi/lib/thumb/v7-m\libc_nano.a(lib_a-strlen.o)
                0x000000000800014c                strlen
 *(.text*)
 .text.MX_GPIO_Init
                0x000000000800015c       0x44 Core/Src/gpio.o
                0x000000000800015c                MX_GPIO_Init
 .text.main     0x00000000080001a0       0x4c Core/Src/main.o
                0x00000000080001a0                main
 .text.SystemClock_Config
                0x00000000080001ec       0xb8 Core/Src/main.o
                0x00000000080001ec                SystemClock_Config
 .text.Error_Handler
                0x00000000080002a4        0xc Core/Src/main.o
                0x00000000080002a4                Error_Handler
 .text.HAL_MspInit
                0x00000000080002b0       0x64 Core/Src/stm32f1xx_hal_msp.o
                0x00000000080002b0                HAL_MspInit
 .text.NMI_Handler
                0x0000000008000314        0xc Core/Src/stm32f1xx_it.o
                0x0000000008000314                NMI_Handler
 .text.HardFault_Handler
                0x0000000008000320        0x6 Core/Src/stm32f1xx_it.o
                0x0000000008000320                HardFault_Handler
 .text.MemManage_Handler
                0x0000000008000326        0x6 Core/Src/stm32f1xx_it.o
                0x0000000008000326                MemManage_Handler
 .text.BusFault_Handler
                0x000000000800032c        0x6 Core/Src/stm32f1xx_it.o
                0x000000000800032c                BusFault_Handler
 .text.UsageFault_Handler
                0x0000000008000332        0x6 Core/Src/stm32f1xx_it.o
                0x0000000008000332                UsageFault_Handler
 .text.SVC_Handler
                0x0000000008000338        0xc Core/Src/stm32f1xx_it.o
                0x0000000008000338                SVC_Handler
 .text.DebugMon_Handler
                0x0000000008000344        0xc Core/Src/stm32f1xx_it.o
                0x0000000008000344                DebugMon_Handler
 .text.PendSV_Handler
                0x0000000008000350        0xc Core/Src/stm32f1xx_it.o
                0x0000000008000350                PendSV_Handler
 .text.SysTick_Handler
                0x000000000800035c        0xc Core/Src/stm32f1xx_it.o
                0x000000000800035c                SysTick_Handler
 .text.USB_LP_CAN1_RX0_IRQHandler
                0x0000000008000368       0x14 Core/Src/stm32f1xx_it.o
                0x0000000008000368                USB_LP_CAN1_RX0_IRQHandler
 .text._sbrk    0x000000000800037c       0x58 Core/Src/sysmem.o
                0x000000000800037c                _sbrk
 .text.SystemInit
                0x00000000080003d4       0x68 Core/Src/system_stm32f1xx.o
                0x00000000080003d4                SystemInit
 .text.Reset_Handler
                0x000000000800043c       0x48 Core/Startup/startup_stm32f103c8tx.o
                0x000000000800043c                Reset_Handler
 .text.Default_Handler
                0x0000000008000484        0x2 Core/Startup/startup_stm32f103c8tx.o
                0x0000000008000484                RTC_Alarm_IRQHandler
                0x0000000008000484                EXTI2_IRQHandler
                0x0000000008000484                TIM1_CC_IRQHandler
                0x0000000008000484                PVD_IRQHandler
                0x0000000008000484                EXTI3_IRQHandler
                0x0000000008000484                EXTI0_IRQHandler
                0x0000000008000484                I2C2_EV_IRQHandler
                0x0000000008000484                ADC1_2_IRQHandler
                0x0000000008000484                SPI1_IRQHandler
                0x0000000008000484                TAMPER_IRQHandler
                0x0000000008000484                DMA1_Channel4_IRQHandler
                0x0000000008000484                USART3_IRQHandler
                0x0000000008000484                RTC_IRQHandler
                0x0000000008000484                DMA1_Channel7_IRQHandler
                0x0000000008000484                CAN1_RX1_IRQHandler
                0x0000000008000484                TIM4_IRQHandler
                0x0000000008000484                I2C1_EV_IRQHandler
                0x0000000008000484                DMA1_Channel6_IRQHandler
                0x0000000008000484                TIM3_IRQHandler
                0x0000000008000484                RCC_IRQHandler
                0x0000000008000484                TIM1_TRG_COM_IRQHandler
                0x0000000008000484                DMA1_Channel1_IRQHandler
                0x0000000008000484                Default_Handler
                0x0000000008000484                EXTI15_10_IRQHandler
                0x0000000008000484                EXTI9_5_IRQHandler
                0x0000000008000484                SPI2_IRQHandler
                0x0000000008000484                DMA1_Channel5_IRQHandler
                0x0000000008000484                EXTI4_IRQHandler
                0x0000000008000484                USB_HP_CAN1_TX_IRQHandler
                0x0000000008000484                DMA1_Channel3_IRQHandler
                0x0000000008000484                TIM1_UP_IRQHandler
                0x0000000008000484                WWDG_IRQHandler
                0x0000000008000484                TIM2_IRQHandler
                0x0000000008000484                TIM1_BRK_IRQHandler
                0x0000000008000484                EXTI1_IRQHandler
                0x0000000008000484                USART2_IRQHandler
                0x0000000008000484                I2C2_ER_IRQHandler
                0x0000000008000484                DMA1_Channel2_IRQHandler
                0x0000000008000484                CAN1_SCE_IRQHandler
                0x0000000008000484                FLASH_IRQHandler
                0x0000000008000484                USART1_IRQHandler
                0x0000000008000484                I2C1_ER_IRQHandler
                0x0000000008000484                USBWakeUp_IRQHandler
 *fill*         0x0000000008000486        0x2 
 .text.HAL_Init
                0x0000000008000488       0x2c Drivers/STM32F1xx_HAL_Driver/Src/stm32f1xx_hal.o
                0x0000000008000488                HAL_Init
 .text.HAL_InitTick
                0x00000000080004b4       0x60 Drivers/STM32F1xx_HAL_Driver/Src/stm32f1xx_hal.o
                0x00000000080004b4                HAL_InitTick
 .text.HAL_IncTick
                0x0000000008000514       0x24 Drivers/STM32F1xx_HAL_Driver/Src/stm32f1xx_hal.o
                0x0000000008000514                HAL_IncTick
 .text.HAL_GetTick
                0x0000000008000538       0x14 Drivers/STM32F1xx_HAL_Driver/Src/stm32f1xx_hal.o
                0x0000000008000538                HAL_GetTick
 .text.HAL_Delay
                0x000000000800054c       0x44 Drivers/STM32F1xx_HAL_Driver/Src/stm32f1xx_hal.o
                0x000000000800054c                HAL_Delay
 .text.__NVIC_SetPriorityGrouping
                0x0000000008000590       0x48 Drivers/STM32F1xx_HAL_Driver/Src/stm32f1xx_hal_cortex.o
 .text.__NVIC_GetPriorityGrouping
                0x00000000080005d8       0x1c Drivers/STM32F1xx_HAL_Driver/Src/stm32f1xx_hal_cortex.o
 .text.__NVIC_EnableIRQ
                0x00000000080005f4       0x38 Drivers/STM32F1xx_HAL_Driver/Src/stm32f1xx_hal_cortex.o
 .text.__NVIC_SetPriority
                0x000000000800062c       0x54 Drivers/STM32F1xx_HAL_Driver/Src/stm32f1xx_hal_cortex.o
 .text.NVIC_EncodePriority
                0x0000000008000680       0x64 Drivers/STM32F1xx_HAL_Driver/Src/stm32f1xx_hal_cortex.o
 .text.SysTick_Config
                0x00000000080006e4       0x44 Drivers/STM32F1xx_HAL_Driver/Src/stm32f1xx_hal_cortex.o
 .text.HAL_NVIC_SetPriorityGrouping
                0x0000000008000728       0x16 Drivers/STM32F1xx_HAL_Driver/Src/stm32f1xx_hal_cortex.o
                0x0000000008000728                HAL_NVIC_SetPriorityGrouping
 .text.HAL_NVIC_SetPriority
                0x000000000800073e       0x38 Drivers/STM32F1xx_HAL_Driver/Src/stm32f1xx_hal_cortex.o
                0x000000000800073e                HAL_NVIC_SetPriority
 .text.HAL_NVIC_EnableIRQ
                0x0000000008000776       0x1c Drivers/STM32F1xx_HAL_Driver/Src/stm32f1xx_hal_cortex.o
                0x0000000008000776                HAL_NVIC_EnableIRQ
 .text.HAL_SYSTICK_Config
                0x0000000008000792       0x18 Drivers/STM32F1xx_HAL_Driver/Src/stm32f1xx_hal_cortex.o
                0x0000000008000792                HAL_SYSTICK_Config
 .text.HAL_PCD_Init
                0x00000000080007aa      0x1c2 Drivers/STM32F1xx_HAL_Driver/Src/stm32f1xx_hal_pcd.o
                0x00000000080007aa                HAL_PCD_Init
 .text.HAL_PCD_Start
                0x000000000800096c       0x4c Drivers/STM32F1xx_HAL_Driver/Src/stm32f1xx_hal_pcd.o
                0x000000000800096c                HAL_PCD_Start
 .text.HAL_PCD_IRQHandler
                0x00000000080009b8      0x21c Drivers/STM32F1xx_HAL_Driver/Src/stm32f1xx_hal_pcd.o
                0x00000000080009b8                HAL_PCD_IRQHandler
 .text.HAL_PCD_SetAddress
                0x0000000008000bd4       0x4a Drivers/STM32F1xx_HAL_Driver/Src/stm32f1xx_hal_pcd.o
                0x0000000008000bd4                HAL_PCD_SetAddress
 .text.HAL_PCD_EP_Open
                0x0000000008000c1e       0xc0 Drivers/STM32F1xx_HAL_Driver/Src/stm32f1xx_hal_pcd.o
                0x0000000008000c1e                HAL_PCD_EP_Open
 .text.HAL_PCD_EP_Close
                0x0000000008000cde       0x84 Drivers/STM32F1xx_HAL_Driver/Src/stm32f1xx_hal_pcd.o
                0x0000000008000cde                HAL_PCD_EP_Close
 .text.HAL_PCD_EP_Receive
                0x0000000008000d62       0x74 Drivers/STM32F1xx_HAL_Driver/Src/stm32f1xx_hal_pcd.o
                0x0000000008000d62                HAL_PCD_EP_Receive
 .text.HAL_PCD_EP_GetRxCount
                0x0000000008000dd6       0x28 Drivers/STM32F1xx_HAL_Driver/Src/stm32f1xx_hal_pcd.o
                0x0000000008000dd6                HAL_PCD_EP_GetRxCount
 .text.HAL_PCD_EP_Transmit
                0x0000000008000dfe       0x72 Drivers/STM32F1xx_HAL_Driver/Src/stm32f1xx_hal_pcd.o
                0x0000000008000dfe                HAL_PCD_EP_Transmit
 .text.HAL_PCD_EP_SetStall
                0x0000000008000e70       0xb4 Drivers/STM32F1xx_HAL_Driver/Src/stm32f1xx_hal_pcd.o
                0x0000000008000e70                HAL_PCD_EP_SetStall
 .text.HAL_PCD_EP_ClrStall
                0x0000000008000f24       0x9c Drivers/STM32F1xx_HAL_Driver/Src/stm32f1xx_hal_pcd.o
                0x0000000008000f24                HAL_PCD_EP_ClrStall
 .text.PCD_EP_ISR_Handler
                0x0000000008000fc0      0x534 Drivers/STM32F1xx_HAL_Driver/Src/stm32f1xx_hal_pcd.o
 .text.HAL_PCDEx_PMAConfig
                0x00000000080014f4       0x78 Drivers/STM32F1xx_HAL_Driver/Src/stm32f1xx_hal_pcd_ex.o
                0x00000000080014f4                HAL_PCDEx_PMAConfig
 .text.HAL_RCC_OscConfig
                0x000000000800156c      0x500 Drivers/STM32F1xx_HAL_Driver/Src/stm32f1xx_hal_rcc.o
                0x000000000800156c                HAL_RCC_OscConfig
 .text.HAL_RCC_ClockConfig
                0x0000000008001a6c      0x1d4 Drivers/STM32F1xx_HAL_Driver/Src/stm32f1xx_hal_rcc.o
                0x0000000008001a6c                HAL_RCC_ClockConfig
 .text.HAL_RCC_EnableCSS
                0x0000000008001c40       0x18 Drivers/STM32F1xx_HAL_Driver/Src/stm32f1xx_hal_rcc.o
                0x0000000008001c40                HAL_RCC_EnableCSS
 .text.HAL_RCC_GetSysClockFreq
                0x0000000008001c58       0xc4 Drivers/STM32F1xx_HAL_Driver/Src/stm32f1xx_hal_rcc.o
                0x0000000008001c58                HAL_RCC_GetSysClockFreq
 .text.HAL_RCC_NMI_IRQHandler
                0x0000000008001d1c       0x28 Drivers/STM32F1xx_HAL_Driver/Src/stm32f1xx_hal_rcc.o
                0x0000000008001d1c                HAL_RCC_NMI_IRQHandler
 .text.RCC_Delay
                0x0000000008001d44       0x3c Drivers/STM32F1xx_HAL_Driver/Src/stm32f1xx_hal_rcc.o
 .text.HAL_RCC_CSSCallback
                0x0000000008001d80        0xc Drivers/STM32F1xx_HAL_Driver/Src/stm32f1xx_hal_rcc.o
                0x0000000008001d80                HAL_RCC_CSSCallback
 .text.HAL_RCCEx_PeriphCLKConfig
                0x0000000008001d8c      0x16c Drivers/STM32F1xx_HAL_Driver/Src/stm32f1xx_hal_rcc_ex.o
                0x0000000008001d8c                HAL_RCCEx_PeriphCLKConfig
 .text.USB_CoreInit
                0x0000000008001ef8       0x20 Drivers/STM32F1xx_HAL_Driver/Src/stm32f1xx_ll_usb.o
                0x0000000008001ef8                USB_CoreInit
 .text.USB_EnableGlobalInt
                0x0000000008001f18       0x2e Drivers/STM32F1xx_HAL_Driver/Src/stm32f1xx_ll_usb.o
                0x0000000008001f18                USB_EnableGlobalInt
 .text.USB_DisableGlobalInt
                0x0000000008001f46       0x38 Drivers/STM32F1xx_HAL_Driver/Src/stm32f1xx_ll_usb.o
                0x0000000008001f46                USB_DisableGlobalInt
 .text.USB_SetCurrentMode
                0x0000000008001f7e       0x18 Drivers/STM32F1xx_HAL_Driver/Src/stm32f1xx_ll_usb.o
                0x0000000008001f7e                USB_SetCurrentMode
 .text.USB_DevInit
                0x0000000008001f96       0x48 Drivers/STM32F1xx_HAL_Driver/Src/stm32f1xx_ll_usb.o
                0x0000000008001f96                USB_DevInit
 *fill*         0x0000000008001fde        0x2 
 .text.USB_ActivateEndpoint
                0x0000000008001fe0      0x5dc Drivers/STM32F1xx_HAL_Driver/Src/stm32f1xx_ll_usb.o
                0x0000000008001fe0                USB_ActivateEndpoint
 .text.USB_DeactivateEndpoint
                0x00000000080025bc      0x32c Drivers/STM32F1xx_HAL_Driver/Src/stm32f1xx_ll_usb.o
                0x00000000080025bc                USB_DeactivateEndpoint
 .text.USB_EPStartXfer
                0x00000000080028e8      0x570 Drivers/STM32F1xx_HAL_Driver/Src/stm32f1xx_ll_usb.o
                0x00000000080028e8                USB_EPStartXfer
 .text.USB_EPSetStall
                0x0000000008002e58       0x84 Drivers/STM32F1xx_HAL_Driver/Src/stm32f1xx_ll_usb.o
                0x0000000008002e58                USB_EPSetStall
 .text.USB_EPClearStall
                0x0000000008002edc      0x128 Drivers/STM32F1xx_HAL_Driver/Src/stm32f1xx_ll_usb.o
                0x0000000008002edc                USB_EPClearStall
 .text.USB_SetDevAddress
                0x0000000008003004       0x26 Drivers/STM32F1xx_HAL_Driver/Src/stm32f1xx_ll_usb.o
                0x0000000008003004                USB_SetDevAddress
 .text.USB_DevConnect
                0x000000000800302a       0x14 Drivers/STM32F1xx_HAL_Driver/Src/stm32f1xx_ll_usb.o
                0x000000000800302a                USB_DevConnect
 .text.USB_DevDisconnect
                0x000000000800303e       0x14 Drivers/STM32F1xx_HAL_Driver/Src/stm32f1xx_ll_usb.o
                0x000000000800303e                USB_DevDisconnect
 .text.USB_ReadInterrupts
                0x0000000008003052       0x1e Drivers/STM32F1xx_HAL_Driver/Src/stm32f1xx_ll_usb.o
                0x0000000008003052                USB_ReadInterrupts
 .text.USB_EP0_OutStart
                0x0000000008003070       0x16 Drivers/STM32F1xx_HAL_Driver/Src/stm32f1xx_ll_usb.o
                0x0000000008003070                USB_EP0_OutStart
 .text.USB_WritePMA
                0x0000000008003086       0x88 Drivers/STM32F1xx_HAL_Driver/Src/stm32f1xx_ll_usb.o
                0x0000000008003086                USB_WritePMA
 .text.USB_ReadPMA
                0x000000000800310e       0x9e Drivers/STM32F1xx_HAL_Driver/Src/stm32f1xx_ll_usb.o
                0x000000000800310e                USB_ReadPMA
 .text.USBD_CDC_Init
                0x00000000080031ac       0xf4 Middlewares/ST/STM32_USB_Device_Library/Class/CDC/Src/usbd_cdc.o
 .text.USBD_CDC_DeInit
                0x00000000080032a0       0x6e Middlewares/ST/STM32_USB_Device_Library/Class/CDC/Src/usbd_cdc.o
 .text.USBD_CDC_Setup
                0x000000000800330e      0x140 Middlewares/ST/STM32_USB_Device_Library/Class/CDC/Src/usbd_cdc.o
 .text.USBD_CDC_DataIn
                0x000000000800344e       0xa0 Middlewares/ST/STM32_USB_Device_Library/Class/CDC/Src/usbd_cdc.o
 .text.USBD_CDC_DataOut
                0x00000000080034ee       0x56 Middlewares/ST/STM32_USB_Device_Library/Class/CDC/Src/usbd_cdc.o
 .text.USBD_CDC_EP0_RxReady
                0x0000000008003544       0x50 Middlewares/ST/STM32_USB_Device_Library/Class/CDC/Src/usbd_cdc.o
 .text.USBD_CDC_GetFSCfgDesc
                0x0000000008003594       0x20 Middlewares/ST/STM32_USB_Device_Library/Class/CDC/Src/usbd_cdc.o
 .text.USBD_CDC_GetHSCfgDesc
                0x00000000080035b4       0x20 Middlewares/ST/STM32_USB_Device_Library/Class/CDC/Src/usbd_cdc.o
 .text.USBD_CDC_GetOtherSpeedCfgDesc
                0x00000000080035d4       0x20 Middlewares/ST/STM32_USB_Device_Library/Class/CDC/Src/usbd_cdc.o
 .text.USBD_CDC_GetDeviceQualifierDescriptor
                0x00000000080035f4       0x20 Middlewares/ST/STM32_USB_Device_Library/Class/CDC/Src/usbd_cdc.o
                0x00000000080035f4                USBD_CDC_GetDeviceQualifierDescriptor
 .text.USBD_CDC_RegisterInterface
                0x0000000008003614       0x2c Middlewares/ST/STM32_USB_Device_Library/Class/CDC/Src/usbd_cdc.o
                0x0000000008003614                USBD_CDC_RegisterInterface
 .text.USBD_CDC_SetTxBuffer
                0x0000000008003640       0x32 Middlewares/ST/STM32_USB_Device_Library/Class/CDC/Src/usbd_cdc.o
                0x0000000008003640                USBD_CDC_SetTxBuffer
 .text.USBD_CDC_SetRxBuffer
                0x0000000008003672       0x26 Middlewares/ST/STM32_USB_Device_Library/Class/CDC/Src/usbd_cdc.o
                0x0000000008003672                USBD_CDC_SetRxBuffer
 .text.USBD_CDC_TransmitPacket
                0x0000000008003698       0x5e Middlewares/ST/STM32_USB_Device_Library/Class/CDC/Src/usbd_cdc.o
                0x0000000008003698                USBD_CDC_TransmitPacket
 .text.USBD_CDC_ReceivePacket
                0x00000000080036f6       0x54 Middlewares/ST/STM32_USB_Device_Library/Class/CDC/Src/usbd_cdc.o
                0x00000000080036f6                USBD_CDC_ReceivePacket
 .text.USBD_Init
                0x000000000800374a       0x56 Middlewares/ST/STM32_USB_Device_Library/Core/Src/usbd_core.o
                0x000000000800374a                USBD_Init
 .text.USBD_RegisterClass
                0x00000000080037a0       0x32 Middlewares/ST/STM32_USB_Device_Library/Core/Src/usbd_core.o
                0x00000000080037a0                USBD_RegisterClass
 .text.USBD_Start
                0x00000000080037d2       0x18 Middlewares/ST/STM32_USB_Device_Library/Core/Src/usbd_core.o
                0x00000000080037d2                USBD_Start
 .text.USBD_RunTestMode
                0x00000000080037ea       0x14 Middlewares/ST/STM32_USB_Device_Library/Core/Src/usbd_core.o
                0x00000000080037ea                USBD_RunTestMode
 .text.USBD_SetClassConfig
                0x00000000080037fe       0x3e Middlewares/ST/STM32_USB_Device_Library/Core/Src/usbd_core.o
                0x00000000080037fe                USBD_SetClassConfig
 .text.USBD_ClrClassConfig
                0x000000000800383c       0x26 Middlewares/ST/STM32_USB_Device_Library/Core/Src/usbd_core.o
                0x000000000800383c                USBD_ClrClassConfig
 .text.USBD_LL_SetupStage
                0x0000000008003862       0x96 Middlewares/ST/STM32_USB_Device_Library/Core/Src/usbd_core.o
                0x0000000008003862                USBD_LL_SetupStage
 .text.USBD_LL_DataOutStage
                0x00000000080038f8       0xe2 Middlewares/ST/STM32_USB_Device_Library/Core/Src/usbd_core.o
                0x00000000080038f8                USBD_LL_DataOutStage
 .text.USBD_LL_DataInStage
                0x00000000080039da      0x14a Middlewares/ST/STM32_USB_Device_Library/Core/Src/usbd_core.o
                0x00000000080039da                USBD_LL_DataInStage
 .text.USBD_LL_Reset
                0x0000000008003b24       0x82 Middlewares/ST/STM32_USB_Device_Library/Core/Src/usbd_core.o
                0x0000000008003b24                USBD_LL_Reset
 .text.USBD_LL_SetSpeed
                0x0000000008003ba6       0x1e Middlewares/ST/STM32_USB_Device_Library/Core/Src/usbd_core.o
                0x0000000008003ba6                USBD_LL_SetSpeed
 .text.USBD_LL_Suspend
                0x0000000008003bc4       0x28 Middlewares/ST/STM32_USB_Device_Library/Core/Src/usbd_core.o
                0x0000000008003bc4                USBD_LL_Suspend
 .text.USBD_LL_Resume
                0x0000000008003bec       0x2a Middlewares/ST/STM32_USB_Device_Library/Core/Src/usbd_core.o
                0x0000000008003bec                USBD_LL_Resume
 .text.USBD_LL_SOF
                0x0000000008003c16       0x34 Middlewares/ST/STM32_USB_Device_Library/Core/Src/usbd_core.o
                0x0000000008003c16                USBD_LL_SOF
 *fill*         0x0000000008003c4a        0x2 
 .text.USBD_StdDevReq
                0x0000000008003c4c       0xd4 Middlewares/ST/STM32_USB_Device_Library/Core/Src/usbd_ctlreq.o
                0x0000000008003c4c                USBD_StdDevReq
 .text.USBD_StdItfReq
                0x0000000008003d20       0x8c Middlewares/ST/STM32_USB_Device_Library/Core/Src/usbd_ctlreq.o
                0x0000000008003d20                USBD_StdItfReq
 .text.USBD_StdEPReq
                0x0000000008003dac      0x2ba Middlewares/ST/STM32_USB_Device_Library/Core/Src/usbd_ctlreq.o
                0x0000000008003dac                USBD_StdEPReq
 *fill*         0x0000000008004066        0x2 
 .text.USBD_GetDescriptor
                0x0000000008004068      0x2d0 Middlewares/ST/STM32_USB_Device_Library/Core/Src/usbd_ctlreq.o
 .text.USBD_SetAddress
                0x0000000008004338       0x84 Middlewares/ST/STM32_USB_Device_Library/Core/Src/usbd_ctlreq.o
 .text.USBD_SetConfig
                0x00000000080043bc      0x11c Middlewares/ST/STM32_USB_Device_Library/Core/Src/usbd_ctlreq.o
 .text.USBD_GetConfig
                0x00000000080044d8       0x68 Middlewares/ST/STM32_USB_Device_Library/Core/Src/usbd_ctlreq.o
 .text.USBD_GetStatus
                0x0000000008004540       0x66 Middlewares/ST/STM32_USB_Device_Library/Core/Src/usbd_ctlreq.o
 .text.USBD_SetFeature
                0x00000000080045a6       0x28 Middlewares/ST/STM32_USB_Device_Library/Core/Src/usbd_ctlreq.o
 .text.USBD_ClrFeature
                0x00000000080045ce       0x42 Middlewares/ST/STM32_USB_Device_Library/Core/Src/usbd_ctlreq.o
 .text.USBD_ParseSetupRequest
                0x0000000008004610       0x78 Middlewares/ST/STM32_USB_Device_Library/Core/Src/usbd_ctlreq.o
                0x0000000008004610                USBD_ParseSetupRequest
 .text.USBD_CtlError
                0x0000000008004688       0x22 Middlewares/ST/STM32_USB_Device_Library/Core/Src/usbd_ctlreq.o
                0x0000000008004688                USBD_CtlError
 .text.USBD_GetString
                0x00000000080046aa       0x84 Middlewares/ST/STM32_USB_Device_Library/Core/Src/usbd_ctlreq.o
                0x00000000080046aa                USBD_GetString
 .text.USBD_GetLen
                0x000000000800472e       0x2e Middlewares/ST/STM32_USB_Device_Library/Core/Src/usbd_ctlreq.o
 .text.USBD_CtlSendData
                0x000000000800475c       0x38 Middlewares/ST/STM32_USB_Device_Library/Core/Src/usbd_ioreq.o
                0x000000000800475c                USBD_CtlSendData
 .text.USBD_CtlContinueSendData
                0x0000000008004794       0x24 Middlewares/ST/STM32_USB_Device_Library/Core/Src/usbd_ioreq.o
                0x0000000008004794                USBD_CtlContinueSendData
 .text.USBD_CtlPrepareRx
                0x00000000080047b8       0x3c Middlewares/ST/STM32_USB_Device_Library/Core/Src/usbd_ioreq.o
                0x00000000080047b8                USBD_CtlPrepareRx
 .text.USBD_CtlContinueRx
                0x00000000080047f4       0x24 Middlewares/ST/STM32_USB_Device_Library/Core/Src/usbd_ioreq.o
                0x00000000080047f4                USBD_CtlContinueRx
 .text.USBD_CtlSendStatus
                0x0000000008004818       0x26 Middlewares/ST/STM32_USB_Device_Library/Core/Src/usbd_ioreq.o
                0x0000000008004818                USBD_CtlSendStatus
 .text.USBD_CtlReceiveStatus
                0x000000000800483e       0x26 Middlewares/ST/STM32_USB_Device_Library/Core/Src/usbd_ioreq.o
                0x000000000800483e                USBD_CtlReceiveStatus
 .text.MX_USB_DEVICE_Init
                0x0000000008004864       0x60 USB_DEVICE/App/usb_device.o
                0x0000000008004864                MX_USB_DEVICE_Init
 .text.CDC_Init_FS
                0x00000000080048c4       0x28 USB_DEVICE/App/usbd_cdc_if.o
 .text.CDC_DeInit_FS
                0x00000000080048ec        0xe USB_DEVICE/App/usbd_cdc_if.o
 *fill*         0x00000000080048fa        0x2 
 .text.CDC_Control_FS
                0x00000000080048fc       0xbc USB_DEVICE/App/usbd_cdc_if.o
 .text.CDC_Receive_FS
                0x00000000080049b8       0x28 USB_DEVICE/App/usbd_cdc_if.o
 .text.CDC_Transmit_FS
                0x00000000080049e0       0x4c USB_DEVICE/App/usbd_cdc_if.o
                0x00000000080049e0                CDC_Transmit_FS
 .text.USBD_FS_DeviceDescriptor
                0x0000000008004a2c       0x24 USB_DEVICE/App/usbd_desc.o
                0x0000000008004a2c                USBD_FS_DeviceDescriptor
 .text.USBD_FS_LangIDStrDescriptor
                0x0000000008004a50       0x24 USB_DEVICE/App/usbd_desc.o
                0x0000000008004a50                USBD_FS_LangIDStrDescriptor
 .text.USBD_FS_ProductStrDescriptor
                0x0000000008004a74       0x3c USB_DEVICE/App/usbd_desc.o
                0x0000000008004a74                USBD_FS_ProductStrDescriptor
 .text.USBD_FS_ManufacturerStrDescriptor
                0x0000000008004ab0       0x28 USB_DEVICE/App/usbd_desc.o
                0x0000000008004ab0                USBD_FS_ManufacturerStrDescriptor
 .text.USBD_FS_SerialStrDescriptor
                0x0000000008004ad8       0x24 USB_DEVICE/App/usbd_desc.o
                0x0000000008004ad8                USBD_FS_SerialStrDescriptor
 .text.USBD_FS_ConfigStrDescriptor
                0x0000000008004afc       0x3c USB_DEVICE/App/usbd_desc.o
                0x0000000008004afc                USBD_FS_ConfigStrDescriptor
 .text.USBD_FS_InterfaceStrDescriptor
                0x0000000008004b38       0x3c USB_DEVICE/App/usbd_desc.o
                0x0000000008004b38                USBD_FS_InterfaceStrDescriptor
 .text.Get_SerialNum
                0x0000000008004b74       0x58 USB_DEVICE/App/usbd_desc.o
 .text.IntToUnicode
                0x0000000008004bcc       0x7a USB_DEVICE/App/usbd_desc.o
 *fill*         0x0000000008004c46        0x2 
 .text.HAL_PCD_MspInit
                0x0000000008004c48       0x4c USB_DEVICE/Target/usbd_conf.o
                0x0000000008004c48                HAL_PCD_MspInit
 .text.HAL_PCD_SetupStageCallback
                0x0000000008004c94       0x24 USB_DEVICE/Target/usbd_conf.o
                0x0000000008004c94                HAL_PCD_SetupStageCallback
 .text.HAL_PCD_DataOutStageCallback
                0x0000000008004cb8       0x30 USB_DEVICE/Target/usbd_conf.o
                0x0000000008004cb8                HAL_PCD_DataOutStageCallback
 .text.HAL_PCD_DataInStageCallback
                0x0000000008004ce8       0x2e USB_DEVICE/Target/usbd_conf.o
                0x0000000008004ce8                HAL_PCD_DataInStageCallback
 .text.HAL_PCD_SOFCallback
                0x0000000008004d16       0x1c USB_DEVICE/Target/usbd_conf.o
                0x0000000008004d16                HAL_PCD_SOFCallback
 .text.HAL_PCD_ResetCallback
                0x0000000008004d32       0x3c USB_DEVICE/Target/usbd_conf.o
                0x0000000008004d32                HAL_PCD_ResetCallback
 *fill*         0x0000000008004d6e        0x2 
 .text.HAL_PCD_SuspendCallback
                0x0000000008004d70       0x34 USB_DEVICE/Target/usbd_conf.o
                0x0000000008004d70                HAL_PCD_SuspendCallback
 .text.HAL_PCD_ResumeCallback
                0x0000000008004da4       0x1c USB_DEVICE/Target/usbd_conf.o
                0x0000000008004da4                HAL_PCD_ResumeCallback
 .text.USBD_LL_Init
                0x0000000008004dc0       0xb4 USB_DEVICE/Target/usbd_conf.o
                0x0000000008004dc0                USBD_LL_Init
 .text.USBD_LL_Start
                0x0000000008004e74       0x36 USB_DEVICE/Target/usbd_conf.o
                0x0000000008004e74                USBD_LL_Start
 .text.USBD_LL_OpenEP
                0x0000000008004eaa       0x4c USB_DEVICE/Target/usbd_conf.o
                0x0000000008004eaa                USBD_LL_OpenEP
 .text.USBD_LL_CloseEP
                0x0000000008004ef6       0x3e USB_DEVICE/Target/usbd_conf.o
                0x0000000008004ef6                USBD_LL_CloseEP
 .text.USBD_LL_StallEP
                0x0000000008004f34       0x3e USB_DEVICE/Target/usbd_conf.o
                0x0000000008004f34                USBD_LL_StallEP
 .text.USBD_LL_ClearStallEP
                0x0000000008004f72       0x3e USB_DEVICE/Target/usbd_conf.o
                0x0000000008004f72                USBD_LL_ClearStallEP
 .text.USBD_LL_IsStallEP
                0x0000000008004fb0       0x4a USB_DEVICE/Target/usbd_conf.o
                0x0000000008004fb0                USBD_LL_IsStallEP
 .text.USBD_LL_SetUSBAddress
                0x0000000008004ffa       0x3e USB_DEVICE/Target/usbd_conf.o
                0x0000000008004ffa                USBD_LL_SetUSBAddress
 .text.USBD_LL_Transmit
                0x0000000008005038       0x46 USB_DEVICE/Target/usbd_conf.o
                0x0000000008005038                USBD_LL_Transmit
 .text.USBD_LL_PrepareReceive
                0x000000000800507e       0x46 USB_DEVICE/Target/usbd_conf.o
                0x000000000800507e                USBD_LL_PrepareReceive
 .text.USBD_LL_GetRxDataSize
                0x00000000080050c4       0x26 USB_DEVICE/Target/usbd_conf.o
                0x00000000080050c4                USBD_LL_GetRxDataSize
 *fill*         0x00000000080050ea        0x2 
 .text.USBD_static_malloc
                0x00000000080050ec       0x18 USB_DEVICE/Target/usbd_conf.o
                0x00000000080050ec                USBD_static_malloc
 .text.USBD_static_free
                0x0000000008005104       0x12 USB_DEVICE/Target/usbd_conf.o
                0x0000000008005104                USBD_static_free
 .text.HAL_PCDEx_SetConnectionState
                0x0000000008005116       0x16 USB_DEVICE/Target/usbd_conf.o
                0x0000000008005116                HAL_PCDEx_SetConnectionState
 .text.USBD_Get_USB_Status
                0x000000000800512c       0x58 USB_DEVICE/Target/usbd_conf.o
 .text.__errno  0x0000000008005184        0xc c:/st/stm32cubeide_1.1.0/stm32cubeide/plugins/com.st.stm32cube.ide.mcu.externaltools.gnu-tools-for-stm32.7-2018-q2-update.win32_1.0.0.201904181610/tools/bin/../lib/gcc/arm-none-eabi/7.3.1/../../../../arm-none-eabi/lib/thumb/v7-m\libc_nano.a(lib_a-errno.o)
                0x0000000008005184                __errno
 .text.__libc_init_array
                0x0000000008005190       0x48 c:/st/stm32cubeide_1.1.0/stm32cubeide/plugins/com.st.stm32cube.ide.mcu.externaltools.gnu-tools-for-stm32.7-2018-q2-update.win32_1.0.0.201904181610/tools/bin/../lib/gcc/arm-none-eabi/7.3.1/../../../../arm-none-eabi/lib/thumb/v7-m\libc_nano.a(lib_a-init.o)
                0x0000000008005190                __libc_init_array
 .text.memset   0x00000000080051d8       0x10 c:/st/stm32cubeide_1.1.0/stm32cubeide/plugins/com.st.stm32cube.ide.mcu.externaltools.gnu-tools-for-stm32.7-2018-q2-update.win32_1.0.0.201904181610/tools/bin/../lib/gcc/arm-none-eabi/7.3.1/../../../../arm-none-eabi/lib/thumb/v7-m\libc_nano.a(lib_a-memset.o)
                0x00000000080051d8                memset
 .text.snprintf
                0x00000000080051e8       0x68 c:/st/stm32cubeide_1.1.0/stm32cubeide/plugins/com.st.stm32cube.ide.mcu.externaltools.gnu-tools-for-stm32.7-2018-q2-update.win32_1.0.0.201904181610/tools/bin/../lib/gcc/arm-none-eabi/7.3.1/../../../../arm-none-eabi/lib/thumb/v7-m\libc_nano.a(lib_a-snprintf.o)
                0x00000000080051e8                sniprintf
                0x00000000080051e8                snprintf
 .text.__ssputs_r
                0x0000000008005250       0xb4 c:/st/stm32cubeide_1.1.0/stm32cubeide/plugins/com.st.stm32cube.ide.mcu.externaltools.gnu-tools-for-stm32.7-2018-q2-update.win32_1.0.0.201904181610/tools/bin/../lib/gcc/arm-none-eabi/7.3.1/../../../../arm-none-eabi/lib/thumb/v7-m\libc_nano.a(lib_a-nano-svfprintf.o)
                0x0000000008005250                __ssputs_r
 .text._svfprintf_r
                0x0000000008005304      0x1f0 c:/st/stm32cubeide_1.1.0/stm32cubeide/plugins/com.st.stm32cube.ide.mcu.externaltools.gnu-tools-for-stm32.7-2018-q2-update.win32_1.0.0.201904181610/tools/bin/../lib/gcc/arm-none-eabi/7.3.1/../../../../arm-none-eabi/lib/thumb/v7-m\libc_nano.a(lib_a-nano-svfprintf.o)
                0x0000000008005304                _svfiprintf_r
                0x0000000008005304                _svfprintf_r
 .text._printf_common
                0x00000000080054f4       0xec c:/st/stm32cubeide_1.1.0/stm32cubeide/plugins/com.st.stm32cube.ide.mcu.externaltools.gnu-tools-for-stm32.7-2018-q2-update.win32_1.0.0.201904181610/tools/bin/../lib/gcc/arm-none-eabi/7.3.1/../../../../arm-none-eabi/lib/thumb/v7-m\libc_nano.a(lib_a-nano-vfprintf_i.o)
                0x00000000080054f4                _printf_common
 .text._printf_i
                0x00000000080055e0      0x224 c:/st/stm32cubeide_1.1.0/stm32cubeide/plugins/com.st.stm32cube.ide.mcu.externaltools.gnu-tools-for-stm32.7-2018-q2-update.win32_1.0.0.201904181610/tools/bin/../lib/gcc/arm-none-eabi/7.3.1/../../../../arm-none-eabi/lib/thumb/v7-m\libc_nano.a(lib_a-nano-vfprintf_i.o)
                0x00000000080055e0                _printf_i
 .text.memchr   0x0000000008005804       0x1c c:/st/stm32cubeide_1.1.0/stm32cubeide/plugins/com.st.stm32cube.ide.mcu.externaltools.gnu-tools-for-stm32.7-2018-q2-update.win32_1.0.0.201904181610/tools/bin/../lib/gcc/arm-none-eabi/7.3.1/../../../../arm-none-eabi/lib/thumb/v7-m\libc_nano.a(lib_a-memchr-stub.o)
                0x0000000008005804                memchr
 .text.memcpy   0x0000000008005820       0x16 c:/st/stm32cubeide_1.1.0/stm32cubeide/plugins/com.st.stm32cube.ide.mcu.externaltools.gnu-tools-for-stm32.7-2018-q2-update.win32_1.0.0.201904181610/tools/bin/../lib/gcc/arm-none-eabi/7.3.1/../../../../arm-none-eabi/lib/thumb/v7-m\libc_nano.a(lib_a-memcpy-stub.o)
                0x0000000008005820                memcpy
 .text.memmove  0x0000000008005836       0x32 c:/st/stm32cubeide_1.1.0/stm32cubeide/plugins/com.st.stm32cube.ide.mcu.externaltools.gnu-tools-for-stm32.7-2018-q2-update.win32_1.0.0.201904181610/tools/bin/../lib/gcc/arm-none-eabi/7.3.1/../../../../arm-none-eabi/lib/thumb/v7-m\libc_nano.a(lib_a-memmove.o)
                0x0000000008005836                memmove
 .text._free_r  0x0000000008005868       0x98 c:/st/stm32cubeide_1.1.0/stm32cubeide/plugins/com.st.stm32cube.ide.mcu.externaltools.gnu-tools-for-stm32.7-2018-q2-update.win32_1.0.0.201904181610/tools/bin/../lib/gcc/arm-none-eabi/7.3.1/../../../../arm-none-eabi/lib/thumb/v7-m\libc_nano.a(lib_a-nano-freer.o)
                0x0000000008005868                _free_r
 .text._malloc_r
                0x0000000008005900       0xb4 c:/st/stm32cubeide_1.1.0/stm32cubeide/plugins/com.st.stm32cube.ide.mcu.externaltools.gnu-tools-for-stm32.7-2018-q2-update.win32_1.0.0.201904181610/tools/bin/../lib/gcc/arm-none-eabi/7.3.1/../../../../arm-none-eabi/lib/thumb/v7-m\libc_nano.a(lib_a-nano-mallocr.o)
                0x0000000008005900                _malloc_r
 .text._realloc_r
                0x00000000080059b4       0x4c c:/st/stm32cubeide_1.1.0/stm32cubeide/plugins/com.st.stm32cube.ide.mcu.externaltools.gnu-tools-for-stm32.7-2018-q2-update.win32_1.0.0.201904181610/tools/bin/../lib/gcc/arm-none-eabi/7.3.1/../../../../arm-none-eabi/lib/thumb/v7-m\libc_nano.a(lib_a-nano-reallocr.o)
                0x00000000080059b4                _realloc_r
 .text._sbrk_r  0x0000000008005a00       0x20 c:/st/stm32cubeide_1.1.0/stm32cubeide/plugins/com.st.stm32cube.ide.mcu.externaltools.gnu-tools-for-stm32.7-2018-q2-update.win32_1.0.0.201904181610/tools/bin/../lib/gcc/arm-none-eabi/7.3.1/../../../../arm-none-eabi/lib/thumb/v7-m\libc_nano.a(lib_a-sbrkr.o)
                0x0000000008005a00                _sbrk_r
 .text.__malloc_lock
                0x0000000008005a20        0x2 c:/st/stm32cubeide_1.1.0/stm32cubeide/plugins/com.st.stm32cube.ide.mcu.externaltools.gnu-tools-for-stm32.7-2018-q2-update.win32_1.0.0.201904181610/tools/bin/../lib/gcc/arm-none-eabi/7.3.1/../../../../arm-none-eabi/lib/thumb/v7-m\libc_nano.a(lib_a-mlock.o)
                0x0000000008005a20                __malloc_lock
 .text.__malloc_unlock
                0x0000000008005a22        0x2 c:/st/stm32cubeide_1.1.0/stm32cubeide/plugins/com.st.stm32cube.ide.mcu.externaltools.gnu-tools-for-stm32.7-2018-q2-update.win32_1.0.0.201904181610/tools/bin/../lib/gcc/arm-none-eabi/7.3.1/../../../../arm-none-eabi/lib/thumb/v7-m\libc_nano.a(lib_a-mlock.o)
                0x0000000008005a22                __malloc_unlock
 .text._malloc_usable_size_r
                0x0000000008005a24       0x10 c:/st/stm32cubeide_1.1.0/stm32cubeide/plugins/com.st.stm32cube.ide.mcu.externaltools.gnu-tools-for-stm32.7-2018-q2-update.win32_1.0.0.201904181610/tools/bin/../lib/gcc/arm-none-eabi/7.3.1/../../../../arm-none-eabi/lib/thumb/v7-m\libc_nano.a(lib_a-nano-msizer.o)
                0x0000000008005a24                _malloc_usable_size_r
 *(.glue_7)
 .glue_7        0x0000000008005a34        0x0 linker stubs
 *(.glue_7t)
 .glue_7t       0x0000000008005a34        0x0 linker stubs
 *(.eh_frame)
 .eh_frame      0x0000000008005a34        0x0 c:/st/stm32cubeide_1.1.0/stm32cubeide/plugins/com.st.stm32cube.ide.mcu.externaltools.gnu-tools-for-stm32.7-2018-q2-update.win32_1.0.0.201904181610/tools/bin/../lib/gcc/arm-none-eabi/7.3.1/thumb/v7-m/crtbegin.o
 *(.init)
 .init          0x0000000008005a34        0x4 c:/st/stm32cubeide_1.1.0/stm32cubeide/plugins/com.st.stm32cube.ide.mcu.externaltools.gnu-tools-for-stm32.7-2018-q2-update.win32_1.0.0.201904181610/tools/bin/../lib/gcc/arm-none-eabi/7.3.1/thumb/v7-m/crti.o
                0x0000000008005a34                _init
 .init          0x0000000008005a38        0x8 c:/st/stm32cubeide_1.1.0/stm32cubeide/plugins/com.st.stm32cube.ide.mcu.externaltools.gnu-tools-for-stm32.7-2018-q2-update.win32_1.0.0.201904181610/tools/bin/../lib/gcc/arm-none-eabi/7.3.1/thumb/v7-m/crtn.o
 *(.fini)
 .fini          0x0000000008005a40        0x4 c:/st/stm32cubeide_1.1.0/stm32cubeide/plugins/com.st.stm32cube.ide.mcu.externaltools.gnu-tools-for-stm32.7-2018-q2-update.win32_1.0.0.201904181610/tools/bin/../lib/gcc/arm-none-eabi/7.3.1/thumb/v7-m/crti.o
                0x0000000008005a40                _fini
 .fini          0x0000000008005a44        0x8 c:/st/stm32cubeide_1.1.0/stm32cubeide/plugins/com.st.stm32cube.ide.mcu.externaltools.gnu-tools-for-stm32.7-2018-q2-update.win32_1.0.0.201904181610/tools/bin/../lib/gcc/arm-none-eabi/7.3.1/thumb/v7-m/crtn.o
                0x0000000008005a4c                . = ALIGN (0x4)
                0x0000000008005a4c                _etext = .

.vfp11_veneer   0x0000000008005a4c        0x0
 .vfp11_veneer  0x0000000008005a4c        0x0 linker stubs

.v4_bx          0x0000000008005a4c        0x0
 .v4_bx         0x0000000008005a4c        0x0 linker stubs

.iplt           0x0000000008005a4c        0x0
 .iplt          0x0000000008005a4c        0x0 c:/st/stm32cubeide_1.1.0/stm32cubeide/plugins/com.st.stm32cube.ide.mcu.externaltools.gnu-tools-for-stm32.7-2018-q2-update.win32_1.0.0.201904181610/tools/bin/../lib/gcc/arm-none-eabi/7.3.1/thumb/v7-m/crtbegin.o

.rodata         0x0000000008005a4c       0xb4
                0x0000000008005a4c                . = ALIGN (0x4)
 *(.rodata)
 .rodata        0x0000000008005a4c       0x13 Core/Src/main.o
 *fill*         0x0000000008005a5f        0x1 
 .rodata        0x0000000008005a60       0x12 Drivers/STM32F1xx_HAL_Driver/Src/stm32f1xx_hal_rcc.o
 *fill*         0x0000000008005a72        0x2 
 .rodata        0x0000000008005a74       0x46 USB_DEVICE/App/usbd_desc.o
 *(.rodata*)
 *fill*         0x0000000008005aba        0x2 
 .rodata.AHBPrescTable
                0x0000000008005abc       0x10 Core/Src/system_stm32f1xx.o
                0x0000000008005abc                AHBPrescTable
 .rodata._svfprintf_r.str1.1
                0x0000000008005acc       0x11 c:/st/stm32cubeide_1.1.0/stm32cubeide/plugins/com.st.stm32cube.ide.mcu.externaltools.gnu-tools-for-stm32.7-2018-q2-update.win32_1.0.0.201904181610/tools/bin/../lib/gcc/arm-none-eabi/7.3.1/../../../../arm-none-eabi/lib/thumb/v7-m\libc_nano.a(lib_a-nano-svfprintf.o)
 .rodata._printf_i.str1.1
                0x0000000008005add       0x22 c:/st/stm32cubeide_1.1.0/stm32cubeide/plugins/com.st.stm32cube.ide.mcu.externaltools.gnu-tools-for-stm32.7-2018-q2-update.win32_1.0.0.201904181610/tools/bin/../lib/gcc/arm-none-eabi/7.3.1/../../../../arm-none-eabi/lib/thumb/v7-m\libc_nano.a(lib_a-nano-vfprintf_i.o)
                0x0000000008005b00                . = ALIGN (0x4)
 *fill*         0x0000000008005aff        0x1 

.rel.dyn        0x0000000008005b00        0x0
 .rel.iplt      0x0000000008005b00        0x0 c:/st/stm32cubeide_1.1.0/stm32cubeide/plugins/com.st.stm32cube.ide.mcu.externaltools.gnu-tools-for-stm32.7-2018-q2-update.win32_1.0.0.201904181610/tools/bin/../lib/gcc/arm-none-eabi/7.3.1/thumb/v7-m/crtbegin.o

.ARM.extab      0x0000000008005b00        0x0
                0x0000000008005b00                . = ALIGN (0x4)
 *(.ARM.extab* .gnu.linkonce.armextab.*)
                0x0000000008005b00                . = ALIGN (0x4)

.ARM            0x0000000008005b00        0x0
                0x0000000008005b00                . = ALIGN (0x4)
                0x0000000008005b00                __exidx_start = .
 *(.ARM.exidx*)
                0x0000000008005b00                __exidx_end = .
                0x0000000008005b00                . = ALIGN (0x4)

.preinit_array  0x0000000008005b00        0x0
                0x0000000008005b00                . = ALIGN (0x4)
                0x0000000008005b00                PROVIDE (__preinit_array_start = .)
 *(.preinit_array*)
                0x0000000008005b00                PROVIDE (__preinit_array_end = .)
                0x0000000008005b00                . = ALIGN (0x4)

.init_array     0x0000000008005b00        0x4
                0x0000000008005b00                . = ALIGN (0x4)
                0x0000000008005b00                PROVIDE (__init_array_start = .)
 *(SORT_BY_NAME(.init_array.*))
 *(.init_array*)
 .init_array    0x0000000008005b00        0x4 c:/st/stm32cubeide_1.1.0/stm32cubeide/plugins/com.st.stm32cube.ide.mcu.externaltools.gnu-tools-for-stm32.7-2018-q2-update.win32_1.0.0.201904181610/tools/bin/../lib/gcc/arm-none-eabi/7.3.1/thumb/v7-m/crtbegin.o
                0x0000000008005b04                PROVIDE (__init_array_end = .)
                0x0000000008005b04                . = ALIGN (0x4)

.fini_array     0x0000000008005b04        0x4
                0x0000000008005b04                . = ALIGN (0x4)
                [!provide]                        PROVIDE (__fini_array_start = .)
 *(SORT_BY_NAME(.fini_array.*))
 *(.fini_array*)
 .fini_array    0x0000000008005b04        0x4 c:/st/stm32cubeide_1.1.0/stm32cubeide/plugins/com.st.stm32cube.ide.mcu.externaltools.gnu-tools-for-stm32.7-2018-q2-update.win32_1.0.0.201904181610/tools/bin/../lib/gcc/arm-none-eabi/7.3.1/thumb/v7-m/crtbegin.o
                [!provide]                        PROVIDE (__fini_array_end = .)
                0x0000000008005b08                . = ALIGN (0x4)
                0x0000000008005b08                _sidata = LOADADDR (.data)

.data           0x0000000020000000      0x1e4 load address 0x0000000008005b08
                0x0000000020000000                . = ALIGN (0x4)
                0x0000000020000000                _sdata = .
 *(.data)
 *(.data*)
 .data.s        0x0000000020000000        0x4 Core/Src/main.o
                0x0000000020000000                s
 .data.SystemCoreClock
                0x0000000020000004        0x4 Core/Src/system_stm32f1xx.o
                0x0000000020000004                SystemCoreClock
 .data.uwTickPrio
                0x0000000020000008        0x4 Drivers/STM32F1xx_HAL_Driver/Src/stm32f1xx_hal.o
                0x0000000020000008                uwTickPrio
 .data.uwTickFreq
                0x000000002000000c        0x1 Drivers/STM32F1xx_HAL_Driver/Src/stm32f1xx_hal.o
                0x000000002000000c                uwTickFreq
 *fill*         0x000000002000000d        0x3 
 .data.USBD_CDC_DeviceQualifierDesc
                0x0000000020000010        0xa Middlewares/ST/STM32_USB_Device_Library/Class/CDC/Src/usbd_cdc.o
 *fill*         0x000000002000001a        0x2 
 .data.USBD_CDC
                0x000000002000001c       0x38 Middlewares/ST/STM32_USB_Device_Library/Class/CDC/Src/usbd_cdc.o
                0x000000002000001c                USBD_CDC
 .data.USBD_CDC_CfgHSDesc
                0x0000000020000054       0x43 Middlewares/ST/STM32_USB_Device_Library/Class/CDC/Src/usbd_cdc.o
                0x0000000020000054                USBD_CDC_CfgHSDesc
 *fill*         0x0000000020000097        0x1 
 .data.USBD_CDC_CfgFSDesc
                0x0000000020000098       0x43 Middlewares/ST/STM32_USB_Device_Library/Class/CDC/Src/usbd_cdc.o
                0x0000000020000098                USBD_CDC_CfgFSDesc
 *fill*         0x00000000200000db        0x1 
 .data.USBD_CDC_OtherSpeedCfgDesc
                0x00000000200000dc       0x43 Middlewares/ST/STM32_USB_Device_Library/Class/CDC/Src/usbd_cdc.o
                0x00000000200000dc                USBD_CDC_OtherSpeedCfgDesc
 *fill*         0x000000002000011f        0x1 
 .data.USBD_Interface_fops_FS
                0x0000000020000120       0x10 USB_DEVICE/App/usbd_cdc_if.o
                0x0000000020000120                USBD_Interface_fops_FS
 .data.FS_Desc  0x0000000020000130       0x1c USB_DEVICE/App/usbd_desc.o
                0x0000000020000130                FS_Desc
 .data.USBD_FS_DeviceDesc
                0x000000002000014c       0x12 USB_DEVICE/App/usbd_desc.o
                0x000000002000014c                USBD_FS_DeviceDesc
 *fill*         0x000000002000015e        0x2 
 .data.USBD_LangIDDesc
                0x0000000020000160        0x4 USB_DEVICE/App/usbd_desc.o
                0x0000000020000160                USBD_LangIDDesc
 .data.USBD_StringSerial
                0x0000000020000164       0x1a USB_DEVICE/App/usbd_desc.o
                0x0000000020000164                USBD_StringSerial
 *fill*         0x000000002000017e        0x2 
 .data._impure_ptr
                0x0000000020000180        0x4 c:/st/stm32cubeide_1.1.0/stm32cubeide/plugins/com.st.stm32cube.ide.mcu.externaltools.gnu-tools-for-stm32.7-2018-q2-update.win32_1.0.0.201904181610/tools/bin/../lib/gcc/arm-none-eabi/7.3.1/../../../../arm-none-eabi/lib/thumb/v7-m\libc_nano.a(lib_a-impure.o)
                0x0000000020000180                _impure_ptr
 .data.impure_data
                0x0000000020000184       0x60 c:/st/stm32cubeide_1.1.0/stm32cubeide/plugins/com.st.stm32cube.ide.mcu.externaltools.gnu-tools-for-stm32.7-2018-q2-update.win32_1.0.0.201904181610/tools/bin/../lib/gcc/arm-none-eabi/7.3.1/../../../../arm-none-eabi/lib/thumb/v7-m\libc_nano.a(lib_a-impure.o)
                0x00000000200001e4                . = ALIGN (0x4)
                0x00000000200001e4                _edata = .

.igot.plt       0x00000000200001e4        0x0 load address 0x0000000008005cec
 .igot.plt      0x00000000200001e4        0x0 c:/st/stm32cubeide_1.1.0/stm32cubeide/plugins/com.st.stm32cube.ide.mcu.externaltools.gnu-tools-for-stm32.7-2018-q2-update.win32_1.0.0.201904181610/tools/bin/../lib/gcc/arm-none-eabi/7.3.1/thumb/v7-m/crtbegin.o
                0x00000000200001e4                . = ALIGN (0x4)

.bss            0x00000000200001e4      0x914 load address 0x0000000008005cec
                0x00000000200001e4                _sbss = .
                0x00000000200001e4                __bss_start__ = _sbss
 *(.bss)
 .bss           0x00000000200001e4       0x1c c:/st/stm32cubeide_1.1.0/stm32cubeide/plugins/com.st.stm32cube.ide.mcu.externaltools.gnu-tools-for-stm32.7-2018-q2-update.win32_1.0.0.201904181610/tools/bin/../lib/gcc/arm-none-eabi/7.3.1/thumb/v7-m/crtbegin.o
 *(.bss*)
 .bss.heap_end.5149
                0x0000000020000200        0x4 Core/Src/sysmem.o
 .bss.cfgidx.7624
                0x0000000020000204        0x1 Middlewares/ST/STM32_USB_Device_Library/Core/Src/usbd_ctlreq.o
 *fill*         0x0000000020000205        0x3 
 .bss.mem.7689  0x0000000020000208      0x220 USB_DEVICE/Target/usbd_conf.o
 .bss.__malloc_free_list
                0x0000000020000428        0x4 c:/st/stm32cubeide_1.1.0/stm32cubeide/plugins/com.st.stm32cube.ide.mcu.externaltools.gnu-tools-for-stm32.7-2018-q2-update.win32_1.0.0.201904181610/tools/bin/../lib/gcc/arm-none-eabi/7.3.1/../../../../arm-none-eabi/lib/thumb/v7-m\libc_nano.a(lib_a-nano-mallocr.o)
                0x0000000020000428                __malloc_free_list
 .bss.__malloc_sbrk_start
                0x000000002000042c        0x4 c:/st/stm32cubeide_1.1.0/stm32cubeide/plugins/com.st.stm32cube.ide.mcu.externaltools.gnu-tools-for-stm32.7-2018-q2-update.win32_1.0.0.201904181610/tools/bin/../lib/gcc/arm-none-eabi/7.3.1/../../../../arm-none-eabi/lib/thumb/v7-m\libc_nano.a(lib_a-nano-mallocr.o)
                0x000000002000042c                __malloc_sbrk_start
 *(COMMON)
 COMMON         0x0000000020000430        0xf Core/Src/main.o
                0x0000000020000430                tx
 *fill*         0x000000002000043f        0x1 
 COMMON         0x0000000020000440        0x4 Drivers/STM32F1xx_HAL_Driver/Src/stm32f1xx_hal.o
                0x0000000020000440                uwTick
 COMMON         0x0000000020000444      0x2c4 USB_DEVICE/App/usb_device.o
                0x0000000020000444                hUsbDeviceFS
 COMMON         0x0000000020000708       0x80 USB_DEVICE/App/usbd_cdc_if.o
                0x0000000020000708                UserRxBufferFS
                0x0000000020000748                UserTxBufferFS
 COMMON         0x0000000020000788      0x100 USB_DEVICE/App/usbd_desc.o
                0x0000000020000788                USBD_StrDesc
 COMMON         0x0000000020000888      0x26c USB_DEVICE/Target/usbd_conf.o
                0x0000000020000888                hpcd_USB_FS
 COMMON         0x0000000020000af4        0x4 c:/st/stm32cubeide_1.1.0/stm32cubeide/plugins/com.st.stm32cube.ide.mcu.externaltools.gnu-tools-for-stm32.7-2018-q2-update.win32_1.0.0.201904181610/tools/bin/../lib/gcc/arm-none-eabi/7.3.1/../../../../arm-none-eabi/lib/thumb/v7-m\libc_nano.a(lib_a-reent.o)
                0x0000000020000af4                errno
                0x0000000020000af8                . = ALIGN (0x4)
                0x0000000020000af8                _ebss = .
                0x0000000020000af8                __bss_end__ = _ebss

._user_heap_stack
                0x0000000020000af8      0x600 load address 0x0000000008005cec
                0x0000000020000af8                . = ALIGN (0x8)
                0x0000000020000af8                PROVIDE (end = .)
                [!provide]                        PROVIDE (_end = .)
                0x0000000020000cf8                . = (. + _Min_Heap_Size)
 *fill*         0x0000000020000af8      0x200 
                0x00000000200010f8                . = (. + _Min_Stack_Size)
 *fill*         0x0000000020000cf8      0x400 
                0x00000000200010f8                . = ALIGN (0x8)

/DISCARD/
 libc.a(*)
 libm.a(*)
 libgcc.a(*)

.ARM.attributes
                0x0000000000000000       0x29
 *(.ARM.attributes)
 .ARM.attributes
                0x0000000000000000       0x1d c:/st/stm32cubeide_1.1.0/stm32cubeide/plugins/com.st.stm32cube.ide.mcu.externaltools.gnu-tools-for-stm32.7-2018-q2-update.win32_1.0.0.201904181610/tools/bin/../lib/gcc/arm-none-eabi/7.3.1/thumb/v7-m/crti.o
 .ARM.attributes
                0x000000000000001d       0x2d c:/st/stm32cubeide_1.1.0/stm32cubeide/plugins/com.st.stm32cube.ide.mcu.externaltools.gnu-tools-for-stm32.7-2018-q2-update.win32_1.0.0.201904181610/tools/bin/../lib/gcc/arm-none-eabi/7.3.1/thumb/v7-m/crtbegin.o
 .ARM.attributes
                0x000000000000004a       0x33 Core/Src/gpio.o
 .ARM.attributes
                0x000000000000007d       0x33 Core/Src/main.o
 .ARM.attributes
                0x00000000000000b0       0x33 Core/Src/stm32f1xx_hal_msp.o
 .ARM.attributes
                0x00000000000000e3       0x33 Core/Src/stm32f1xx_it.o
 .ARM.attributes
                0x0000000000000116       0x33 Core/Src/sysmem.o
 .ARM.attributes
                0x0000000000000149       0x33 Core/Src/system_stm32f1xx.o
 .ARM.attributes
                0x000000000000017c       0x21 Core/Startup/startup_stm32f103c8tx.o
 .ARM.attributes
                0x000000000000019d       0x33 Drivers/STM32F1xx_HAL_Driver/Src/stm32f1xx_hal.o
 .ARM.attributes
                0x00000000000001d0       0x33 Drivers/STM32F1xx_HAL_Driver/Src/stm32f1xx_hal_cortex.o
 .ARM.attributes
                0x0000000000000203       0x33 Drivers/STM32F1xx_HAL_Driver/Src/stm32f1xx_hal_pcd.o
 .ARM.attributes
                0x0000000000000236       0x33 Drivers/STM32F1xx_HAL_Driver/Src/stm32f1xx_hal_pcd_ex.o
 .ARM.attributes
                0x0000000000000269       0x33 Drivers/STM32F1xx_HAL_Driver/Src/stm32f1xx_hal_rcc.o
 .ARM.attributes
                0x000000000000029c       0x33 Drivers/STM32F1xx_HAL_Driver/Src/stm32f1xx_hal_rcc_ex.o
 .ARM.attributes
                0x00000000000002cf       0x33 Drivers/STM32F1xx_HAL_Driver/Src/stm32f1xx_ll_usb.o
 .ARM.attributes
                0x0000000000000302       0x33 Middlewares/ST/STM32_USB_Device_Library/Class/CDC/Src/usbd_cdc.o
 .ARM.attributes
                0x0000000000000335       0x33 Middlewares/ST/STM32_USB_Device_Library/Core/Src/usbd_core.o
 .ARM.attributes
                0x0000000000000368       0x33 Middlewares/ST/STM32_USB_Device_Library/Core/Src/usbd_ctlreq.o
 .ARM.attributes
                0x000000000000039b       0x33 Middlewares/ST/STM32_USB_Device_Library/Core/Src/usbd_ioreq.o
 .ARM.attributes
                0x00000000000003ce       0x33 USB_DEVICE/App/usb_device.o
 .ARM.attributes
                0x0000000000000401       0x33 USB_DEVICE/App/usbd_cdc_if.o
 .ARM.attributes
                0x0000000000000434       0x33 USB_DEVICE/App/usbd_desc.o
 .ARM.attributes
                0x0000000000000467       0x33 USB_DEVICE/Target/usbd_conf.o
 .ARM.attributes
                0x000000000000049a       0x2d c:/st/stm32cubeide_1.1.0/stm32cubeide/plugins/com.st.stm32cube.ide.mcu.externaltools.gnu-tools-for-stm32.7-2018-q2-update.win32_1.0.0.201904181610/tools/bin/../lib/gcc/arm-none-eabi/7.3.1/../../../../arm-none-eabi/lib/thumb/v7-m\libc_nano.a(lib_a-errno.o)
 .ARM.attributes
                0x00000000000004c7       0x2d c:/st/stm32cubeide_1.1.0/stm32cubeide/plugins/com.st.stm32cube.ide.mcu.externaltools.gnu-tools-for-stm32.7-2018-q2-update.win32_1.0.0.201904181610/tools/bin/../lib/gcc/arm-none-eabi/7.3.1/../../../../arm-none-eabi/lib/thumb/v7-m\libc_nano.a(lib_a-impure.o)
 .ARM.attributes
                0x00000000000004f4       0x2d c:/st/stm32cubeide_1.1.0/stm32cubeide/plugins/com.st.stm32cube.ide.mcu.externaltools.gnu-tools-for-stm32.7-2018-q2-update.win32_1.0.0.201904181610/tools/bin/../lib/gcc/arm-none-eabi/7.3.1/../../../../arm-none-eabi/lib/thumb/v7-m\libc_nano.a(lib_a-init.o)
 .ARM.attributes
                0x0000000000000521       0x2d c:/st/stm32cubeide_1.1.0/stm32cubeide/plugins/com.st.stm32cube.ide.mcu.externaltools.gnu-tools-for-stm32.7-2018-q2-update.win32_1.0.0.201904181610/tools/bin/../lib/gcc/arm-none-eabi/7.3.1/../../../../arm-none-eabi/lib/thumb/v7-m\libc_nano.a(lib_a-memset.o)
 .ARM.attributes
                0x000000000000054e       0x2d c:/st/stm32cubeide_1.1.0/stm32cubeide/plugins/com.st.stm32cube.ide.mcu.externaltools.gnu-tools-for-stm32.7-2018-q2-update.win32_1.0.0.201904181610/tools/bin/../lib/gcc/arm-none-eabi/7.3.1/../../../../arm-none-eabi/lib/thumb/v7-m\libc_nano.a(lib_a-snprintf.o)
 .ARM.attributes
                0x000000000000057b       0x17 c:/st/stm32cubeide_1.1.0/stm32cubeide/plugins/com.st.stm32cube.ide.mcu.externaltools.gnu-tools-for-stm32.7-2018-q2-update.win32_1.0.0.201904181610/tools/bin/../lib/gcc/arm-none-eabi/7.3.1/../../../../arm-none-eabi/lib/thumb/v7-m\libc_nano.a(lib_a-strlen.o)
 .ARM.attributes
                0x0000000000000592       0x2d c:/st/stm32cubeide_1.1.0/stm32cubeide/plugins/com.st.stm32cube.ide.mcu.externaltools.gnu-tools-for-stm32.7-2018-q2-update.win32_1.0.0.201904181610/tools/bin/../lib/gcc/arm-none-eabi/7.3.1/../../../../arm-none-eabi/lib/thumb/v7-m\libc_nano.a(lib_a-nano-svfprintf.o)
 .ARM.attributes
                0x00000000000005bf       0x2d c:/st/stm32cubeide_1.1.0/stm32cubeide/plugins/com.st.stm32cube.ide.mcu.externaltools.gnu-tools-for-stm32.7-2018-q2-update.win32_1.0.0.201904181610/tools/bin/../lib/gcc/arm-none-eabi/7.3.1/../../../../arm-none-eabi/lib/thumb/v7-m\libc_nano.a(lib_a-nano-vfprintf_i.o)
 .ARM.attributes
                0x00000000000005ec       0x2d c:/st/stm32cubeide_1.1.0/stm32cubeide/plugins/com.st.stm32cube.ide.mcu.externaltools.gnu-tools-for-stm32.7-2018-q2-update.win32_1.0.0.201904181610/tools/bin/../lib/gcc/arm-none-eabi/7.3.1/../../../../arm-none-eabi/lib/thumb/v7-m\libc_nano.a(lib_a-memchr-stub.o)
 .ARM.attributes
                0x0000000000000619       0x2d c:/st/stm32cubeide_1.1.0/stm32cubeide/plugins/com.st.stm32cube.ide.mcu.externaltools.gnu-tools-for-stm32.7-2018-q2-update.win32_1.0.0.201904181610/tools/bin/../lib/gcc/arm-none-eabi/7.3.1/../../../../arm-none-eabi/lib/thumb/v7-m\libc_nano.a(lib_a-memcpy-stub.o)
 .ARM.attributes
                0x0000000000000646       0x2d c:/st/stm32cubeide_1.1.0/stm32cubeide/plugins/com.st.stm32cube.ide.mcu.externaltools.gnu-tools-for-stm32.7-2018-q2-update.win32_1.0.0.201904181610/tools/bin/../lib/gcc/arm-none-eabi/7.3.1/../../../../arm-none-eabi/lib/thumb/v7-m\libc_nano.a(lib_a-memmove.o)
 .ARM.attributes
                0x0000000000000673       0x2d c:/st/stm32cubeide_1.1.0/stm32cubeide/plugins/com.st.stm32cube.ide.mcu.externaltools.gnu-tools-for-stm32.7-2018-q2-update.win32_1.0.0.201904181610/tools/bin/../lib/gcc/arm-none-eabi/7.3.1/../../../../arm-none-eabi/lib/thumb/v7-m\libc_nano.a(lib_a-nano-freer.o)
 .ARM.attributes
                0x00000000000006a0       0x2d c:/st/stm32cubeide_1.1.0/stm32cubeide/plugins/com.st.stm32cube.ide.mcu.externaltools.gnu-tools-for-stm32.7-2018-q2-update.win32_1.0.0.201904181610/tools/bin/../lib/gcc/arm-none-eabi/7.3.1/../../../../arm-none-eabi/lib/thumb/v7-m\libc_nano.a(lib_a-nano-mallocr.o)
 .ARM.attributes
                0x00000000000006cd       0x2d c:/st/stm32cubeide_1.1.0/stm32cubeide/plugins/com.st.stm32cube.ide.mcu.externaltools.gnu-tools-for-stm32.7-2018-q2-update.win32_1.0.0.201904181610/tools/bin/../lib/gcc/arm-none-eabi/7.3.1/../../../../arm-none-eabi/lib/thumb/v7-m\libc_nano.a(lib_a-nano-reallocr.o)
 .ARM.attributes
                0x00000000000006fa       0x2d c:/st/stm32cubeide_1.1.0/stm32cubeide/plugins/com.st.stm32cube.ide.mcu.externaltools.gnu-tools-for-stm32.7-2018-q2-update.win32_1.0.0.201904181610/tools/bin/../lib/gcc/arm-none-eabi/7.3.1/../../../../arm-none-eabi/lib/thumb/v7-m\libc_nano.a(lib_a-sbrkr.o)
 .ARM.attributes
                0x0000000000000727       0x2d c:/st/stm32cubeide_1.1.0/stm32cubeide/plugins/com.st.stm32cube.ide.mcu.externaltools.gnu-tools-for-stm32.7-2018-q2-update.win32_1.0.0.201904181610/tools/bin/../lib/gcc/arm-none-eabi/7.3.1/../../../../arm-none-eabi/lib/thumb/v7-m\libc_nano.a(lib_a-mlock.o)
 .ARM.attributes
                0x0000000000000754       0x2d c:/st/stm32cubeide_1.1.0/stm32cubeide/plugins/com.st.stm32cube.ide.mcu.externaltools.gnu-tools-for-stm32.7-2018-q2-update.win32_1.0.0.201904181610/tools/bin/../lib/gcc/arm-none-eabi/7.3.1/../../../../arm-none-eabi/lib/thumb/v7-m\libc_nano.a(lib_a-nano-msizer.o)
 .ARM.attributes
                0x0000000000000781       0x2d c:/st/stm32cubeide_1.1.0/stm32cubeide/plugins/com.st.stm32cube.ide.mcu.externaltools.gnu-tools-for-stm32.7-2018-q2-update.win32_1.0.0.201904181610/tools/bin/../lib/gcc/arm-none-eabi/7.3.1/../../../../arm-none-eabi/lib/thumb/v7-m\libc_nano.a(lib_a-reent.o)
 .ARM.attributes
                0x00000000000007ae       0x1d c:/st/stm32cubeide_1.1.0/stm32cubeide/plugins/com.st.stm32cube.ide.mcu.externaltools.gnu-tools-for-stm32.7-2018-q2-update.win32_1.0.0.201904181610/tools/bin/../lib/gcc/arm-none-eabi/7.3.1/thumb/v7-m/crtn.o
OUTPUT(1.USB_RS232.elf elf32-littlearm)

.debug_info     0x0000000000000000    0x10501
 .debug_info    0x0000000000000000      0x243 Core/Src/gpio.o
 .debug_info    0x0000000000000243     0x1017 Core/Src/main.o
 .debug_info    0x000000000000125a      0x2cb Core/Src/stm32f1xx_hal_msp.o
 .debug_info    0x0000000000001525      0x681 Core/Src/stm32f1xx_it.o
 .debug_info    0x0000000000001ba6      0x91c Core/Src/sysmem.o
 .debug_info    0x00000000000024c2      0x433 Core/Src/system_stm32f1xx.o
 .debug_info    0x00000000000028f5       0x22 Core/Startup/startup_stm32f103c8tx.o
 .debug_info    0x0000000000002917      0x6fe Drivers/STM32F1xx_HAL_Driver/Src/stm32f1xx_hal.o
 .debug_info    0x0000000000003015      0xb46 Drivers/STM32F1xx_HAL_Driver/Src/stm32f1xx_hal_cortex.o
 .debug_info    0x0000000000003b5b      0xe38 Drivers/STM32F1xx_HAL_Driver/Src/stm32f1xx_hal_pcd.o
 .debug_info    0x0000000000004993      0x760 Drivers/STM32F1xx_HAL_Driver/Src/stm32f1xx_hal_pcd_ex.o
 .debug_info    0x00000000000050f3      0x804 Drivers/STM32F1xx_HAL_Driver/Src/stm32f1xx_hal_rcc.o
 .debug_info    0x00000000000058f7      0x439 Drivers/STM32F1xx_HAL_Driver/Src/stm32f1xx_hal_rcc_ex.o
 .debug_info    0x0000000000005d30     0x14f9 Drivers/STM32F1xx_HAL_Driver/Src/stm32f1xx_ll_usb.o
 .debug_info    0x0000000000007229     0x1791 Middlewares/ST/STM32_USB_Device_Library/Class/CDC/Src/usbd_cdc.o
 .debug_info    0x00000000000089ba     0x11c2 Middlewares/ST/STM32_USB_Device_Library/Core/Src/usbd_core.o
 .debug_info    0x0000000000009b7c     0x1132 Middlewares/ST/STM32_USB_Device_Library/Core/Src/usbd_ctlreq.o
 .debug_info    0x000000000000acae      0xf23 Middlewares/ST/STM32_USB_Device_Library/Core/Src/usbd_ioreq.o
 .debug_info    0x000000000000bbd1      0xe6b USB_DEVICE/App/usb_device.o
 .debug_info    0x000000000000ca3c     0x102a USB_DEVICE/App/usbd_cdc_if.o
 .debug_info    0x000000000000da66      0xd06 USB_DEVICE/App/usbd_desc.o
 .debug_info    0x000000000000e76c     0x1d95 USB_DEVICE/Target/usbd_conf.o

.debug_abbrev   0x0000000000000000     0x29cd
 .debug_abbrev  0x0000000000000000      0x109 Core/Src/gpio.o
 .debug_abbrev  0x0000000000000109      0x20e Core/Src/main.o
 .debug_abbrev  0x0000000000000317      0x109 Core/Src/stm32f1xx_hal_msp.o
 .debug_abbrev  0x0000000000000420      0x155 Core/Src/stm32f1xx_it.o
 .debug_abbrev  0x0000000000000575      0x1bb Core/Src/sysmem.o
 .debug_abbrev  0x0000000000000730      0x134 Core/Src/system_stm32f1xx.o
 .debug_abbrev  0x0000000000000864       0x12 Core/Startup/startup_stm32f103c8tx.o
 .debug_abbrev  0x0000000000000876      0x1d8 Drivers/STM32F1xx_HAL_Driver/Src/stm32f1xx_hal.o
 .debug_abbrev  0x0000000000000a4e      0x2d5 Drivers/STM32F1xx_HAL_Driver/Src/stm32f1xx_hal_cortex.o
 .debug_abbrev  0x0000000000000d23      0x263 Drivers/STM32F1xx_HAL_Driver/Src/stm32f1xx_hal_pcd.o
 .debug_abbrev  0x0000000000000f86      0x188 Drivers/STM32F1xx_HAL_Driver/Src/stm32f1xx_hal_pcd_ex.o
 .debug_abbrev  0x000000000000110e      0x243 Drivers/STM32F1xx_HAL_Driver/Src/stm32f1xx_hal_rcc.o
 .debug_abbrev  0x0000000000001351      0x175 Drivers/STM32F1xx_HAL_Driver/Src/stm32f1xx_hal_rcc_ex.o
 .debug_abbrev  0x00000000000014c6      0x1c5 Drivers/STM32F1xx_HAL_Driver/Src/stm32f1xx_ll_usb.o
 .debug_abbrev  0x000000000000168b      0x2b6 Middlewares/ST/STM32_USB_Device_Library/Class/CDC/Src/usbd_cdc.o
 .debug_abbrev  0x0000000000001941      0x270 Middlewares/ST/STM32_USB_Device_Library/Core/Src/usbd_core.o
 .debug_abbrev  0x0000000000001bb1      0x2a0 Middlewares/ST/STM32_USB_Device_Library/Core/Src/usbd_ctlreq.o
 .debug_abbrev  0x0000000000001e51      0x1e0 Middlewares/ST/STM32_USB_Device_Library/Core/Src/usbd_ioreq.o
 .debug_abbrev  0x0000000000002031      0x1be USB_DEVICE/App/usb_device.o
 .debug_abbrev  0x00000000000021ef      0x27c USB_DEVICE/App/usbd_cdc_if.o
 .debug_abbrev  0x000000000000246b      0x287 USB_DEVICE/App/usbd_desc.o
 .debug_abbrev  0x00000000000026f2      0x2db USB_DEVICE/Target/usbd_conf.o

.debug_aranges  0x0000000000000000      0xa40
 .debug_aranges
                0x0000000000000000       0x20 Core/Src/gpio.o
 .debug_aranges
                0x0000000000000020       0x30 Core/Src/main.o
 .debug_aranges
                0x0000000000000050       0x20 Core/Src/stm32f1xx_hal_msp.o
 .debug_aranges
                0x0000000000000070       0x68 Core/Src/stm32f1xx_it.o
 .debug_aranges
                0x00000000000000d8       0x20 Core/Src/sysmem.o
 .debug_aranges
                0x00000000000000f8       0x28 Core/Src/system_stm32f1xx.o
 .debug_aranges
                0x0000000000000120       0x28 Core/Startup/startup_stm32f103c8tx.o
 .debug_aranges
                0x0000000000000148       0xe0 Drivers/STM32F1xx_HAL_Driver/Src/stm32f1xx_hal.o
 .debug_aranges
                0x0000000000000228      0x100 Drivers/STM32F1xx_HAL_Driver/Src/stm32f1xx_hal_cortex.o
 .debug_aranges
                0x0000000000000328      0x120 Drivers/STM32F1xx_HAL_Driver/Src/stm32f1xx_hal_pcd.o
 .debug_aranges
                0x0000000000000448       0x38 Drivers/STM32F1xx_HAL_Driver/Src/stm32f1xx_hal_pcd_ex.o
 .debug_aranges
                0x0000000000000480       0x90 Drivers/STM32F1xx_HAL_Driver/Src/stm32f1xx_hal_rcc.o
 .debug_aranges
                0x0000000000000510       0x30 Drivers/STM32F1xx_HAL_Driver/Src/stm32f1xx_hal_rcc_ex.o
 .debug_aranges
                0x0000000000000540      0x108 Drivers/STM32F1xx_HAL_Driver/Src/stm32f1xx_ll_usb.o
 .debug_aranges
                0x0000000000000648       0x90 Middlewares/ST/STM32_USB_Device_Library/Class/CDC/Src/usbd_cdc.o
 .debug_aranges
                0x00000000000006d8       0xb8 Middlewares/ST/STM32_USB_Device_Library/Core/Src/usbd_core.o
 .debug_aranges
                0x0000000000000790       0x88 Middlewares/ST/STM32_USB_Device_Library/Core/Src/usbd_ctlreq.o
 .debug_aranges
                0x0000000000000818       0x50 Middlewares/ST/STM32_USB_Device_Library/Core/Src/usbd_ioreq.o
 .debug_aranges
                0x0000000000000868       0x20 USB_DEVICE/App/usb_device.o
 .debug_aranges
                0x0000000000000888       0x40 USB_DEVICE/App/usbd_cdc_if.o
 .debug_aranges
                0x00000000000008c8       0x60 USB_DEVICE/App/usbd_desc.o
 .debug_aranges
                0x0000000000000928      0x118 USB_DEVICE/Target/usbd_conf.o

.debug_ranges   0x0000000000000000      0x8e8
 .debug_ranges  0x0000000000000000       0x10 Core/Src/gpio.o
 .debug_ranges  0x0000000000000010       0x20 Core/Src/main.o
 .debug_ranges  0x0000000000000030       0x10 Core/Src/stm32f1xx_hal_msp.o
 .debug_ranges  0x0000000000000040       0x58 Core/Src/stm32f1xx_it.o
 .debug_ranges  0x0000000000000098       0x10 Core/Src/sysmem.o
 .debug_ranges  0x00000000000000a8       0x18 Core/Src/system_stm32f1xx.o
 .debug_ranges  0x00000000000000c0       0x20 Core/Startup/startup_stm32f103c8tx.o
 .debug_ranges  0x00000000000000e0       0xd0 Drivers/STM32F1xx_HAL_Driver/Src/stm32f1xx_hal.o
 .debug_ranges  0x00000000000001b0       0xf0 Drivers/STM32F1xx_HAL_Driver/Src/stm32f1xx_hal_cortex.o
 .debug_ranges  0x00000000000002a0      0x110 Drivers/STM32F1xx_HAL_Driver/Src/stm32f1xx_hal_pcd.o
 .debug_ranges  0x00000000000003b0       0x28 Drivers/STM32F1xx_HAL_Driver/Src/stm32f1xx_hal_pcd_ex.o
 .debug_ranges  0x00000000000003d8       0x80 Drivers/STM32F1xx_HAL_Driver/Src/stm32f1xx_hal_rcc.o
 .debug_ranges  0x0000000000000458       0x20 Drivers/STM32F1xx_HAL_Driver/Src/stm32f1xx_hal_rcc_ex.o
 .debug_ranges  0x0000000000000478       0xf8 Drivers/STM32F1xx_HAL_Driver/Src/stm32f1xx_ll_usb.o
 .debug_ranges  0x0000000000000570       0x80 Middlewares/ST/STM32_USB_Device_Library/Class/CDC/Src/usbd_cdc.o
 .debug_ranges  0x00000000000005f0       0xa8 Middlewares/ST/STM32_USB_Device_Library/Core/Src/usbd_core.o
 .debug_ranges  0x0000000000000698       0x78 Middlewares/ST/STM32_USB_Device_Library/Core/Src/usbd_ctlreq.o
 .debug_ranges  0x0000000000000710       0x40 Middlewares/ST/STM32_USB_Device_Library/Core/Src/usbd_ioreq.o
 .debug_ranges  0x0000000000000750       0x10 USB_DEVICE/App/usb_device.o
 .debug_ranges  0x0000000000000760       0x30 USB_DEVICE/App/usbd_cdc_if.o
 .debug_ranges  0x0000000000000790       0x50 USB_DEVICE/App/usbd_desc.o
 .debug_ranges  0x00000000000007e0      0x108 USB_DEVICE/Target/usbd_conf.o

.debug_macro    0x0000000000000000    0x1640c
 .debug_macro   0x0000000000000000      0x1b3 Core/Src/gpio.o
 .debug_macro   0x00000000000001b3      0xa5a Core/Src/gpio.o
 .debug_macro   0x0000000000000c0d      0x215 Core/Src/gpio.o
 .debug_macro   0x0000000000000e22       0x2e Core/Src/gpio.o
 .debug_macro   0x0000000000000e50       0x22 Core/Src/gpio.o
 .debug_macro   0x0000000000000e72       0x22 Core/Src/gpio.o
 .debug_macro   0x0000000000000e94       0x8e Core/Src/gpio.o
 .debug_macro   0x0000000000000f22       0x51 Core/Src/gpio.o
 .debug_macro   0x0000000000000f73       0xef Core/Src/gpio.o
 .debug_macro   0x0000000000001062       0x6a Core/Src/gpio.o
 .debug_macro   0x00000000000010cc      0x1df Core/Src/gpio.o
 .debug_macro   0x00000000000012ab       0x1c Core/Src/gpio.o
 .debug_macro   0x00000000000012c7       0x22 Core/Src/gpio.o
 .debug_macro   0x00000000000012e9       0xc3 Core/Src/gpio.o
 .debug_macro   0x00000000000013ac      0xd23 Core/Src/gpio.o
 .debug_macro   0x00000000000020cf     0xe09e Core/Src/gpio.o
 .debug_macro   0x000000000001016d       0x43 Core/Src/gpio.o
 .debug_macro   0x00000000000101b0      0x174 Core/Src/gpio.o
 .debug_macro   0x0000000000010324       0x5a Core/Src/gpio.o
 .debug_macro   0x000000000001037e      0x5be Core/Src/gpio.o
 .debug_macro   0x000000000001093c      0x289 Core/Src/gpio.o
 .debug_macro   0x0000000000010bc5      0x1cb Core/Src/gpio.o
 .debug_macro   0x0000000000010d90      0x114 Core/Src/gpio.o
 .debug_macro   0x0000000000010ea4      0x1b2 Core/Src/gpio.o
 .debug_macro   0x0000000000011056       0x27 Core/Src/gpio.o
 .debug_macro   0x000000000001107d      0x136 Core/Src/gpio.o
 .debug_macro   0x00000000000111b3      0x1bc Core/Src/gpio.o
 .debug_macro   0x000000000001136f       0x34 Core/Src/gpio.o
 .debug_macro   0x00000000000113a3       0x3c Core/Src/gpio.o
 .debug_macro   0x00000000000113df       0x57 Core/Src/gpio.o
 .debug_macro   0x0000000000011436       0x88 Core/Src/gpio.o
 .debug_macro   0x00000000000114be      0x241 Core/Src/gpio.o
 .debug_macro   0x00000000000116ff      0x141 Core/Src/gpio.o
 .debug_macro   0x0000000000011840       0x65 Core/Src/gpio.o
 .debug_macro   0x00000000000118a5      0x249 Core/Src/gpio.o
 .debug_macro   0x0000000000011aee       0x83 Core/Src/gpio.o
 .debug_macro   0x0000000000011b71      0x3e4 Core/Src/main.o
 .debug_macro   0x0000000000011f55       0x46 Core/Src/main.o
 .debug_macro   0x0000000000011f9b       0x18 Core/Src/main.o
 .debug_macro   0x0000000000011fb3       0x3c Core/Src/main.o
 .debug_macro   0x0000000000011fef       0x34 Core/Src/main.o
 .debug_macro   0x0000000000012023       0x16 Core/Src/main.o
 .debug_macro   0x0000000000012039       0x35 Core/Src/main.o
 .debug_macro   0x000000000001206e      0x32a Core/Src/main.o
 .debug_macro   0x0000000000012398       0x10 Core/Src/main.o
 .debug_macro   0x00000000000123a8       0x52 Core/Src/main.o
 .debug_macro   0x00000000000123fa       0x1f Core/Src/main.o
 .debug_macro   0x0000000000012419       0x43 Core/Src/main.o
 .debug_macro   0x000000000001245c       0x20 Core/Src/main.o
 .debug_macro   0x000000000001247c      0x1a3 Core/Src/main.o
 .debug_macro   0x000000000001261f       0x10 Core/Src/main.o
 .debug_macro   0x000000000001262f       0x1c Core/Src/main.o
 .debug_macro   0x000000000001264b       0x52 Core/Src/main.o
 .debug_macro   0x000000000001269d       0x40 Core/Src/main.o
 .debug_macro   0x00000000000126dd       0x10 Core/Src/main.o
 .debug_macro   0x00000000000126ed       0x40 Core/Src/main.o
 .debug_macro   0x000000000001272d       0xd7 Core/Src/main.o
 .debug_macro   0x0000000000012804       0x1c Core/Src/main.o
 .debug_macro   0x0000000000012820       0x3d Core/Src/main.o
 .debug_macro   0x000000000001285d       0x16 Core/Src/main.o
 .debug_macro   0x0000000000012873      0x145 Core/Src/main.o
 .debug_macro   0x00000000000129b8       0x16 Core/Src/main.o
 .debug_macro   0x00000000000129ce       0x16 Core/Src/main.o
 .debug_macro   0x00000000000129e4       0x29 Core/Src/main.o
 .debug_macro   0x0000000000012a0d       0x16 Core/Src/main.o
 .debug_macro   0x0000000000012a23       0x20 Core/Src/main.o
 .debug_macro   0x0000000000012a43       0x60 Core/Src/main.o
 .debug_macro   0x0000000000012aa3      0x1c8 Core/Src/main.o
 .debug_macro   0x0000000000012c6b       0x8f Core/Src/main.o
 .debug_macro   0x0000000000012cfa      0x1a9 Core/Src/stm32f1xx_hal_msp.o
 .debug_macro   0x0000000000012ea3      0x1b3 Core/Src/stm32f1xx_it.o
 .debug_macro   0x0000000000013056      0x1ae Core/Src/sysmem.o
 .debug_macro   0x0000000000013204      0x23b Core/Src/sysmem.o
 .debug_macro   0x000000000001343f      0x1a5 Core/Src/system_stm32f1xx.o
 .debug_macro   0x00000000000135e4      0x1c3 Drivers/STM32F1xx_HAL_Driver/Src/stm32f1xx_hal.o
 .debug_macro   0x00000000000137a7      0x19f Drivers/STM32F1xx_HAL_Driver/Src/stm32f1xx_hal_cortex.o
 .debug_macro   0x0000000000013946      0x1ab Drivers/STM32F1xx_HAL_Driver/Src/stm32f1xx_hal_pcd.o
 .debug_macro   0x0000000000013af1      0x19f Drivers/STM32F1xx_HAL_Driver/Src/stm32f1xx_hal_pcd_ex.o
 .debug_macro   0x0000000000013c90      0x1b1 Drivers/STM32F1xx_HAL_Driver/Src/stm32f1xx_hal_rcc.o
 .debug_macro   0x0000000000013e41      0x19f Drivers/STM32F1xx_HAL_Driver/Src/stm32f1xx_hal_rcc_ex.o
 .debug_macro   0x0000000000013fe0      0x19f Drivers/STM32F1xx_HAL_Driver/Src/stm32f1xx_ll_usb.o
 .debug_macro   0x000000000001417f      0x3b6 Middlewares/ST/STM32_USB_Device_Library/Class/CDC/Src/usbd_cdc.o
 .debug_macro   0x0000000000014535       0x97 Middlewares/ST/STM32_USB_Device_Library/Class/CDC/Src/usbd_cdc.o
 .debug_macro   0x00000000000145cc       0xfd Middlewares/ST/STM32_USB_Device_Library/Class/CDC/Src/usbd_cdc.o
 .debug_macro   0x00000000000146c9       0xbd Middlewares/ST/STM32_USB_Device_Library/Class/CDC/Src/usbd_cdc.o
 .debug_macro   0x0000000000014786       0x54 Middlewares/ST/STM32_USB_Device_Library/Class/CDC/Src/usbd_cdc.o
 .debug_macro   0x00000000000147da      0x39d Middlewares/ST/STM32_USB_Device_Library/Core/Src/usbd_core.o
 .debug_macro   0x0000000000014b77      0x1ce Middlewares/ST/STM32_USB_Device_Library/Core/Src/usbd_core.o
 .debug_macro   0x0000000000014d45      0x3a7 Middlewares/ST/STM32_USB_Device_Library/Core/Src/usbd_ctlreq.o
 .debug_macro   0x00000000000150ec      0x3a3 Middlewares/ST/STM32_USB_Device_Library/Core/Src/usbd_ioreq.o
 .debug_macro   0x000000000001548f      0x3dd USB_DEVICE/App/usb_device.o
 .debug_macro   0x000000000001586c       0x22 USB_DEVICE/App/usb_device.o
 .debug_macro   0x000000000001588e      0x3c8 USB_DEVICE/App/usbd_cdc_if.o
 .debug_macro   0x0000000000015c56      0x3da USB_DEVICE/App/usbd_desc.o
 .debug_macro   0x0000000000016030       0x1c USB_DEVICE/App/usbd_desc.o
 .debug_macro   0x000000000001604c      0x3c0 USB_DEVICE/Target/usbd_conf.o

.debug_line     0x0000000000000000     0xba71
 .debug_line    0x0000000000000000      0x630 Core/Src/gpio.o
 .debug_line    0x0000000000000630      0x9bf Core/Src/main.o
 .debug_line    0x0000000000000fef      0x635 Core/Src/stm32f1xx_hal_msp.o
 .debug_line    0x0000000000001624      0x6eb Core/Src/stm32f1xx_it.o
 .debug_line    0x0000000000001d0f      0x55e Core/Src/sysmem.o
 .debug_line    0x000000000000226d      0x665 Core/Src/system_stm32f1xx.o
 .debug_line    0x00000000000028d2       0x84 Core/Startup/startup_stm32f103c8tx.o
 .debug_line    0x0000000000002956      0x80d Drivers/STM32F1xx_HAL_Driver/Src/stm32f1xx_hal.o
 .debug_line    0x0000000000003163      0x8e6 Drivers/STM32F1xx_HAL_Driver/Src/stm32f1xx_hal_cortex.o
 .debug_line    0x0000000000003a49      0xb00 Drivers/STM32F1xx_HAL_Driver/Src/stm32f1xx_hal_pcd.o
 .debug_line    0x0000000000004549      0x680 Drivers/STM32F1xx_HAL_Driver/Src/stm32f1xx_hal_pcd_ex.o
 .debug_line    0x0000000000004bc9      0x8cf Drivers/STM32F1xx_HAL_Driver/Src/stm32f1xx_hal_rcc.o
 .debug_line    0x0000000000005498      0x6ed Drivers/STM32F1xx_HAL_Driver/Src/stm32f1xx_hal_rcc_ex.o
 .debug_line    0x0000000000005b85      0xb19 Drivers/STM32F1xx_HAL_Driver/Src/stm32f1xx_ll_usb.o
 .debug_line    0x000000000000669e      0xaeb Middlewares/ST/STM32_USB_Device_Library/Class/CDC/Src/usbd_cdc.o
 .debug_line    0x0000000000007189      0xb26 Middlewares/ST/STM32_USB_Device_Library/Core/Src/usbd_core.o
 .debug_line    0x0000000000007caf      0xbaf Middlewares/ST/STM32_USB_Device_Library/Core/Src/usbd_ctlreq.o
 .debug_line    0x000000000000885e      0x98f Middlewares/ST/STM32_USB_Device_Library/Core/Src/usbd_ioreq.o
 .debug_line    0x00000000000091ed      0x971 USB_DEVICE/App/usb_device.o
 .debug_line    0x0000000000009b5e      0x9a4 USB_DEVICE/App/usbd_cdc_if.o
 .debug_line    0x000000000000a502      0x9c3 USB_DEVICE/App/usbd_desc.o
 .debug_line    0x000000000000aec5      0xbac USB_DEVICE/Target/usbd_conf.o

.debug_str      0x0000000000000000    0x6d0ec
 .debug_str     0x0000000000000000    0x653da Core/Src/gpio.o
                                      0x6568c (size before relaxing)
 .debug_str     0x00000000000653da     0x538f Core/Src/main.o
                                      0x6aafa (size before relaxing)
 .debug_str     0x000000000006a769       0x5a Core/Src/stm32f1xx_hal_msp.o
                                      0x656bc (size before relaxing)
 .debug_str     0x000000000006a7c3      0x3c5 Core/Src/stm32f1xx_it.o
                                      0x65a46 (size before relaxing)
 .debug_str     0x000000000006ab88      0x4d1 Core/Src/sysmem.o
                                       0x7ac6 (size before relaxing)
 .debug_str     0x000000000006b059       0xc2 Core/Src/system_stm32f1xx.o
                                      0x65723 (size before relaxing)
 .debug_str     0x000000000006b11b       0x36 Core/Startup/startup_stm32f103c8tx.o
                                         0x6b (size before relaxing)
 .debug_str     0x000000000006b151      0x61f Drivers/STM32F1xx_HAL_Driver/Src/stm32f1xx_hal.o
                                      0x65d34 (size before relaxing)
 .debug_str     0x000000000006b770      0x2a0 Drivers/STM32F1xx_HAL_Driver/Src/stm32f1xx_hal_cortex.o
                                      0x65d42 (size before relaxing)
 .debug_str     0x000000000006ba10      0x3af Drivers/STM32F1xx_HAL_Driver/Src/stm32f1xx_hal_pcd.o
                                      0x65d54 (size before relaxing)
 .debug_str     0x000000000006bdbf      0x18d Drivers/STM32F1xx_HAL_Driver/Src/stm32f1xx_hal_pcd_ex.o
                                      0x65b30 (size before relaxing)
 .debug_str     0x000000000006bf4c      0x290 Drivers/STM32F1xx_HAL_Driver/Src/stm32f1xx_hal_rcc.o
                                      0x65aa6 (size before relaxing)
 .debug_str     0x000000000006c1dc       0xb9 Drivers/STM32F1xx_HAL_Driver/Src/stm32f1xx_hal_rcc_ex.o
                                      0x65833 (size before relaxing)
 .debug_str     0x000000000006c295      0x309 Drivers/STM32F1xx_HAL_Driver/Src/stm32f1xx_ll_usb.o
                                      0x65b9a (size before relaxing)
 .debug_str     0x000000000006c59e      0x280 Middlewares/ST/STM32_USB_Device_Library/Class/CDC/Src/usbd_cdc.o
                                      0x6ae9c (size before relaxing)
 .debug_str     0x000000000006c81e      0x1b5 Middlewares/ST/STM32_USB_Device_Library/Core/Src/usbd_core.o
                                      0x6a7b0 (size before relaxing)
 .debug_str     0x000000000006c9d3      0x134 Middlewares/ST/STM32_USB_Device_Library/Core/Src/usbd_ctlreq.o
                                      0x6a736 (size before relaxing)
 .debug_str     0x000000000006cb07       0xc9 Middlewares/ST/STM32_USB_Device_Library/Core/Src/usbd_ioreq.o
                                      0x6a6be (size before relaxing)
 .debug_str     0x000000000006cbd0       0xc2 USB_DEVICE/App/usb_device.o
                                      0x6a9f9 (size before relaxing)
 .debug_str     0x000000000006cc92       0xae USB_DEVICE/App/usbd_cdc_if.o
                                      0x6aa59 (size before relaxing)
 .debug_str     0x000000000006cd40      0x258 USB_DEVICE/App/usbd_desc.o
                                      0x6a629 (size before relaxing)
 .debug_str     0x000000000006cf98      0x154 USB_DEVICE/Target/usbd_conf.o
                                      0x6b2c2 (size before relaxing)

.comment        0x0000000000000000       0x7b
 .comment       0x0000000000000000       0x7b Core/Src/gpio.o
                                         0x7c (size before relaxing)
 .comment       0x000000000000007b       0x7c Core/Src/main.o
 .comment       0x000000000000007b       0x7c Core/Src/stm32f1xx_hal_msp.o
 .comment       0x000000000000007b       0x7c Core/Src/stm32f1xx_it.o
 .comment       0x000000000000007b       0x7c Core/Src/sysmem.o
 .comment       0x000000000000007b       0x7c Core/Src/system_stm32f1xx.o
 .comment       0x000000000000007b       0x7c Drivers/STM32F1xx_HAL_Driver/Src/stm32f1xx_hal.o
 .comment       0x000000000000007b       0x7c Drivers/STM32F1xx_HAL_Driver/Src/stm32f1xx_hal_cortex.o
 .comment       0x000000000000007b       0x7c Drivers/STM32F1xx_HAL_Driver/Src/stm32f1xx_hal_pcd.o
 .comment       0x000000000000007b       0x7c Drivers/STM32F1xx_HAL_Driver/Src/stm32f1xx_hal_pcd_ex.o
 .comment       0x000000000000007b       0x7c Drivers/STM32F1xx_HAL_Driver/Src/stm32f1xx_hal_rcc.o
 .comment       0x000000000000007b       0x7c Drivers/STM32F1xx_HAL_Driver/Src/stm32f1xx_hal_rcc_ex.o
 .comment       0x000000000000007b       0x7c Drivers/STM32F1xx_HAL_Driver/Src/stm32f1xx_ll_usb.o
 .comment       0x000000000000007b       0x7c Middlewares/ST/STM32_USB_Device_Library/Class/CDC/Src/usbd_cdc.o
 .comment       0x000000000000007b       0x7c Middlewares/ST/STM32_USB_Device_Library/Core/Src/usbd_core.o
 .comment       0x000000000000007b       0x7c Middlewares/ST/STM32_USB_Device_Library/Core/Src/usbd_ctlreq.o
 .comment       0x000000000000007b       0x7c Middlewares/ST/STM32_USB_Device_Library/Core/Src/usbd_ioreq.o
 .comment       0x000000000000007b       0x7c USB_DEVICE/App/usb_device.o
 .comment       0x000000000000007b       0x7c USB_DEVICE/App/usbd_cdc_if.o
 .comment       0x000000000000007b       0x7c USB_DEVICE/App/usbd_desc.o
 .comment       0x000000000000007b       0x7c USB_DEVICE/Target/usbd_conf.o

.debug_frame    0x0000000000000000     0x2a34
 .debug_frame   0x0000000000000000       0x38 Core/Src/gpio.o
 .debug_frame   0x0000000000000038       0x70 Core/Src/main.o
 .debug_frame   0x00000000000000a8       0x38 Core/Src/stm32f1xx_hal_msp.o
 .debug_frame   0x00000000000000e0      0x124 Core/Src/stm32f1xx_it.o
 .debug_frame   0x0000000000000204       0x34 Core/Src/sysmem.o
 .debug_frame   0x0000000000000238       0x58 Core/Src/system_stm32f1xx.o
 .debug_frame   0x0000000000000290      0x334 Drivers/STM32F1xx_HAL_Driver/Src/stm32f1xx_hal.o
 .debug_frame   0x00000000000005c4      0x428 Drivers/STM32F1xx_HAL_Driver/Src/stm32f1xx_hal_cortex.o
 .debug_frame   0x00000000000009ec      0x500 Drivers/STM32F1xx_HAL_Driver/Src/stm32f1xx_hal_pcd.o
 .debug_frame   0x0000000000000eec       0xb0 Drivers/STM32F1xx_HAL_Driver/Src/stm32f1xx_hal_pcd_ex.o
 .debug_frame   0x0000000000000f9c      0x21c Drivers/STM32F1xx_HAL_Driver/Src/stm32f1xx_hal_rcc.o
 .debug_frame   0x00000000000011b8       0x84 Drivers/STM32F1xx_HAL_Driver/Src/stm32f1xx_hal_rcc_ex.o
 .debug_frame   0x000000000000123c      0x4d8 Drivers/STM32F1xx_HAL_Driver/Src/stm32f1xx_ll_usb.o
 .debug_frame   0x0000000000001714      0x248 Middlewares/ST/STM32_USB_Device_Library/Class/CDC/Src/usbd_cdc.o
 .debug_frame   0x000000000000195c      0x300 Middlewares/ST/STM32_USB_Device_Library/Core/Src/usbd_core.o
 .debug_frame   0x0000000000001c5c      0x218 Middlewares/ST/STM32_USB_Device_Library/Core/Src/usbd_ctlreq.o
 .debug_frame   0x0000000000001e74      0x10c Middlewares/ST/STM32_USB_Device_Library/Core/Src/usbd_ioreq.o
 .debug_frame   0x0000000000001f80       0x2c USB_DEVICE/App/usb_device.o
 .debug_frame   0x0000000000001fac       0xbc USB_DEVICE/App/usbd_cdc_if.o
 .debug_frame   0x0000000000002068      0x160 USB_DEVICE/App/usbd_desc.o
 .debug_frame   0x00000000000021c8      0x4a4 USB_DEVICE/Target/usbd_conf.o
 .debug_frame   0x000000000000266c       0x20 c:/st/stm32cubeide_1.1.0/stm32cubeide/plugins/com.st.stm32cube.ide.mcu.externaltools.gnu-tools-for-stm32.7-2018-q2-update.win32_1.0.0.201904181610/tools/bin/../lib/gcc/arm-none-eabi/7.3.1/../../../../arm-none-eabi/lib/thumb/v7-m\libc_nano.a(lib_a-errno.o)
 .debug_frame   0x000000000000268c       0x2c c:/st/stm32cubeide_1.1.0/stm32cubeide/plugins/com.st.stm32cube.ide.mcu.externaltools.gnu-tools-for-stm32.7-2018-q2-update.win32_1.0.0.201904181610/tools/bin/../lib/gcc/arm-none-eabi/7.3.1/../../../../arm-none-eabi/lib/thumb/v7-m\libc_nano.a(lib_a-init.o)
 .debug_frame   0x00000000000026b8       0x20 c:/st/stm32cubeide_1.1.0/stm32cubeide/plugins/com.st.stm32cube.ide.mcu.externaltools.gnu-tools-for-stm32.7-2018-q2-update.win32_1.0.0.201904181610/tools/bin/../lib/gcc/arm-none-eabi/7.3.1/../../../../arm-none-eabi/lib/thumb/v7-m\libc_nano.a(lib_a-memset.o)
 .debug_frame   0x00000000000026d8       0x7c c:/st/stm32cubeide_1.1.0/stm32cubeide/plugins/com.st.stm32cube.ide.mcu.externaltools.gnu-tools-for-stm32.7-2018-q2-update.win32_1.0.0.201904181610/tools/bin/../lib/gcc/arm-none-eabi/7.3.1/../../../../arm-none-eabi/lib/thumb/v7-m\libc_nano.a(lib_a-snprintf.o)
 .debug_frame   0x0000000000002754       0x90 c:/st/stm32cubeide_1.1.0/stm32cubeide/plugins/com.st.stm32cube.ide.mcu.externaltools.gnu-tools-for-stm32.7-2018-q2-update.win32_1.0.0.201904181610/tools/bin/../lib/gcc/arm-none-eabi/7.3.1/../../../../arm-none-eabi/lib/thumb/v7-m\libc_nano.a(lib_a-nano-svfprintf.o)
 .debug_frame   0x00000000000027e4       0x60 c:/st/stm32cubeide_1.1.0/stm32cubeide/plugins/com.st.stm32cube.ide.mcu.externaltools.gnu-tools-for-stm32.7-2018-q2-update.win32_1.0.0.201904181610/tools/bin/../lib/gcc/arm-none-eabi/7.3.1/../../../../arm-none-eabi/lib/thumb/v7-m\libc_nano.a(lib_a-nano-vfprintf_i.o)
 .debug_frame   0x0000000000002844       0x28 c:/st/stm32cubeide_1.1.0/stm32cubeide/plugins/com.st.stm32cube.ide.mcu.externaltools.gnu-tools-for-stm32.7-2018-q2-update.win32_1.0.0.201904181610/tools/bin/../lib/gcc/arm-none-eabi/7.3.1/../../../../arm-none-eabi/lib/thumb/v7-m\libc_nano.a(lib_a-memchr-stub.o)
 .debug_frame   0x000000000000286c       0x28 c:/st/stm32cubeide_1.1.0/stm32cubeide/plugins/com.st.stm32cube.ide.mcu.externaltools.gnu-tools-for-stm32.7-2018-q2-update.win32_1.0.0.201904181610/tools/bin/../lib/gcc/arm-none-eabi/7.3.1/../../../../arm-none-eabi/lib/thumb/v7-m\libc_nano.a(lib_a-memcpy-stub.o)
 .debug_frame   0x0000000000002894       0x28 c:/st/stm32cubeide_1.1.0/stm32cubeide/plugins/com.st.stm32cube.ide.mcu.externaltools.gnu-tools-for-stm32.7-2018-q2-update.win32_1.0.0.201904181610/tools/bin/../lib/gcc/arm-none-eabi/7.3.1/../../../../arm-none-eabi/lib/thumb/v7-m\libc_nano.a(lib_a-memmove.o)