Archive member included to satisfy reference by file (symbol)

c:/st/stm32cubeide_1.1.0/stm32cubeide/plugins/com.st.stm32cube.ide.mcu.externaltools.gnu-tools-for-stm32.7-2018-q2-update.win32_1.0.0.201904181610/tools/bin/../lib/gcc/arm-none-eabi/7.3.1/../../../../arm-none-eabi/lib/thumb/v7-m\libc_nano.a(lib_a-errno.o)
                              Core/Src/syscalls.o (__errno)
c:/st/stm32cubeide_1.1.0/stm32cubeide/plugins/com.st.stm32cube.ide.mcu.externaltools.gnu-tools-for-stm32.7-2018-q2-update.win32_1.0.0.201904181610/tools/bin/../lib/gcc/arm-none-eabi/7.3.1/../../../../arm-none-eabi/lib/thumb/v7-m\libc_nano.a(lib_a-exit.o)
                              c:/st/stm32cubeide_1.1.0/stm32cubeide/plugins/com.st.stm32cube.ide.mcu.externaltools.gnu-tools-for-stm32.7-2018-q2-update.win32_1.0.0.201904181610/tools/bin/../lib/gcc/arm-none-eabi/7.3.1/../../../../arm-none-eabi/lib/thumb/v7-m/crt0.o (exit)
c:/st/stm32cubeide_1.1.0/stm32cubeide/plugins/com.st.stm32cube.ide.mcu.externaltools.gnu-tools-for-stm32.7-2018-q2-update.win32_1.0.0.201904181610/tools/bin/../lib/gcc/arm-none-eabi/7.3.1/../../../../arm-none-eabi/lib/thumb/v7-m\libc_nano.a(lib_a-impure.o)
                              c:/st/stm32cubeide_1.1.0/stm32cubeide/plugins/com.st.stm32cube.ide.mcu.externaltools.gnu-tools-for-stm32.7-2018-q2-update.win32_1.0.0.201904181610/tools/bin/../lib/gcc/arm-none-eabi/7.3.1/../../../../arm-none-eabi/lib/thumb/v7-m\libc_nano.a(lib_a-exit.o) (_global_impure_ptr)
c:/st/stm32cubeide_1.1.0/stm32cubeide/plugins/com.st.stm32cube.ide.mcu.externaltools.gnu-tools-for-stm32.7-2018-q2-update.win32_1.0.0.201904181610/tools/bin/../lib/gcc/arm-none-eabi/7.3.1/../../../../arm-none-eabi/lib/thumb/v7-m\libc_nano.a(lib_a-init.o)
                              c:/st/stm32cubeide_1.1.0/stm32cubeide/plugins/com.st.stm32cube.ide.mcu.externaltools.gnu-tools-for-stm32.7-2018-q2-update.win32_1.0.0.201904181610/tools/bin/../lib/gcc/arm-none-eabi/7.3.1/../../../../arm-none-eabi/lib/thumb/v7-m/crt0.o (__libc_init_array)
c:/st/stm32cubeide_1.1.0/stm32cubeide/plugins/com.st.stm32cube.ide.mcu.externaltools.gnu-tools-for-stm32.7-2018-q2-update.win32_1.0.0.201904181610/tools/bin/../lib/gcc/arm-none-eabi/7.3.1/../../../../arm-none-eabi/lib/thumb/v7-m\libc_nano.a(lib_a-memset.o)
                              c:/st/stm32cubeide_1.1.0/stm32cubeide/plugins/com.st.stm32cube.ide.mcu.externaltools.gnu-tools-for-stm32.7-2018-q2-update.win32_1.0.0.201904181610/tools/bin/../lib/gcc/arm-none-eabi/7.3.1/../../../../arm-none-eabi/lib/thumb/v7-m/crt0.o (memset)
c:/st/stm32cubeide_1.1.0/stm32cubeide/plugins/com.st.stm32cube.ide.mcu.externaltools.gnu-tools-for-stm32.7-2018-q2-update.win32_1.0.0.201904181610/tools/bin/../lib/gcc/arm-none-eabi/7.3.1/../../../../arm-none-eabi/lib/thumb/v7-m\libc_nano.a(lib_a-snprintf.o)
                              USB_DEVICE/App/usbd_cdc_if.o (snprintf)
c:/st/stm32cubeide_1.1.0/stm32cubeide/plugins/com.st.stm32cube.ide.mcu.externaltools.gnu-tools-for-stm32.7-2018-q2-update.win32_1.0.0.201904181610/tools/bin/../lib/gcc/arm-none-eabi/7.3.1/../../../../arm-none-eabi/lib/thumb/v7-m\libc_nano.a(lib_a-vsprintf.o)
                              Drivers/oled/oled.o (vsprintf)
c:/st/stm32cubeide_1.1.0/stm32cubeide/plugins/com.st.stm32cube.ide.mcu.externaltools.gnu-tools-for-stm32.7-2018-q2-update.win32_1.0.0.201904181610/tools/bin/../lib/gcc/arm-none-eabi/7.3.1/../../../../arm-none-eabi/lib/thumb/v7-m\libc_nano.a(lib_a-nano-svfprintf.o)
                              c:/st/stm32cubeide_1.1.0/stm32cubeide/plugins/com.st.stm32cube.ide.mcu.externaltools.gnu-tools-for-stm32.7-2018-q2-update.win32_1.0.0.201904181610/tools/bin/../lib/gcc/arm-none-eabi/7.3.1/../../../../arm-none-eabi/lib/thumb/v7-m\libc_nano.a(lib_a-snprintf.o) (_svfprintf_r)
c:/st/stm32cubeide_1.1.0/stm32cubeide/plugins/com.st.stm32cube.ide.mcu.externaltools.gnu-tools-for-stm32.7-2018-q2-update.win32_1.0.0.201904181610/tools/bin/../lib/gcc/arm-none-eabi/7.3.1/../../../../arm-none-eabi/lib/thumb/v7-m\libc_nano.a(lib_a-nano-vfprintf_i.o)
                              c:/st/stm32cubeide_1.1.0/stm32cubeide/plugins/com.st.stm32cube.ide.mcu.externaltools.gnu-tools-for-stm32.7-2018-q2-update.win32_1.0.0.201904181610/tools/bin/../lib/gcc/arm-none-eabi/7.3.1/../../../../arm-none-eabi/lib/thumb/v7-m\libc_nano.a(lib_a-nano-svfprintf.o) (_printf_i)
c:/st/stm32cubeide_1.1.0/stm32cubeide/plugins/com.st.stm32cube.ide.mcu.externaltools.gnu-tools-for-stm32.7-2018-q2-update.win32_1.0.0.201904181610/tools/bin/../lib/gcc/arm-none-eabi/7.3.1/../../../../arm-none-eabi/lib/thumb/v7-m\libc_nano.a(lib_a-memchr-stub.o)
                              c:/st/stm32cubeide_1.1.0/stm32cubeide/plugins/com.st.stm32cube.ide.mcu.externaltools.gnu-tools-for-stm32.7-2018-q2-update.win32_1.0.0.201904181610/tools/bin/../lib/gcc/arm-none-eabi/7.3.1/../../../../arm-none-eabi/lib/thumb/v7-m\libc_nano.a(lib_a-nano-svfprintf.o) (memchr)
[...]
Memory Configuration

Name             Origin             Length             Attributes
RAM              0x0000000020000000 0x0000000000005000 xrw
FLASH            0x0000000008000000 0x0000000000010000 xr
*default*        0x0000000000000000 0xffffffffffffffff

Linker script and memory map

LOAD c:/st/stm32cubeide_1.1.0/stm32cubeide/plugins/com.st.stm32cube.ide.mcu.externaltools.gnu-tools-for-stm32.7-2018-q2-update.win32_1.0.0.201904181610/tools/bin/../lib/gcc/arm-none-eabi/7.3.1/thumb/v7-m/crti.o
LOAD c:/st/stm32cubeide_1.1.0/stm32cubeide/plugins/com.st.stm32cube.ide.mcu.externaltools.gnu-tools-for-stm32.7-2018-q2-update.win32_1.0.0.201904181610/tools/bin/../lib/gcc/arm-none-eabi/7.3.1/thumb/v7-m/crtbegin.o
LOAD c:/st/stm32cubeide_1.1.0/stm32cubeide/plugins/com.st.stm32cube.ide.mcu.externaltools.gnu-tools-for-stm32.7-2018-q2-update.win32_1.0.0.201904181610/tools/bin/../lib/gcc/arm-none-eabi/7.3.1/../../../../arm-none-eabi/lib/thumb/v7-m/crt0.o
LOAD Core/Src/gpio.o
LOAD Core/Src/i2c.o
LOAD Core/Src/main.o
LOAD Core/Src/stm32f1xx_hal_msp.o
LOAD Core/Src/stm32f1xx_it.o
LOAD Core/Src/syscalls.o
LOAD Core/Src/sysmem.o
LOAD Core/Src/system_stm32f1xx.o
LOAD Core/Startup/startup_stm32f103c8tx.o
LOAD Drivers/STM32F1xx_HAL_Driver/Src/stm32f1xx_hal.o
LOAD Drivers/STM32F1xx_HAL_Driver/Src/stm32f1xx_hal_cortex.o
LOAD Drivers/STM32F1xx_HAL_Driver/Src/stm32f1xx_hal_dma.o
LOAD Drivers/STM32F1xx_HAL_Driver/Src/stm32f1xx_hal_exti.o
LOAD Drivers/STM32F1xx_HAL_Driver/Src/stm32f1xx_hal_flash.o
LOAD Drivers/STM32F1xx_HAL_Driver/Src/stm32f1xx_hal_flash_ex.o
LOAD Drivers/STM32F1xx_HAL_Driver/Src/stm32f1xx_hal_gpio.o
LOAD Drivers/STM32F1xx_HAL_Driver/Src/stm32f1xx_hal_gpio_ex.o
LOAD Drivers/STM32F1xx_HAL_Driver/Src/stm32f1xx_hal_i2c.o
LOAD Drivers/STM32F1xx_HAL_Driver/Src/stm32f1xx_hal_pcd.o
LOAD Drivers/STM32F1xx_HAL_Driver/Src/stm32f1xx_hal_pcd_ex.o
LOAD Drivers/STM32F1xx_HAL_Driver/Src/stm32f1xx_hal_pwr.o
LOAD Drivers/STM32F1xx_HAL_Driver/Src/stm32f1xx_hal_rcc.o
LOAD Drivers/STM32F1xx_HAL_Driver/Src/stm32f1xx_hal_rcc_ex.o
LOAD Drivers/STM32F1xx_HAL_Driver/Src/stm32f1xx_hal_tim.o
LOAD Drivers/STM32F1xx_HAL_Driver/Src/stm32f1xx_hal_tim_ex.o
LOAD Drivers/STM32F1xx_HAL_Driver/Src/stm32f1xx_ll_usb.o
LOAD Drivers/oled/Fonts/font12.o
LOAD Drivers/oled/Fonts/font16.o
LOAD Drivers/oled/Fonts/font20.o
LOAD Drivers/oled/Fonts/font24.o
LOAD Drivers/oled/Fonts/font8.o
LOAD Drivers/oled/oled.o
LOAD Middlewares/ST/STM32_USB_Device_Library/Class/CDC/Src/usbd_cdc.o
LOAD Middlewares/ST/STM32_USB_Device_Library/Core/Src/usbd_core.o
LOAD Middlewares/ST/STM32_USB_Device_Library/Core/Src/usbd_ctlreq.o
LOAD Middlewares/ST/STM32_USB_Device_Library/Core/Src/usbd_ioreq.o
LOAD USB_DEVICE/App/usb_device.o
LOAD USB_DEVICE/App/usbd_cdc_if.o
LOAD USB_DEVICE/App/usbd_desc.o
LOAD USB_DEVICE/Target/usbd_conf.o
START GROUP
LOAD c:/st/stm32cubeide_1.1.0/stm32cubeide/plugins/com.st.stm32cube.ide.mcu.externaltools.gnu-tools-for-stm32.7-2018-q2-update.win32_1.0.0.201904181610/tools/bin/../lib/gcc/arm-none-eabi/7.3.1/../../../../arm-none-eabi/lib/thumb/v7-m\libc_nano.a
LOAD c:/st/stm32cubeide_1.1.0/stm32cubeide/plugins/com.st.stm32cube.ide.mcu.externaltools.gnu-tools-for-stm32.7-2018-q2-update.win32_1.0.0.201904181610/tools/bin/../lib/gcc/arm-none-eabi/7.3.1/../../../../arm-none-eabi/lib/thumb/v7-m\libm.a
END GROUP
START GROUP
LOAD c:/st/stm32cubeide_1.1.0/stm32cubeide/plugins/com.st.stm32cube.ide.mcu.externaltools.gnu-tools-for-stm32.7-2018-q2-update.win32_1.0.0.201904181610/tools/bin/../lib/gcc/arm-none-eabi/7.3.1/thumb/v7-m\libgcc.a
LOAD c:/st/stm32cubeide_1.1.0/stm32cubeide/plugins/com.st.stm32cube.ide.mcu.externaltools.gnu-tools-for-stm32.7-2018-q2-update.win32_1.0.0.201904181610/tools/bin/../lib/gcc/arm-none-eabi/7.3.1/../../../../arm-none-eabi/lib/thumb/v7-m\libc_nano.a
END GROUP
START GROUP
LOAD c:/st/stm32cubeide_1.1.0/stm32cubeide/plugins/com.st.stm32cube.ide.mcu.externaltools.gnu-tools-for-stm32.7-2018-q2-update.win32_1.0.0.201904181610/tools/bin/../lib/gcc/arm-none-eabi/7.3.1/thumb/v7-m\libgcc.a
LOAD c:/st/stm32cubeide_1.1.0/stm32cubeide/plugins/com.st.stm32cube.ide.mcu.externaltools.gnu-tools-for-stm32.7-2018-q2-update.win32_1.0.0.201904181610/tools/bin/../lib/gcc/arm-none-eabi/7.3.1/../../../../arm-none-eabi/lib/thumb/v7-m\libc_nano.a
LOAD c:/st/stm32cubeide_1.1.0/stm32cubeide/plugins/com.st.stm32cube.ide.mcu.externaltools.gnu-tools-for-stm32.7-2018-q2-update.win32_1.0.0.201904181610/tools/bin/../lib/gcc/arm-none-eabi/7.3.1/../../../../arm-none-eabi/lib/thumb/v7-m\libnosys.a
END GROUP
START GROUP
LOAD c:/st/stm32cubeide_1.1.0/stm32cubeide/plugins/com.st.stm32cube.ide.mcu.externaltools.gnu-tools-for-stm32.7-2018-q2-update.win32_1.0.0.201904181610/tools/bin/../lib/gcc/arm-none-eabi/7.3.1/thumb/v7-m\libgcc.a
LOAD c:/st/stm32cubeide_1.1.0/stm32cubeide/plugins/com.st.stm32cube.ide.mcu.externaltools.gnu-tools-for-stm32.7-2018-q2-update.win32_1.0.0.201904181610/tools/bin/../lib/gcc/arm-none-eabi/7.3.1/../../../../arm-none-eabi/lib/thumb/v7-m\libc_nano.a
LOAD c:/st/stm32cubeide_1.1.0/stm32cubeide/plugins/com.st.stm32cube.ide.mcu.externaltools.gnu-tools-for-stm32.7-2018-q2-update.win32_1.0.0.201904181610/tools/bin/../lib/gcc/arm-none-eabi/7.3.1/../../../../arm-none-eabi/lib/thumb/v7-m\libnosys.a
END GROUP
LOAD c:/st/stm32cubeide_1.1.0/stm32cubeide/plugins/com.st.stm32cube.ide.mcu.externaltools.gnu-tools-for-stm32.7-2018-q2-update.win32_1.0.0.201904181610/tools/bin/../lib/gcc/arm-none-eabi/7.3.1/thumb/v7-m/crtend.o
LOAD c:/st/stm32cubeide_1.1.0/stm32cubeide/plugins/com.st.stm32cube.ide.mcu.externaltools.gnu-tools-for-stm32.7-2018-q2-update.win32_1.0.0.201904181610/tools/bin/../lib/gcc/arm-none-eabi/7.3.1/thumb/v7-m/crtn.o
                0x0000000020005000                _estack = (ORIGIN (RAM) + LENGTH (RAM))
                0x0000000000000200                _Min_Heap_Size = 0x200
                0x0000000000000400                _Min_Stack_Size = 0x400

.isr_vector     0x0000000008000000      0x10c
                0x0000000008000000                . = ALIGN (0x4)
 *(.isr_vector)
 .isr_vector    0x0000000008000000      0x10c Core/Startup/startup_stm32f103c8tx.o
                0x0000000008000000                g_pfnVectors
                0x000000000800010c                . = ALIGN (0x4)

.text           0x000000000800010c     0x70ac
                0x000000000800010c                . = ALIGN (0x4)
 *(.text)
 .text          0x000000000800010c       0x40 c:/st/stm32cubeide_1.1.0/stm32cubeide/plugins/com.st.stm32cube.ide.mcu.externaltools.gnu-tools-for-stm32.7-2018-q2-update.win32_1.0.0.201904181610/tools/bin/../lib/gcc/arm-none-eabi/7.3.1/thumb/v7-m/crtbegin.o
 *(.text*)
 .text.MX_GPIO_Init
                0x000000000800014c       0x5c Core/Src/gpio.o
                0x000000000800014c                MX_GPIO_Init
 .text.MX_I2C1_Init
                0x00000000080001a8       0x5c Core/Src/i2c.o
                0x00000000080001a8                MX_I2C1_Init
 .text.HAL_I2C_MspInit
                0x0000000008000204       0xa0 Core/Src/i2c.o
                0x0000000008000204                HAL_I2C_MspInit
 .text.main     0x00000000080002a4       0x50 Core/Src/main.o
                0x00000000080002a4                main
 .text.SystemClock_Config
                0x00000000080002f4       0xb4 Core/Src/main.o
                0x00000000080002f4                SystemClock_Config
 .text.Error_Handler
                0x00000000080003a8        0xc Core/Src/main.o
                0x00000000080003a8                Error_Handler
 .text.HAL_MspInit
                0x00000000080003b4       0x64 Core/Src/stm32f1xx_hal_msp.o
                0x00000000080003b4                HAL_MspInit
 .text.NMI_Handler
                0x0000000008000418        0xc Core/Src/stm32f1xx_it.o
                0x0000000008000418                NMI_Handler
 .text.HardFault_Handler
                0x0000000008000424        0x6 Core/Src/stm32f1xx_it.o
                0x0000000008000424                HardFault_Handler
 .text.MemManage_Handler
                0x000000000800042a        0x6 Core/Src/stm32f1xx_it.o
                0x000000000800042a                MemManage_Handler
 .text.BusFault_Handler
                0x0000000008000430        0x6 Core/Src/stm32f1xx_it.o
                0x0000000008000430                BusFault_Handler
 .text.UsageFault_Handler
                0x0000000008000436        0x6 Core/Src/stm32f1xx_it.o
                0x0000000008000436                UsageFault_Handler
 .text.SVC_Handler
                0x000000000800043c        0xc Core/Src/stm32f1xx_it.o
                0x000000000800043c                SVC_Handler
 .text.DebugMon_Handler
                0x0000000008000448        0xc Core/Src/stm32f1xx_it.o
                0x0000000008000448                DebugMon_Handler
 .text.PendSV_Handler
                0x0000000008000454        0xc Core/Src/stm32f1xx_it.o
                0x0000000008000454                PendSV_Handler
 .text.SysTick_Handler
                0x0000000008000460        0xc Core/Src/stm32f1xx_it.o
                0x0000000008000460                SysTick_Handler
 .text.USB_LP_CAN1_RX0_IRQHandler
                0x000000000800046c       0x14 Core/Src/stm32f1xx_it.o
                0x000000000800046c                USB_LP_CAN1_RX0_IRQHandler
 .text._sbrk    0x0000000008000480       0x58 Core/Src/sysmem.o
                0x0000000008000480                _sbrk
 .text.SystemInit
                0x00000000080004d8       0x68 Core/Src/system_stm32f1xx.o
                0x00000000080004d8                SystemInit
 .text.Reset_Handler
                0x0000000008000540       0x48 Core/Startup/startup_stm32f103c8tx.o
                0x0000000008000540                Reset_Handler
 .text.Default_Handler
                0x0000000008000588        0x2 Core/Startup/startup_stm32f103c8tx.o
                0x0000000008000588                RTC_Alarm_IRQHandler
                0x0000000008000588                EXTI2_IRQHandler
                0x0000000008000588                TIM1_CC_IRQHandler
                0x0000000008000588                PVD_IRQHandler
                0x0000000008000588                EXTI3_IRQHandler
                0x0000000008000588                EXTI0_IRQHandler
                0x0000000008000588                I2C2_EV_IRQHandler
                0x0000000008000588                ADC1_2_IRQHandler
                0x0000000008000588                SPI1_IRQHandler
                0x0000000008000588                TAMPER_IRQHandler
                0x0000000008000588                DMA1_Channel4_IRQHandler
                0x0000000008000588                USART3_IRQHandler
                0x0000000008000588                RTC_IRQHandler
                0x0000000008000588                DMA1_Channel7_IRQHandler
                0x0000000008000588                CAN1_RX1_IRQHandler
                0x0000000008000588                TIM4_IRQHandler
                0x0000000008000588                I2C1_EV_IRQHandler
                0x0000000008000588                DMA1_Channel6_IRQHandler
                0x0000000008000588                TIM3_IRQHandler
                0x0000000008000588                RCC_IRQHandler
                0x0000000008000588                TIM1_TRG_COM_IRQHandler
                0x0000000008000588                DMA1_Channel1_IRQHandler
                0x0000000008000588                Default_Handler
                0x0000000008000588                EXTI15_10_IRQHandler
                0x0000000008000588                EXTI9_5_IRQHandler
                0x0000000008000588                SPI2_IRQHandler
                0x0000000008000588                DMA1_Channel5_IRQHandler
                0x0000000008000588                EXTI4_IRQHandler
                0x0000000008000588                USB_HP_CAN1_TX_IRQHandler
                0x0000000008000588                DMA1_Channel3_IRQHandler
                0x0000000008000588                TIM1_UP_IRQHandler
                0x0000000008000588                WWDG_IRQHandler
                0x0000000008000588                TIM2_IRQHandler
                0x0000000008000588                TIM1_BRK_IRQHandler
                0x0000000008000588                EXTI1_IRQHandler
                0x0000000008000588                USART2_IRQHandler
                0x0000000008000588                I2C2_ER_IRQHandler
                0x0000000008000588                DMA1_Channel2_IRQHandler
                0x0000000008000588                CAN1_SCE_IRQHandler
                0x0000000008000588                FLASH_IRQHandler
                0x0000000008000588                USART1_IRQHandler
                0x0000000008000588                I2C1_ER_IRQHandler
                0x0000000008000588                USBWakeUp_IRQHandler
 *fill*         0x000000000800058a        0x2 
 .text.HAL_Init
                0x000000000800058c       0x2c Drivers/STM32F1xx_HAL_Driver/Src/stm32f1xx_hal.o
                0x000000000800058c                HAL_Init
 .text.HAL_InitTick
                0x00000000080005b8       0x60 Drivers/STM32F1xx_HAL_Driver/Src/stm32f1xx_hal.o
                0x00000000080005b8                HAL_InitTick
 .text.HAL_IncTick
                0x0000000008000618       0x24 Drivers/STM32F1xx_HAL_Driver/Src/stm32f1xx_hal.o
                0x0000000008000618                HAL_IncTick
 .text.HAL_GetTick
                0x000000000800063c       0x14 Drivers/STM32F1xx_HAL_Driver/Src/stm32f1xx_hal.o
                0x000000000800063c                HAL_GetTick
 .text.HAL_Delay
                0x0000000008000650       0x44 Drivers/STM32F1xx_HAL_Driver/Src/stm32f1xx_hal.o
                0x0000000008000650                HAL_Delay
 .text.__NVIC_SetPriorityGrouping
                0x0000000008000694       0x48 Drivers/STM32F1xx_HAL_Driver/Src/stm32f1xx_hal_cortex.o
 .text.__NVIC_GetPriorityGrouping
                0x00000000080006dc       0x1c Drivers/STM32F1xx_HAL_Driver/Src/stm32f1xx_hal_cortex.o
 .text.__NVIC_EnableIRQ
                0x00000000080006f8       0x38 Drivers/STM32F1xx_HAL_Driver/Src/stm32f1xx_hal_cortex.o
 .text.__NVIC_SetPriority
                0x0000000008000730       0x54 Drivers/STM32F1xx_HAL_Driver/Src/stm32f1xx_hal_cortex.o
 .text.NVIC_EncodePriority
                0x0000000008000784       0x64 Drivers/STM32F1xx_HAL_Driver/Src/stm32f1xx_hal_cortex.o
 .text.SysTick_Config
                0x00000000080007e8       0x44 Drivers/STM32F1xx_HAL_Driver/Src/stm32f1xx_hal_cortex.o
 .text.HAL_NVIC_SetPriorityGrouping
                0x000000000800082c       0x16 Drivers/STM32F1xx_HAL_Driver/Src/stm32f1xx_hal_cortex.o
                0x000000000800082c                HAL_NVIC_SetPriorityGrouping
 .text.HAL_NVIC_SetPriority
                0x0000000008000842       0x38 Drivers/STM32F1xx_HAL_Driver/Src/stm32f1xx_hal_cortex.o
                0x0000000008000842                HAL_NVIC_SetPriority
 .text.HAL_NVIC_EnableIRQ
                0x000000000800087a       0x1c Drivers/STM32F1xx_HAL_Driver/Src/stm32f1xx_hal_cortex.o
                0x000000000800087a                HAL_NVIC_EnableIRQ
 .text.HAL_SYSTICK_Config
                0x0000000008000896       0x18 Drivers/STM32F1xx_HAL_Driver/Src/stm32f1xx_hal_cortex.o
                0x0000000008000896                HAL_SYSTICK_Config
 *fill*         0x00000000080008ae        0x2 
 .text.HAL_GPIO_Init
                0x00000000080008b0      0x2b4 Drivers/STM32F1xx_HAL_Driver/Src/stm32f1xx_hal_gpio.o
                0x00000000080008b0                HAL_GPIO_Init
 .text.HAL_I2C_Init
                0x0000000008000b64      0x250 Drivers/STM32F1xx_HAL_Driver/Src/stm32f1xx_hal_i2c.o
                0x0000000008000b64                HAL_I2C_Init
 .text.HAL_I2C_Mem_Write
                0x0000000008000db4      0x1f4 Drivers/STM32F1xx_HAL_Driver/Src/stm32f1xx_hal_i2c.o
                0x0000000008000db4                HAL_I2C_Mem_Write
 .text.HAL_I2C_IsDeviceReady
                0x0000000008000fa8      0x244 Drivers/STM32F1xx_HAL_Driver/Src/stm32f1xx_hal_i2c.o
                0x0000000008000fa8                HAL_I2C_IsDeviceReady
 .text.I2C_RequestMemoryWrite
                0x00000000080011ec      0x114 Drivers/STM32F1xx_HAL_Driver/Src/stm32f1xx_hal_i2c.o
 .text.I2C_WaitOnFlagUntilTimeout
                0x0000000008001300       0xae Drivers/STM32F1xx_HAL_Driver/Src/stm32f1xx_hal_i2c.o
 .text.I2C_WaitOnMasterAddressFlagUntilTimeout
                0x00000000080013ae       0xfe Drivers/STM32F1xx_HAL_Driver/Src/stm32f1xx_hal_i2c.o
 .text.I2C_WaitOnTXEFlagUntilTimeout
                0x00000000080014ac       0x82 Drivers/STM32F1xx_HAL_Driver/Src/stm32f1xx_hal_i2c.o
 .text.I2C_WaitOnBTFFlagUntilTimeout
                0x000000000800152e       0x82 Drivers/STM32F1xx_HAL_Driver/Src/stm32f1xx_hal_i2c.o
 .text.I2C_IsAcknowledgeFailed
                0x00000000080015b0       0x5c Drivers/STM32F1xx_HAL_Driver/Src/stm32f1xx_hal_i2c.o
 .text.HAL_PCD_Init
                0x000000000800160c      0x1c2 Drivers/STM32F1xx_HAL_Driver/Src/stm32f1xx_hal_pcd.o
                0x000000000800160c                HAL_PCD_Init
 .text.HAL_PCD_Start
                0x00000000080017ce       0x4c Drivers/STM32F1xx_HAL_Driver/Src/stm32f1xx_hal_pcd.o
                0x00000000080017ce                HAL_PCD_Start
 .text.HAL_PCD_IRQHandler
                0x000000000800181a      0x21c Drivers/STM32F1xx_HAL_Driver/Src/stm32f1xx_hal_pcd.o
                0x000000000800181a                HAL_PCD_IRQHandler
 .text.HAL_PCD_SetAddress
                0x0000000008001a36       0x4a Drivers/STM32F1xx_HAL_Driver/Src/stm32f1xx_hal_pcd.o
                0x0000000008001a36                HAL_PCD_SetAddress
 .text.HAL_PCD_EP_Open
                0x0000000008001a80       0xc0 Drivers/STM32F1xx_HAL_Driver/Src/stm32f1xx_hal_pcd.o
                0x0000000008001a80                HAL_PCD_EP_Open
 .text.HAL_PCD_EP_Close
                0x0000000008001b40       0x84 Drivers/STM32F1xx_HAL_Driver/Src/stm32f1xx_hal_pcd.o
                0x0000000008001b40                HAL_PCD_EP_Close
 .text.HAL_PCD_EP_Receive
                0x0000000008001bc4       0x74 Drivers/STM32F1xx_HAL_Driver/Src/stm32f1xx_hal_pcd.o
                0x0000000008001bc4                HAL_PCD_EP_Receive
 .text.HAL_PCD_EP_GetRxCount
                0x0000000008001c38       0x28 Drivers/STM32F1xx_HAL_Driver/Src/stm32f1xx_hal_pcd.o
                0x0000000008001c38                HAL_PCD_EP_GetRxCount
 .text.HAL_PCD_EP_Transmit
                0x0000000008001c60       0x72 Drivers/STM32F1xx_HAL_Driver/Src/stm32f1xx_hal_pcd.o
                0x0000000008001c60                HAL_PCD_EP_Transmit
 .text.HAL_PCD_EP_SetStall
                0x0000000008001cd2       0xb4 Drivers/STM32F1xx_HAL_Driver/Src/stm32f1xx_hal_pcd.o
                0x0000000008001cd2                HAL_PCD_EP_SetStall
 .text.HAL_PCD_EP_ClrStall
                0x0000000008001d86       0x9c Drivers/STM32F1xx_HAL_Driver/Src/stm32f1xx_hal_pcd.o
                0x0000000008001d86                HAL_PCD_EP_ClrStall
 *fill*         0x0000000008001e22        0x2 
 .text.PCD_EP_ISR_Handler
                0x0000000008001e24      0x534 Drivers/STM32F1xx_HAL_Driver/Src/stm32f1xx_hal_pcd.o
 .text.HAL_PCDEx_PMAConfig
                0x0000000008002358       0x78 Drivers/STM32F1xx_HAL_Driver/Src/stm32f1xx_hal_pcd_ex.o
                0x0000000008002358                HAL_PCDEx_PMAConfig
 .text.HAL_RCC_OscConfig
                0x00000000080023d0      0x500 Drivers/STM32F1xx_HAL_Driver/Src/stm32f1xx_hal_rcc.o
                0x00000000080023d0                HAL_RCC_OscConfig
 .text.HAL_RCC_ClockConfig
                0x00000000080028d0      0x1d4 Drivers/STM32F1xx_HAL_Driver/Src/stm32f1xx_hal_rcc.o
                0x00000000080028d0                HAL_RCC_ClockConfig
 .text.HAL_RCC_GetSysClockFreq
                0x0000000008002aa4       0xc4 Drivers/STM32F1xx_HAL_Driver/Src/stm32f1xx_hal_rcc.o
                0x0000000008002aa4                HAL_RCC_GetSysClockFreq
 .text.HAL_RCC_GetHCLKFreq
                0x0000000008002b68       0x14 Drivers/STM32F1xx_HAL_Driver/Src/stm32f1xx_hal_rcc.o
                0x0000000008002b68                HAL_RCC_GetHCLKFreq
 .text.HAL_RCC_GetPCLK1Freq
                0x0000000008002b7c       0x28 Drivers/STM32F1xx_HAL_Driver/Src/stm32f1xx_hal_rcc.o
                0x0000000008002b7c                HAL_RCC_GetPCLK1Freq
 .text.RCC_Delay
                0x0000000008002ba4       0x3c Drivers/STM32F1xx_HAL_Driver/Src/stm32f1xx_hal_rcc.o
 .text.HAL_RCCEx_PeriphCLKConfig
                0x0000000008002be0      0x16c Drivers/STM32F1xx_HAL_Driver/Src/stm32f1xx_hal_rcc_ex.o
                0x0000000008002be0                HAL_RCCEx_PeriphCLKConfig
 .text.USB_CoreInit
                0x0000000008002d4c       0x20 Drivers/STM32F1xx_HAL_Driver/Src/stm32f1xx_ll_usb.o
                0x0000000008002d4c                USB_CoreInit
 .text.USB_EnableGlobalInt
                0x0000000008002d6c       0x2e Drivers/STM32F1xx_HAL_Driver/Src/stm32f1xx_ll_usb.o
                0x0000000008002d6c                USB_EnableGlobalInt
 .text.USB_DisableGlobalInt
                0x0000000008002d9a       0x38 Drivers/STM32F1xx_HAL_Driver/Src/stm32f1xx_ll_usb.o
                0x0000000008002d9a                USB_DisableGlobalInt
 .text.USB_SetCurrentMode
                0x0000000008002dd2       0x18 Drivers/STM32F1xx_HAL_Driver/Src/stm32f1xx_ll_usb.o
                0x0000000008002dd2                USB_SetCurrentMode
 .text.USB_DevInit
                0x0000000008002dea       0x48 Drivers/STM32F1xx_HAL_Driver/Src/stm32f1xx_ll_usb.o
                0x0000000008002dea                USB_DevInit
 *fill*         0x0000000008002e32        0x2 
 .text.USB_ActivateEndpoint
                0x0000000008002e34      0x5dc Drivers/STM32F1xx_HAL_Driver/Src/stm32f1xx_ll_usb.o
                0x0000000008002e34                USB_ActivateEndpoint
 .text.USB_DeactivateEndpoint
                0x0000000008003410      0x32c Drivers/STM32F1xx_HAL_Driver/Src/stm32f1xx_ll_usb.o
                0x0000000008003410                USB_DeactivateEndpoint
 .text.USB_EPStartXfer
                0x000000000800373c      0x570 Drivers/STM32F1xx_HAL_Driver/Src/stm32f1xx_ll_usb.o
                0x000000000800373c                USB_EPStartXfer
 .text.USB_EPSetStall
                0x0000000008003cac       0x84 Drivers/STM32F1xx_HAL_Driver/Src/stm32f1xx_ll_usb.o
                0x0000000008003cac                USB_EPSetStall
 .text.USB_EPClearStall
                0x0000000008003d30      0x128 Drivers/STM32F1xx_HAL_Driver/Src/stm32f1xx_ll_usb.o
                0x0000000008003d30                USB_EPClearStall
 .text.USB_SetDevAddress
                0x0000000008003e58       0x26 Drivers/STM32F1xx_HAL_Driver/Src/stm32f1xx_ll_usb.o
                0x0000000008003e58                USB_SetDevAddress
 .text.USB_DevConnect
                0x0000000008003e7e       0x14 Drivers/STM32F1xx_HAL_Driver/Src/stm32f1xx_ll_usb.o
                0x0000000008003e7e                USB_DevConnect
 .text.USB_DevDisconnect
                0x0000000008003e92       0x14 Drivers/STM32F1xx_HAL_Driver/Src/stm32f1xx_ll_usb.o
                0x0000000008003e92                USB_DevDisconnect
 .text.USB_ReadInterrupts
                0x0000000008003ea6       0x1e Drivers/STM32F1xx_HAL_Driver/Src/stm32f1xx_ll_usb.o
                0x0000000008003ea6                USB_ReadInterrupts
 .text.USB_EP0_OutStart
                0x0000000008003ec4       0x16 Drivers/STM32F1xx_HAL_Driver/Src/stm32f1xx_ll_usb.o
                0x0000000008003ec4                USB_EP0_OutStart
 .text.USB_WritePMA
                0x0000000008003eda       0x88 Drivers/STM32F1xx_HAL_Driver/Src/stm32f1xx_ll_usb.o
                0x0000000008003eda                USB_WritePMA
 .text.USB_ReadPMA
                0x0000000008003f62       0x9e Drivers/STM32F1xx_HAL_Driver/Src/stm32f1xx_ll_usb.o
                0x0000000008003f62                USB_ReadPMA
 .text.OLED_WriteCmd
                0x0000000008004000       0x34 Drivers/oled/oled.o
 .text.OLED_WriteData
                0x0000000008004034       0x34 Drivers/oled/oled.o
 .text.OLED_Init
                0x0000000008004068      0x14c Drivers/oled/oled.o
                0x0000000008004068                OLED_Init
 .text.OLED_UpdateScreen
                0x00000000080041b4       0x18 Drivers/oled/oled.o
                0x00000000080041b4                OLED_UpdateScreen
 .text.OLED_DrawPixel
                0x00000000080041cc       0xc0 Drivers/oled/oled.o
                0x00000000080041cc                OLED_DrawPixel
 .text.OLED_FillScreen
                0x000000000800428c       0x30 Drivers/oled/oled.o
                0x000000000800428c                OLED_FillScreen
 .text.OLED_DrawLine
                0x00000000080042bc      0x14e Drivers/oled/oled.o
                0x00000000080042bc                OLED_DrawLine
 .text.OLED_FillRect
                0x000000000800440a       0x9a Drivers/oled/oled.o
                0x000000000800440a                OLED_FillRect
 .text.OLED_DrawChar
                0x00000000080044a4      0x1c8 Drivers/oled/oled.o
                0x00000000080044a4                OLED_DrawChar
 .text.OLED_Printf
                0x000000000800466c      0x1d0 Drivers/oled/oled.o
                0x000000000800466c                OLED_Printf
 .text.OLED_SetCursor
                0x000000000800483c       0x34 Drivers/oled/oled.o
                0x000000000800483c                OLED_SetCursor
 .text.OLED_SetTextSize
                0x0000000008004870       0x34 Drivers/oled/oled.o
                0x0000000008004870                OLED_SetTextSize
 .text.OLED_SetTextColor
                0x00000000080048a4       0x20 Drivers/oled/oled.o
                0x00000000080048a4                OLED_SetTextColor
 .text.USBD_CDC_Init
                0x00000000080048c4       0xf4 Middlewares/ST/STM32_USB_Device_Library/Class/CDC/Src/usbd_cdc.o
 .text.USBD_CDC_DeInit
                0x00000000080049b8       0x6e Middlewares/ST/STM32_USB_Device_Library/Class/CDC/Src/usbd_cdc.o
 .text.USBD_CDC_Setup
                0x0000000008004a26      0x140 Middlewares/ST/STM32_USB_Device_Library/Class/CDC/Src/usbd_cdc.o
 .text.USBD_CDC_DataIn
                0x0000000008004b66       0xa0 Middlewares/ST/STM32_USB_Device_Library/Class/CDC/Src/usbd_cdc.o
 .text.USBD_CDC_DataOut
                0x0000000008004c06       0x56 Middlewares/ST/STM32_USB_Device_Library/Class/CDC/Src/usbd_cdc.o
 .text.USBD_CDC_EP0_RxReady
                0x0000000008004c5c       0x50 Middlewares/ST/STM32_USB_Device_Library/Class/CDC/Src/usbd_cdc.o
 .text.USBD_CDC_GetFSCfgDesc
                0x0000000008004cac       0x20 Middlewares/ST/STM32_USB_Device_Library/Class/CDC/Src/usbd_cdc.o
 .text.USBD_CDC_GetHSCfgDesc
                0x0000000008004ccc       0x20 Middlewares/ST/STM32_USB_Device_Library/Class/CDC/Src/usbd_cdc.o
 .text.USBD_CDC_GetOtherSpeedCfgDesc
                0x0000000008004cec       0x20 Middlewares/ST/STM32_USB_Device_Library/Class/CDC/Src/usbd_cdc.o
 .text.USBD_CDC_GetDeviceQualifierDescriptor
                0x0000000008004d0c       0x20 Middlewares/ST/STM32_USB_Device_Library/Class/CDC/Src/usbd_cdc.o
                0x0000000008004d0c                USBD_CDC_GetDeviceQualifierDescriptor
 .text.USBD_CDC_RegisterInterface
                0x0000000008004d2c       0x2c Middlewares/ST/STM32_USB_Device_Library/Class/CDC/Src/usbd_cdc.o
                0x0000000008004d2c                USBD_CDC_RegisterInterface
 .text.USBD_CDC_SetTxBuffer
                0x0000000008004d58       0x32 Middlewares/ST/STM32_USB_Device_Library/Class/CDC/Src/usbd_cdc.o
                0x0000000008004d58                USBD_CDC_SetTxBuffer
 .text.USBD_CDC_SetRxBuffer
                0x0000000008004d8a       0x26 Middlewares/ST/STM32_USB_Device_Library/Class/CDC/Src/usbd_cdc.o
                0x0000000008004d8a                USBD_CDC_SetRxBuffer
 .text.USBD_CDC_TransmitPacket
                0x0000000008004db0       0x5e Middlewares/ST/STM32_USB_Device_Library/Class/CDC/Src/usbd_cdc.o
                0x0000000008004db0                USBD_CDC_TransmitPacket
 .text.USBD_CDC_ReceivePacket
                0x0000000008004e0e       0x54 Middlewares/ST/STM32_USB_Device_Library/Class/CDC/Src/usbd_cdc.o
                0x0000000008004e0e                USBD_CDC_ReceivePacket
 .text.USBD_Init
                0x0000000008004e62       0x56 Middlewares/ST/STM32_USB_Device_Library/Core/Src/usbd_core.o
                0x0000000008004e62                USBD_Init
 .text.USBD_RegisterClass
                0x0000000008004eb8       0x32 Middlewares/ST/STM32_USB_Device_Library/Core/Src/usbd_core.o
                0x0000000008004eb8                USBD_RegisterClass
 .text.USBD_Start
                0x0000000008004eea       0x18 Middlewares/ST/STM32_USB_Device_Library/Core/Src/usbd_core.o
                0x0000000008004eea                USBD_Start
 .text.USBD_RunTestMode
                0x0000000008004f02       0x14 Middlewares/ST/STM32_USB_Device_Library/Core/Src/usbd_core.o
                0x0000000008004f02                USBD_RunTestMode
 .text.USBD_SetClassConfig
                0x0000000008004f16       0x3e Middlewares/ST/STM32_USB_Device_Library/Core/Src/usbd_core.o
                0x0000000008004f16                USBD_SetClassConfig
 .text.USBD_ClrClassConfig
                0x0000000008004f54       0x26 Middlewares/ST/STM32_USB_Device_Library/Core/Src/usbd_core.o
                0x0000000008004f54                USBD_ClrClassConfig
 .text.USBD_LL_SetupStage
                0x0000000008004f7a       0x96 Middlewares/ST/STM32_USB_Device_Library/Core/Src/usbd_core.o
                0x0000000008004f7a                USBD_LL_SetupStage
 .text.USBD_LL_DataOutStage
                0x0000000008005010       0xe2 Middlewares/ST/STM32_USB_Device_Library/Core/Src/usbd_core.o
                0x0000000008005010                USBD_LL_DataOutStage
 .text.USBD_LL_DataInStage
                0x00000000080050f2      0x14a Middlewares/ST/STM32_USB_Device_Library/Core/Src/usbd_core.o
                0x00000000080050f2                USBD_LL_DataInStage
 .text.USBD_LL_Reset
                0x000000000800523c       0x82 Middlewares/ST/STM32_USB_Device_Library/Core/Src/usbd_core.o
                0x000000000800523c                USBD_LL_Reset
 .text.USBD_LL_SetSpeed
                0x00000000080052be       0x1e Middlewares/ST/STM32_USB_Device_Library/Core/Src/usbd_core.o
                0x00000000080052be                USBD_LL_SetSpeed
 .text.USBD_LL_Suspend
                0x00000000080052dc       0x28 Middlewares/ST/STM32_USB_Device_Library/Core/Src/usbd_core.o
                0x00000000080052dc                USBD_LL_Suspend
 .text.USBD_LL_Resume
                0x0000000008005304       0x2a Middlewares/ST/STM32_USB_Device_Library/Core/Src/usbd_core.o
                0x0000000008005304                USBD_LL_Resume
 .text.USBD_LL_SOF
                0x000000000800532e       0x34 Middlewares/ST/STM32_USB_Device_Library/Core/Src/usbd_core.o
                0x000000000800532e                USBD_LL_SOF
 *fill*         0x0000000008005362        0x2 
 .text.USBD_StdDevReq
                0x0000000008005364       0xd4 Middlewares/ST/STM32_USB_Device_Library/Core/Src/usbd_ctlreq.o
                0x0000000008005364                USBD_StdDevReq
 .text.USBD_StdItfReq
                0x0000000008005438       0x8c Middlewares/ST/STM32_USB_Device_Library/Core/Src/usbd_ctlreq.o
                0x0000000008005438                USBD_StdItfReq
 .text.USBD_StdEPReq
                0x00000000080054c4      0x2ba Middlewares/ST/STM32_USB_Device_Library/Core/Src/usbd_ctlreq.o
                0x00000000080054c4                USBD_StdEPReq
 *fill*         0x000000000800577e        0x2 
 .text.USBD_GetDescriptor
                0x0000000008005780      0x2d0 Middlewares/ST/STM32_USB_Device_Library/Core/Src/usbd_ctlreq.o
 .text.USBD_SetAddress
                0x0000000008005a50       0x84 Middlewares/ST/STM32_USB_Device_Library/Core/Src/usbd_ctlreq.o
 .text.USBD_SetConfig
                0x0000000008005ad4      0x11c Middlewares/ST/STM32_USB_Device_Library/Core/Src/usbd_ctlreq.o
 .text.USBD_GetConfig
                0x0000000008005bf0       0x68 Middlewares/ST/STM32_USB_Device_Library/Core/Src/usbd_ctlreq.o
 .text.USBD_GetStatus
                0x0000000008005c58       0x66 Middlewares/ST/STM32_USB_Device_Library/Core/Src/usbd_ctlreq.o
 .text.USBD_SetFeature
                0x0000000008005cbe       0x28 Middlewares/ST/STM32_USB_Device_Library/Core/Src/usbd_ctlreq.o
 .text.USBD_ClrFeature
                0x0000000008005ce6       0x42 Middlewares/ST/STM32_USB_Device_Library/Core/Src/usbd_ctlreq.o
 .text.USBD_ParseSetupRequest
                0x0000000008005d28       0x78 Middlewares/ST/STM32_USB_Device_Library/Core/Src/usbd_ctlreq.o
                0x0000000008005d28                USBD_ParseSetupRequest
 .text.USBD_CtlError
                0x0000000008005da0       0x22 Middlewares/ST/STM32_USB_Device_Library/Core/Src/usbd_ctlreq.o
                0x0000000008005da0                USBD_CtlError
 .text.USBD_GetString
                0x0000000008005dc2       0x84 Middlewares/ST/STM32_USB_Device_Library/Core/Src/usbd_ctlreq.o
                0x0000000008005dc2                USBD_GetString
 .text.USBD_GetLen
                0x0000000008005e46       0x2e Middlewares/ST/STM32_USB_Device_Library/Core/Src/usbd_ctlreq.o
 .text.USBD_CtlSendData
                0x0000000008005e74       0x38 Middlewares/ST/STM32_USB_Device_Library/Core/Src/usbd_ioreq.o
                0x0000000008005e74                USBD_CtlSendData
 .text.USBD_CtlContinueSendData
                0x0000000008005eac       0x24 Middlewares/ST/STM32_USB_Device_Library/Core/Src/usbd_ioreq.o
                0x0000000008005eac                USBD_CtlContinueSendData
 .text.USBD_CtlPrepareRx
                0x0000000008005ed0       0x3c Middlewares/ST/STM32_USB_Device_Library/Core/Src/usbd_ioreq.o
                0x0000000008005ed0                USBD_CtlPrepareRx
 .text.USBD_CtlContinueRx
                0x0000000008005f0c       0x24 Middlewares/ST/STM32_USB_Device_Library/Core/Src/usbd_ioreq.o
                0x0000000008005f0c                USBD_CtlContinueRx
 .text.USBD_CtlSendStatus
                0x0000000008005f30       0x26 Middlewares/ST/STM32_USB_Device_Library/Core/Src/usbd_ioreq.o
                0x0000000008005f30                USBD_CtlSendStatus
 .text.USBD_CtlReceiveStatus
                0x0000000008005f56       0x26 Middlewares/ST/STM32_USB_Device_Library/Core/Src/usbd_ioreq.o
                0x0000000008005f56                USBD_CtlReceiveStatus
 .text.MX_USB_DEVICE_Init
                0x0000000008005f7c       0x60 USB_DEVICE/App/usb_device.o
                0x0000000008005f7c                MX_USB_DEVICE_Init
 .text.CDC_Init_FS
                0x0000000008005fdc       0x28 USB_DEVICE/App/usbd_cdc_if.o
 .text.CDC_DeInit_FS
                0x0000000008006004        0xe USB_DEVICE/App/usbd_cdc_if.o
 *fill*         0x0000000008006012        0x2 
 .text.CDC_Control_FS
                0x0000000008006014       0xbc USB_DEVICE/App/usbd_cdc_if.o
 .text.CDC_Receive_FS
                0x00000000080060d0       0x3c USB_DEVICE/App/usbd_cdc_if.o
 .text.CDC_Transmit_FS
                0x000000000800610c       0x4c USB_DEVICE/App/usbd_cdc_if.o
                0x000000000800610c                CDC_Transmit_FS
 .text.USBD_FS_DeviceDescriptor
                0x0000000008006158       0x24 USB_DEVICE/App/usbd_desc.o
                0x0000000008006158                USBD_FS_DeviceDescriptor
 .text.USBD_FS_LangIDStrDescriptor
                0x000000000800617c       0x24 USB_DEVICE/App/usbd_desc.o
                0x000000000800617c                USBD_FS_LangIDStrDescriptor
 .text.USBD_FS_ProductStrDescriptor
                0x00000000080061a0       0x3c USB_DEVICE/App/usbd_desc.o
                0x00000000080061a0                USBD_FS_ProductStrDescriptor
 .text.USBD_FS_ManufacturerStrDescriptor
                0x00000000080061dc       0x28 USB_DEVICE/App/usbd_desc.o
                0x00000000080061dc                USBD_FS_ManufacturerStrDescriptor
 .text.USBD_FS_SerialStrDescriptor
                0x0000000008006204       0x24 USB_DEVICE/App/usbd_desc.o
                0x0000000008006204                USBD_FS_SerialStrDescriptor
 .text.USBD_FS_ConfigStrDescriptor
                0x0000000008006228       0x3c USB_DEVICE/App/usbd_desc.o
                0x0000000008006228                USBD_FS_ConfigStrDescriptor
 .text.USBD_FS_InterfaceStrDescriptor
                0x0000000008006264       0x3c USB_DEVICE/App/usbd_desc.o
                0x0000000008006264                USBD_FS_InterfaceStrDescriptor
 .text.Get_SerialNum
                0x00000000080062a0       0x58 USB_DEVICE/App/usbd_desc.o
 .text.IntToUnicode
                0x00000000080062f8       0x7a USB_DEVICE/App/usbd_desc.o
 *fill*         0x0000000008006372        0x2 
 .text.HAL_PCD_MspInit
                0x0000000008006374       0x4c USB_DEVICE/Target/usbd_conf.o
                0x0000000008006374                HAL_PCD_MspInit
 .text.HAL_PCD_SetupStageCallback
                0x00000000080063c0       0x24 USB_DEVICE/Target/usbd_conf.o
                0x00000000080063c0                HAL_PCD_SetupStageCallback
 .text.HAL_PCD_DataOutStageCallback
                0x00000000080063e4       0x30 USB_DEVICE/Target/usbd_conf.o
                0x00000000080063e4                HAL_PCD_DataOutStageCallback
 .text.HAL_PCD_DataInStageCallback
                0x0000000008006414       0x2e USB_DEVICE/Target/usbd_conf.o
                0x0000000008006414                HAL_PCD_DataInStageCallback
 .text.HAL_PCD_SOFCallback
                0x0000000008006442       0x1c USB_DEVICE/Target/usbd_conf.o
                0x0000000008006442                HAL_PCD_SOFCallback
 .text.HAL_PCD_ResetCallback
                0x000000000800645e       0x3c USB_DEVICE/Target/usbd_conf.o
                0x000000000800645e                HAL_PCD_ResetCallback
 *fill*         0x000000000800649a        0x2 
 .text.HAL_PCD_SuspendCallback
                0x000000000800649c       0x34 USB_DEVICE/Target/usbd_conf.o
                0x000000000800649c                HAL_PCD_SuspendCallback
 .text.HAL_PCD_ResumeCallback
                0x00000000080064d0       0x1c USB_DEVICE/Target/usbd_conf.o
                0x00000000080064d0                HAL_PCD_ResumeCallback
 .text.USBD_LL_Init
                0x00000000080064ec       0xb4 USB_DEVICE/Target/usbd_conf.o
                0x00000000080064ec                USBD_LL_Init
 .text.USBD_LL_Start
                0x00000000080065a0       0x36 USB_DEVICE/Target/usbd_conf.o
                0x00000000080065a0                USBD_LL_Start
 .text.USBD_LL_OpenEP
                0x00000000080065d6       0x4c USB_DEVICE/Target/usbd_conf.o
                0x00000000080065d6                USBD_LL_OpenEP
 .text.USBD_LL_CloseEP
                0x0000000008006622       0x3e USB_DEVICE/Target/usbd_conf.o
                0x0000000008006622                USBD_LL_CloseEP
 .text.USBD_LL_StallEP
                0x0000000008006660       0x3e USB_DEVICE/Target/usbd_conf.o
                0x0000000008006660                USBD_LL_StallEP
 .text.USBD_LL_ClearStallEP
                0x000000000800669e       0x3e USB_DEVICE/Target/usbd_conf.o
                0x000000000800669e                USBD_LL_ClearStallEP
 .text.USBD_LL_IsStallEP
                0x00000000080066dc       0x4a USB_DEVICE/Target/usbd_conf.o
                0x00000000080066dc                USBD_LL_IsStallEP
 .text.USBD_LL_SetUSBAddress
                0x0000000008006726       0x3e USB_DEVICE/Target/usbd_conf.o
                0x0000000008006726                USBD_LL_SetUSBAddress
 .text.USBD_LL_Transmit
                0x0000000008006764       0x46 USB_DEVICE/Target/usbd_conf.o
                0x0000000008006764                USBD_LL_Transmit
 .text.USBD_LL_PrepareReceive
                0x00000000080067aa       0x46 USB_DEVICE/Target/usbd_conf.o
                0x00000000080067aa                USBD_LL_PrepareReceive
 .text.USBD_LL_GetRxDataSize
                0x00000000080067f0       0x26 USB_DEVICE/Target/usbd_conf.o
                0x00000000080067f0                USBD_LL_GetRxDataSize
 *fill*         0x0000000008006816        0x2 
 .text.USBD_static_malloc
                0x0000000008006818       0x18 USB_DEVICE/Target/usbd_conf.o
                0x0000000008006818                USBD_static_malloc
 .text.USBD_static_free
                0x0000000008006830       0x12 USB_DEVICE/Target/usbd_conf.o
                0x0000000008006830                USBD_static_free
 .text.HAL_PCDEx_SetConnectionState
                0x0000000008006842       0x16 USB_DEVICE/Target/usbd_conf.o
                0x0000000008006842                HAL_PCDEx_SetConnectionState
 .text.USBD_Get_USB_Status
                0x0000000008006858       0x58 USB_DEVICE/Target/usbd_conf.o
 .text.__errno  0x00000000080068b0        0xc c:/st/stm32cubeide_1.1.0/stm32cubeide/plugins/com.st.stm32cube.ide.mcu.externaltools.gnu-tools-for-stm32.7-2018-q2-update.win32_1.0.0.201904181610/tools/bin/../lib/gcc/arm-none-eabi/7.3.1/../../../../arm-none-eabi/lib/thumb/v7-m\libc_nano.a(lib_a-errno.o)
                0x00000000080068b0                __errno
 .text.__libc_init_array
                0x00000000080068bc       0x48 c:/st/stm32cubeide_1.1.0/stm32cubeide/plugins/com.st.stm32cube.ide.mcu.externaltools.gnu-tools-for-stm32.7-2018-q2-update.win32_1.0.0.201904181610/tools/bin/../lib/gcc/arm-none-eabi/7.3.1/../../../../arm-none-eabi/lib/thumb/v7-m\libc_nano.a(lib_a-init.o)
                0x00000000080068bc                __libc_init_array
 .text.memset   0x0000000008006904       0x10 c:/st/stm32cubeide_1.1.0/stm32cubeide/plugins/com.st.stm32cube.ide.mcu.externaltools.gnu-tools-for-stm32.7-2018-q2-update.win32_1.0.0.201904181610/tools/bin/../lib/gcc/arm-none-eabi/7.3.1/../../../../arm-none-eabi/lib/thumb/v7-m\libc_nano.a(lib_a-memset.o)
                0x0000000008006904                memset
 .text.snprintf
                0x0000000008006914       0x68 c:/st/stm32cubeide_1.1.0/stm32cubeide/plugins/com.st.stm32cube.ide.mcu.externaltools.gnu-tools-for-stm32.7-2018-q2-update.win32_1.0.0.201904181610/tools/bin/../lib/gcc/arm-none-eabi/7.3.1/../../../../arm-none-eabi/lib/thumb/v7-m\libc_nano.a(lib_a-snprintf.o)
                0x0000000008006914                sniprintf
                0x0000000008006914                snprintf
 .text._vsprintf_r
                0x000000000800697c       0x2c c:/st/stm32cubeide_1.1.0/stm32cubeide/plugins/com.st.stm32cube.ide.mcu.externaltools.gnu-tools-for-stm32.7-2018-q2-update.win32_1.0.0.201904181610/tools/bin/../lib/gcc/arm-none-eabi/7.3.1/../../../../arm-none-eabi/lib/thumb/v7-m\libc_nano.a(lib_a-vsprintf.o)
                0x000000000800697c                _vsprintf_r
                0x000000000800697c                _vsiprintf_r
 .text.vsprintf
                0x00000000080069a8       0x14 c:/st/stm32cubeide_1.1.0/stm32cubeide/plugins/com.st.stm32cube.ide.mcu.externaltools.gnu-tools-for-stm32.7-2018-q2-update.win32_1.0.0.201904181610/tools/bin/../lib/gcc/arm-none-eabi/7.3.1/../../../../arm-none-eabi/lib/thumb/v7-m\libc_nano.a(lib_a-vsprintf.o)
                0x00000000080069a8                vsiprintf
                0x00000000080069a8                vsprintf
 .text.__ssputs_r
                0x00000000080069bc       0xb4 c:/st/stm32cubeide_1.1.0/stm32cubeide/plugins/com.st.stm32cube.ide.mcu.externaltools.gnu-tools-for-stm32.7-2018-q2-update.win32_1.0.0.201904181610/tools/bin/../lib/gcc/arm-none-eabi/7.3.1/../../../../arm-none-eabi/lib/thumb/v7-m\libc_nano.a(lib_a-nano-svfprintf.o)
                0x00000000080069bc                __ssputs_r
 .text._svfprintf_r
                0x0000000008006a70      0x1f0 c:/st/stm32cubeide_1.1.0/stm32cubeide/plugins/com.st.stm32cube.ide.mcu.externaltools.gnu-tools-for-stm32.7-2018-q2-update.win32_1.0.0.201904181610/tools/bin/../lib/gcc/arm-none-eabi/7.3.1/../../../../arm-none-eabi/lib/thumb/v7-m\libc_nano.a(lib_a-nano-svfprintf.o)
                0x0000000008006a70                _svfiprintf_r
                0x0000000008006a70                _svfprintf_r
 .text._printf_common
                0x0000000008006c60       0xec c:/st/stm32cubeide_1.1.0/stm32cubeide/plugins/com.st.stm32cube.ide.mcu.externaltools.gnu-tools-for-stm32.7-2018-q2-update.win32_1.0.0.201904181610/tools/bin/../lib/gcc/arm-none-eabi/7.3.1/../../../../arm-none-eabi/lib/thumb/v7-m\libc_nano.a(lib_a-nano-vfprintf_i.o)
                0x0000000008006c60                _printf_common
 .text._printf_i
                0x0000000008006d4c      0x224 c:/st/stm32cubeide_1.1.0/stm32cubeide/plugins/com.st.stm32cube.ide.mcu.externaltools.gnu-tools-for-stm32.7-2018-q2-update.win32_1.0.0.201904181610/tools/bin/../lib/gcc/arm-none-eabi/7.3.1/../../../../arm-none-eabi/lib/thumb/v7-m\libc_nano.a(lib_a-nano-vfprintf_i.o)
                0x0000000008006d4c                _printf_i
 .text.memchr   0x0000000008006f70       0x1c c:/st/stm32cubeide_1.1.0/stm32cubeide/plugins/com.st.stm32cube.ide.mcu.externaltools.gnu-tools-for-stm32.7-2018-q2-update.win32_1.0.0.201904181610/tools/bin/../lib/gcc/arm-none-eabi/7.3.1/../../../../arm-none-eabi/lib/thumb/v7-m\libc_nano.a(lib_a-memchr-stub.o)
                0x0000000008006f70                memchr
 .text.memcpy   0x0000000008006f8c       0x16 c:/st/stm32cubeide_1.1.0/stm32cubeide/plugins/com.st.stm32cube.ide.mcu.externaltools.gnu-tools-for-stm32.7-2018-q2-update.win32_1.0.0.201904181610/tools/bin/../lib/gcc/arm-none-eabi/7.3.1/../../../../arm-none-eabi/lib/thumb/v7-m\libc_nano.a(lib_a-memcpy-stub.o)
                0x0000000008006f8c                memcpy
 .text.memmove  0x0000000008006fa2       0x32 c:/st/stm32cubeide_1.1.0/stm32cubeide/plugins/com.st.stm32cube.ide.mcu.externaltools.gnu-tools-for-stm32.7-2018-q2-update.win32_1.0.0.201904181610/tools/bin/../lib/gcc/arm-none-eabi/7.3.1/../../../../arm-none-eabi/lib/thumb/v7-m\libc_nano.a(lib_a-memmove.o)
                0x0000000008006fa2                memmove
 .text._free_r  0x0000000008006fd4       0x98 c:/st/stm32cubeide_1.1.0/stm32cubeide/plugins/com.st.stm32cube.ide.mcu.externaltools.gnu-tools-for-stm32.7-2018-q2-update.win32_1.0.0.201904181610/tools/bin/../lib/gcc/arm-none-eabi/7.3.1/../../../../arm-none-eabi/lib/thumb/v7-m\libc_nano.a(lib_a-nano-freer.o)
                0x0000000008006fd4                _free_r
 .text._malloc_r
                0x000000000800706c       0xb4 c:/st/stm32cubeide_1.1.0/stm32cubeide/plugins/com.st.stm32cube.ide.mcu.externaltools.gnu-tools-for-stm32.7-2018-q2-update.win32_1.0.0.201904181610/tools/bin/../lib/gcc/arm-none-eabi/7.3.1/../../../../arm-none-eabi/lib/thumb/v7-m\libc_nano.a(lib_a-nano-mallocr.o)
                0x000000000800706c                _malloc_r
 .text._realloc_r
                0x0000000008007120       0x4c c:/st/stm32cubeide_1.1.0/stm32cubeide/plugins/com.st.stm32cube.ide.mcu.externaltools.gnu-tools-for-stm32.7-2018-q2-update.win32_1.0.0.201904181610/tools/bin/../lib/gcc/arm-none-eabi/7.3.1/../../../../arm-none-eabi/lib/thumb/v7-m\libc_nano.a(lib_a-nano-reallocr.o)
                0x0000000008007120                _realloc_r
 .text._sbrk_r  0x000000000800716c       0x20 c:/st/stm32cubeide_1.1.0/stm32cubeide/plugins/com.st.stm32cube.ide.mcu.externaltools.gnu-tools-for-stm32.7-2018-q2-update.win32_1.0.0.201904181610/tools/bin/../lib/gcc/arm-none-eabi/7.3.1/../../../../arm-none-eabi/lib/thumb/v7-m\libc_nano.a(lib_a-sbrkr.o)
                0x000000000800716c                _sbrk_r
 .text.__malloc_lock
                0x000000000800718c        0x2 c:/st/stm32cubeide_1.1.0/stm32cubeide/plugins/com.st.stm32cube.ide.mcu.externaltools.gnu-tools-for-stm32.7-2018-q2-update.win32_1.0.0.201904181610/tools/bin/../lib/gcc/arm-none-eabi/7.3.1/../../../../arm-none-eabi/lib/thumb/v7-m\libc_nano.a(lib_a-mlock.o)
                0x000000000800718c                __malloc_lock
 .text.__malloc_unlock
                0x000000000800718e        0x2 c:/st/stm32cubeide_1.1.0/stm32cubeide/plugins/com.st.stm32cube.ide.mcu.externaltools.gnu-tools-for-stm32.7-2018-q2-update.win32_1.0.0.201904181610/tools/bin/../lib/gcc/arm-none-eabi/7.3.1/../../../../arm-none-eabi/lib/thumb/v7-m\libc_nano.a(lib_a-mlock.o)
                0x000000000800718e                __malloc_unlock
 .text._malloc_usable_size_r
                0x0000000008007190       0x10 c:/st/stm32cubeide_1.1.0/stm32cubeide/plugins/com.st.stm32cube.ide.mcu.externaltools.gnu-tools-for-stm32.7-2018-q2-update.win32_1.0.0.201904181610/tools/bin/../lib/gcc/arm-none-eabi/7.3.1/../../../../arm-none-eabi/lib/thumb/v7-m\libc_nano.a(lib_a-nano-msizer.o)
                0x0000000008007190                _malloc_usable_size_r
 *(.glue_7)
 .glue_7        0x00000000080071a0        0x0 linker stubs
 *(.glue_7t)
 .glue_7t       0x00000000080071a0        0x0 linker stubs
 *(.eh_frame)
 .eh_frame      0x00000000080071a0        0x0 c:/st/stm32cubeide_1.1.0/stm32cubeide/plugins/com.st.stm32cube.ide.mcu.externaltools.gnu-tools-for-stm32.7-2018-q2-update.win32_1.0.0.201904181610/tools/bin/../lib/gcc/arm-none-eabi/7.3.1/thumb/v7-m/crtbegin.o
 *(.init)
 .init          0x00000000080071a0        0x4 c:/st/stm32cubeide_1.1.0/stm32cubeide/plugins/com.st.stm32cube.ide.mcu.externaltools.gnu-tools-for-stm32.7-2018-q2-update.win32_1.0.0.201904181610/tools/bin/../lib/gcc/arm-none-eabi/7.3.1/thumb/v7-m/crti.o
                0x00000000080071a0                _init
 .init          0x00000000080071a4        0x8 c:/st/stm32cubeide_1.1.0/stm32cubeide/plugins/com.st.stm32cube.ide.mcu.externaltools.gnu-tools-for-stm32.7-2018-q2-update.win32_1.0.0.201904181610/tools/bin/../lib/gcc/arm-none-eabi/7.3.1/thumb/v7-m/crtn.o
 *(.fini)
 .fini          0x00000000080071ac        0x4 c:/st/stm32cubeide_1.1.0/stm32cubeide/plugins/com.st.stm32cube.ide.mcu.externaltools.gnu-tools-for-stm32.7-2018-q2-update.win32_1.0.0.201904181610/tools/bin/../lib/gcc/arm-none-eabi/7.3.1/thumb/v7-m/crti.o
                0x00000000080071ac                _fini
 .fini          0x00000000080071b0        0x8 c:/st/stm32cubeide_1.1.0/stm32cubeide/plugins/com.st.stm32cube.ide.mcu.externaltools.gnu-tools-for-stm32.7-2018-q2-update.win32_1.0.0.201904181610/tools/bin/../lib/gcc/arm-none-eabi/7.3.1/thumb/v7-m/crtn.o
                0x00000000080071b8                . = ALIGN (0x4)
                0x00000000080071b8                _etext = .

.vfp11_veneer   0x00000000080071b8        0x0
 .vfp11_veneer  0x00000000080071b8        0x0 linker stubs

.v4_bx          0x00000000080071b8        0x0
 .v4_bx         0x00000000080071b8        0x0 linker stubs

.iplt           0x00000000080071b8        0x0
 .iplt          0x00000000080071b8        0x0 c:/st/stm32cubeide_1.1.0/stm32cubeide/plugins/com.st.stm32cube.ide.mcu.externaltools.gnu-tools-for-stm32.7-2018-q2-update.win32_1.0.0.201904181610/tools/bin/../lib/gcc/arm-none-eabi/7.3.1/thumb/v7-m/crtbegin.o

.rodata         0x00000000080071b8      0xb68
                0x00000000080071b8                . = ALIGN (0x4)
 *(.rodata)
 .rodata        0x00000000080071b8        0x3 Core/Src/main.o
 *fill*         0x00000000080071bb        0x1 
 .rodata        0x00000000080071bc       0x12 Drivers/STM32F1xx_HAL_Driver/Src/stm32f1xx_hal_rcc.o
 *fill*         0x00000000080071ce        0x2 
 .rodata        0x00000000080071d0        0x3 USB_DEVICE/App/usbd_cdc_if.o
 *fill*         0x00000000080071d3        0x1 
 .rodata        0x00000000080071d4       0x46 USB_DEVICE/App/usbd_desc.o
 *(.rodata*)
 *fill*         0x000000000800721a        0x2 
 .rodata.AHBPrescTable
                0x000000000800721c       0x10 Core/Src/system_stm32f1xx.o
                0x000000000800721c                AHBPrescTable
 .rodata.APBPrescTable
                0x000000000800722c        0x8 Core/Src/system_stm32f1xx.o
                0x000000000800722c                APBPrescTable
 .rodata.Font12_Table
                0x0000000008007234      0xa80 Drivers/oled/Fonts/font12.o
                0x0000000008007234                Font12_Table
 .rodata.SSD1306_regValues
                0x0000000008007cb4       0x39 Drivers/oled/oled.o
 .rodata._svfprintf_r.str1.1
                0x0000000008007ced       0x11 c:/st/stm32cubeide_1.1.0/stm32cubeide/plugins/com.st.stm32cube.ide.mcu.externaltools.gnu-tools-for-stm32.7-2018-q2-update.win32_1.0.0.201904181610/tools/bin/../lib/gcc/arm-none-eabi/7.3.1/../../../../arm-none-eabi/lib/thumb/v7-m\libc_nano.a(lib_a-nano-svfprintf.o)
 .rodata._printf_i.str1.1
                0x0000000008007cfe       0x22 c:/st/stm32cubeide_1.1.0/stm32cubeide/plugins/com.st.stm32cube.ide.mcu.externaltools.gnu-tools-for-stm32.7-2018-q2-update.win32_1.0.0.201904181610/tools/bin/../lib/gcc/arm-none-eabi/7.3.1/../../../../arm-none-eabi/lib/thumb/v7-m\libc_nano.a(lib_a-nano-vfprintf_i.o)
                0x0000000008007d20                . = ALIGN (0x4)

.rel.dyn        0x0000000008007d20        0x0
 .rel.iplt      0x0000000008007d20        0x0 c:/st/stm32cubeide_1.1.0/stm32cubeide/plugins/com.st.stm32cube.ide.mcu.externaltools.gnu-tools-for-stm32.7-2018-q2-update.win32_1.0.0.201904181610/tools/bin/../lib/gcc/arm-none-eabi/7.3.1/thumb/v7-m/crtbegin.o

.ARM.extab      0x0000000008007d20        0x0
                0x0000000008007d20                . = ALIGN (0x4)
 *(.ARM.extab* .gnu.linkonce.armextab.*)
                0x0000000008007d20                . = ALIGN (0x4)

.ARM            0x0000000008007d20        0x0
                0x0000000008007d20                . = ALIGN (0x4)
                0x0000000008007d20                __exidx_start = .
 *(.ARM.exidx*)
                0x0000000008007d20                __exidx_end = .
                0x0000000008007d20                . = ALIGN (0x4)

.preinit_array  0x0000000008007d20        0x0
                0x0000000008007d20                . = ALIGN (0x4)
                0x0000000008007d20                PROVIDE (__preinit_array_start = .)
 *(.preinit_array*)
                0x0000000008007d20                PROVIDE (__preinit_array_end = .)
                0x0000000008007d20                . = ALIGN (0x4)

.init_array     0x0000000008007d20        0x4
                0x0000000008007d20                . = ALIGN (0x4)
                0x0000000008007d20                PROVIDE (__init_array_start = .)
 *(SORT_BY_NAME(.init_array.*))
 *(.init_array*)
 .init_array    0x0000000008007d20        0x4 c:/st/stm32cubeide_1.1.0/stm32cubeide/plugins/com.st.stm32cube.ide.mcu.externaltools.gnu-tools-for-stm32.7-2018-q2-update.win32_1.0.0.201904181610/tools/bin/../lib/gcc/arm-none-eabi/7.3.1/thumb/v7-m/crtbegin.o
                0x0000000008007d24                PROVIDE (__init_array_end = .)
                0x0000000008007d24                . = ALIGN (0x4)

.fini_array     0x0000000008007d24        0x4
                0x0000000008007d24                . = ALIGN (0x4)
                [!provide]                        PROVIDE (__fini_array_start = .)
 *(SORT_BY_NAME(.fini_array.*))
 *(.fini_array*)
 .fini_array    0x0000000008007d24        0x4 c:/st/stm32cubeide_1.1.0/stm32cubeide/plugins/com.st.stm32cube.ide.mcu.externaltools.gnu-tools-for-stm32.7-2018-q2-update.win32_1.0.0.201904181610/tools/bin/../lib/gcc/arm-none-eabi/7.3.1/thumb/v7-m/crtbegin.o
                [!provide]                        PROVIDE (__fini_array_end = .)
                0x0000000008007d28                . = ALIGN (0x4)
                0x0000000008007d28                _sidata = LOADADDR (.data)

.data           0x0000000020000000      0x1ec load address 0x0000000008007d28
                0x0000000020000000                . = ALIGN (0x4)
                0x0000000020000000                _sdata = .
 *(.data)
 *(.data*)
 .data.SystemCoreClock
                0x0000000020000000        0x4 Core/Src/system_stm32f1xx.o
                0x0000000020000000                SystemCoreClock
 .data.uwTickPrio
                0x0000000020000004        0x4 Drivers/STM32F1xx_HAL_Driver/Src/stm32f1xx_hal.o
                0x0000000020000004                uwTickPrio
 .data.uwTickFreq
                0x0000000020000008        0x1 Drivers/STM32F1xx_HAL_Driver/Src/stm32f1xx_hal.o
                0x0000000020000008                uwTickFreq
 *fill*         0x0000000020000009        0x3 
 .data.Font12   0x000000002000000c        0x8 Drivers/oled/Fonts/font12.o
                0x000000002000000c                Font12
 .data.fonts    0x0000000020000014        0x4 Drivers/oled/oled.o
 .data.USBD_CDC_DeviceQualifierDesc
                0x0000000020000018        0xa Middlewares/ST/STM32_USB_Device_Library/Class/CDC/Src/usbd_cdc.o
 *fill*         0x0000000020000022        0x2 
 .data.USBD_CDC
                0x0000000020000024       0x38 Middlewares/ST/STM32_USB_Device_Library/Class/CDC/Src/usbd_cdc.o
                0x0000000020000024                USBD_CDC
 .data.USBD_CDC_CfgHSDesc
                0x000000002000005c       0x43 Middlewares/ST/STM32_USB_Device_Library/Class/CDC/Src/usbd_cdc.o
                0x000000002000005c                USBD_CDC_CfgHSDesc
 *fill*         0x000000002000009f        0x1 
 .data.USBD_CDC_CfgFSDesc
                0x00000000200000a0       0x43 Middlewares/ST/STM32_USB_Device_Library/Class/CDC/Src/usbd_cdc.o
                0x00000000200000a0                USBD_CDC_CfgFSDesc
 *fill*         0x00000000200000e3        0x1 
 .data.USBD_CDC_OtherSpeedCfgDesc
                0x00000000200000e4       0x43 Middlewares/ST/STM32_USB_Device_Library/Class/CDC/Src/usbd_cdc.o
                0x00000000200000e4                USBD_CDC_OtherSpeedCfgDesc
 *fill*         0x0000000020000127        0x1 
 .data.USBD_Interface_fops_FS
                0x0000000020000128       0x10 USB_DEVICE/App/usbd_cdc_if.o
                0x0000000020000128                USBD_Interface_fops_FS
 .data.FS_Desc  0x0000000020000138       0x1c USB_DEVICE/App/usbd_desc.o
                0x0000000020000138                FS_Desc
 .data.USBD_FS_DeviceDesc
                0x0000000020000154       0x12 USB_DEVICE/App/usbd_desc.o
                0x0000000020000154                USBD_FS_DeviceDesc
 *fill*         0x0000000020000166        0x2 
 .data.USBD_LangIDDesc
                0x0000000020000168        0x4 USB_DEVICE/App/usbd_desc.o
                0x0000000020000168                USBD_LangIDDesc
 .data.USBD_StringSerial
                0x000000002000016c       0x1a USB_DEVICE/App/usbd_desc.o
                0x000000002000016c                USBD_StringSerial
 *fill*         0x0000000020000186        0x2 
 .data._impure_ptr
                0x0000000020000188        0x4 c:/st/stm32cubeide_1.1.0/stm32cubeide/plugins/com.st.stm32cube.ide.mcu.externaltools.gnu-tools-for-stm32.7-2018-q2-update.win32_1.0.0.201904181610/tools/bin/../lib/gcc/arm-none-eabi/7.3.1/../../../../arm-none-eabi/lib/thumb/v7-m\libc_nano.a(lib_a-impure.o)
                0x0000000020000188                _impure_ptr
 .data.impure_data
                0x000000002000018c       0x60 c:/st/stm32cubeide_1.1.0/stm32cubeide/plugins/com.st.stm32cube.ide.mcu.externaltools.gnu-tools-for-stm32.7-2018-q2-update.win32_1.0.0.201904181610/tools/bin/../lib/gcc/arm-none-eabi/7.3.1/../../../../arm-none-eabi/lib/thumb/v7-m\libc_nano.a(lib_a-impure.o)
                0x00000000200001ec                . = ALIGN (0x4)
                0x00000000200001ec                _edata = .

.igot.plt       0x00000000200001ec        0x0 load address 0x0000000008007f14
 .igot.plt      0x00000000200001ec        0x0 c:/st/stm32cubeide_1.1.0/stm32cubeide/plugins/com.st.stm32cube.ide.mcu.externaltools.gnu-tools-for-stm32.7-2018-q2-update.win32_1.0.0.201904181610/tools/bin/../lib/gcc/arm-none-eabi/7.3.1/thumb/v7-m/crtbegin.o
                0x00000000200001ec                . = ALIGN (0x4)

.bss            0x00000000200001ec     0x173c load address 0x0000000008007f14
                0x00000000200001ec                _sbss = .
                0x00000000200001ec                __bss_start__ = _sbss
 *(.bss)
 .bss           0x00000000200001ec       0x1c c:/st/stm32cubeide_1.1.0/stm32cubeide/plugins/com.st.stm32cube.ide.mcu.externaltools.gnu-tools-for-stm32.7-2018-q2-update.win32_1.0.0.201904181610/tools/bin/../lib/gcc/arm-none-eabi/7.3.1/thumb/v7-m/crtbegin.o
 *(.bss*)
 .bss.heap_end.5149
                0x0000000020000208        0x4 Core/Src/sysmem.o
 .bss.m_width   0x000000002000020c        0x2 Drivers/oled/oled.o
 .bss.m_height  0x000000002000020e        0x2 Drivers/oled/oled.o
 .bss.m_cursor_x
                0x0000000020000210        0x2 Drivers/oled/oled.o
 .bss.m_cursor_y
                0x0000000020000212        0x2 Drivers/oled/oled.o
 .bss.m_textcolor
                0x0000000020000214        0x2 Drivers/oled/oled.o
 .bss.m_font    0x0000000020000216        0x1 Drivers/oled/oled.o
 .bss.m_inverted
                0x0000000020000217        0x1 Drivers/oled/oled.o
 .bss.m_wrap    0x0000000020000218        0x1 Drivers/oled/oled.o
 *fill*         0x0000000020000219        0x3 
 .bss.OLED_Buffer
                0x000000002000021c      0x400 Drivers/oled/oled.o
 .bss.OLED_hi2c
                0x000000002000061c        0x4 Drivers/oled/oled.o
 .bss.buf.7065  0x0000000020000620      0x100 Drivers/oled/oled.o
 .bss.cfgidx.7870
                0x0000000020000720        0x1 Middlewares/ST/STM32_USB_Device_Library/Core/Src/usbd_ctlreq.o
 *fill*         0x0000000020000721        0x3 
 .bss.mem.7935  0x0000000020000724      0x220 USB_DEVICE/Target/usbd_conf.o
 .bss.__malloc_free_list
                0x0000000020000944        0x4 c:/st/stm32cubeide_1.1.0/stm32cubeide/plugins/com.st.stm32cube.ide.mcu.externaltools.gnu-tools-for-stm32.7-2018-q2-update.win32_1.0.0.201904181610/tools/bin/../lib/gcc/arm-none-eabi/7.3.1/../../../../arm-none-eabi/lib/thumb/v7-m\libc_nano.a(lib_a-nano-mallocr.o)
                0x0000000020000944                __malloc_free_list
 .bss.__malloc_sbrk_start
                0x0000000020000948        0x4 c:/st/stm32cubeide_1.1.0/stm32cubeide/plugins/com.st.stm32cube.ide.mcu.externaltools.gnu-tools-for-stm32.7-2018-q2-update.win32_1.0.0.201904181610/tools/bin/../lib/gcc/arm-none-eabi/7.3.1/../../../../arm-none-eabi/lib/thumb/v7-m\libc_nano.a(lib_a-nano-mallocr.o)
                0x0000000020000948                __malloc_sbrk_start
 *(COMMON)
 COMMON         0x000000002000094c       0x54 Core/Src/i2c.o
                0x000000002000094c                hi2c1
 COMMON         0x00000000200009a0       0x80 Core/Src/main.o
                0x00000000200009a0                rx
 COMMON         0x0000000020000a20        0x4 Drivers/STM32F1xx_HAL_Driver/Src/stm32f1xx_hal.o
                0x0000000020000a20                uwTick
 COMMON         0x0000000020000a24      0x2c4 USB_DEVICE/App/usb_device.o
                0x0000000020000a24                hUsbDeviceFS
 COMMON         0x0000000020000ce8      0x7d0 USB_DEVICE/App/usbd_cdc_if.o
                0x0000000020000ce8                UserRxBufferFS
                0x00000000200010d0                UserTxBufferFS
 COMMON         0x00000000200014b8      0x200 USB_DEVICE/App/usbd_desc.o
                0x00000000200014b8                USBD_StrDesc
 COMMON         0x00000000200016b8      0x26c USB_DEVICE/Target/usbd_conf.o
                0x00000000200016b8                hpcd_USB_FS
 COMMON         0x0000000020001924        0x4 c:/st/stm32cubeide_1.1.0/stm32cubeide/plugins/com.st.stm32cube.ide.mcu.externaltools.gnu-tools-for-stm32.7-2018-q2-update.win32_1.0.0.201904181610/tools/bin/../lib/gcc/arm-none-eabi/7.3.1/../../../../arm-none-eabi/lib/thumb/v7-m\libc_nano.a(lib_a-reent.o)
                0x0000000020001924                errno
                0x0000000020001928                . = ALIGN (0x4)
                0x0000000020001928                _ebss = .
                0x0000000020001928                __bss_end__ = _ebss

._user_heap_stack
                0x0000000020001928      0x600 load address 0x0000000008007f14
                0x0000000020001928                . = ALIGN (0x8)
                0x0000000020001928                PROVIDE (end = .)
                [!provide]                        PROVIDE (_end = .)
                0x0000000020001b28                . = (. + _Min_Heap_Size)
 *fill*         0x0000000020001928      0x200 
                0x0000000020001f28                . = (. + _Min_Stack_Size)
 *fill*         0x0000000020001b28      0x400 
                0x0000000020001f28                . = ALIGN (0x8)

/DISCARD/
 libc.a(*)
 libm.a(*)
 libgcc.a(*)

.ARM.attributes
                0x0000000000000000       0x29
 *(.ARM.attributes)
 .ARM.attributes
                0x0000000000000000       0x1d c:/st/stm32cubeide_1.1.0/stm32cubeide/plugins/com.st.stm32cube.ide.mcu.externaltools.gnu-tools-for-stm32.7-2018-q2-update.win32_1.0.0.201904181610/tools/bin/../lib/gcc/arm-none-eabi/7.3.1/thumb/v7-m/crti.o
 .ARM.attributes
                0x000000000000001d       0x2d c:/st/stm32cubeide_1.1.0/stm32cubeide/plugins/com.st.stm32cube.ide.mcu.externaltools.gnu-tools-for-stm32.7-2018-q2-update.win32_1.0.0.201904181610/tools/bin/../lib/gcc/arm-none-eabi/7.3.1/thumb/v7-m/crtbegin.o
 .ARM.attributes
                0x000000000000004a       0x33 Core/Src/gpio.o
 .ARM.attributes
                0x000000000000007d       0x33 Core/Src/i2c.o
 .ARM.attributes
                0x00000000000000b0       0x33 Core/Src/main.o
 .ARM.attributes
                0x00000000000000e3       0x33 Core/Src/stm32f1xx_hal_msp.o
 .ARM.attributes
                0x0000000000000116       0x33 Core/Src/stm32f1xx_it.o
 .ARM.attributes
                0x0000000000000149       0x33 Core/Src/sysmem.o
 .ARM.attributes
                0x000000000000017c       0x33 Core/Src/system_stm32f1xx.o
 .ARM.attributes
                0x00000000000001af       0x21 Core/Startup/startup_stm32f103c8tx.o
 .ARM.attributes
                0x00000000000001d0       0x33 Drivers/STM32F1xx_HAL_Driver/Src/stm32f1xx_hal.o
 .ARM.attributes
                0x0000000000000203       0x33 Drivers/STM32F1xx_HAL_Driver/Src/stm32f1xx_hal_cortex.o
 .ARM.attributes
                0x0000000000000236       0x33 Drivers/STM32F1xx_HAL_Driver/Src/stm32f1xx_hal_gpio.o
 .ARM.attributes
                0x0000000000000269       0x33 Drivers/STM32F1xx_HAL_Driver/Src/stm32f1xx_hal_i2c.o
 .ARM.attributes
                0x000000000000029c       0x33 Drivers/STM32F1xx_HAL_Driver/Src/stm32f1xx_hal_pcd.o
 .ARM.attributes
                0x00000000000002cf       0x33 Drivers/STM32F1xx_HAL_Driver/Src/stm32f1xx_hal_pcd_ex.o
 .ARM.attributes
                0x0000000000000302       0x33 Drivers/STM32F1xx_HAL_Driver/Src/stm32f1xx_hal_rcc.o
 .ARM.attributes
                0x0000000000000335       0x33 Drivers/STM32F1xx_HAL_Driver/Src/stm32f1xx_hal_rcc_ex.o
 .ARM.attributes
                0x0000000000000368       0x33 Drivers/STM32F1xx_HAL_Driver/Src/stm32f1xx_ll_usb.o
 .ARM.attributes
                0x000000000000039b       0x33 Drivers/oled/Fonts/font12.o
 .ARM.attributes
                0x00000000000003ce       0x33 Drivers/oled/oled.o
 .ARM.attributes
                0x0000000000000401       0x33 Middlewares/ST/STM32_USB_Device_Library/Class/CDC/Src/usbd_cdc.o
 .ARM.attributes
                0x0000000000000434       0x33 Middlewares/ST/STM32_USB_Device_Library/Core/Src/usbd_core.o
 .ARM.attributes
                0x0000000000000467       0x33 Middlewares/ST/STM32_USB_Device_Library/Core/Src/usbd_ctlreq.o
 .ARM.attributes
                0x000000000000049a       0x33 Middlewares/ST/STM32_USB_Device_Library/Core/Src/usbd_ioreq.o
 .ARM.attributes
                0x00000000000004cd       0x33 USB_DEVICE/App/usb_device.o
 .ARM.attributes
                0x0000000000000500       0x33 USB_DEVICE/App/usbd_cdc_if.o
 .ARM.attributes
                0x0000000000000533       0x33 USB_DEVICE/App/usbd_desc.o
 .ARM.attributes
                0x0000000000000566       0x33 USB_DEVICE/Target/usbd_conf.o
 .ARM.attributes
                0x0000000000000599       0x2d c:/st/stm32cubeide_1.1.0/stm32cubeide/plugins/com.st.stm32cube.ide.mcu.externaltools.gnu-tools-for-stm32.7-2018-q2-update.win32_1.0.0.201904181610/tools/bin/../lib/gcc/arm-none-eabi/7.3.1/../../../../arm-none-eabi/lib/thumb/v7-m\libc_nano.a(lib_a-errno.o)
 .ARM.attributes
                0x00000000000005c6       0x2d c:/st/stm32cubeide_1.1.0/stm32cubeide/plugins/com.st.stm32cube.ide.mcu.externaltools.gnu-tools-for-stm32.7-2018-q2-update.win32_1.0.0.201904181610/tools/bin/../lib/gcc/arm-none-eabi/7.3.1/../../../../arm-none-eabi/lib/thumb/v7-m\libc_nano.a(lib_a-impure.o)
 .ARM.attributes
                0x00000000000005f3       0x2d c:/st/stm32cubeide_1.1.0/stm32cubeide/plugins/com.st.stm32cube.ide.mcu.externaltools.gnu-tools-for-stm32.7-2018-q2-update.win32_1.0.0.201904181610/tools/bin/../lib/gcc/arm-none-eabi/7.3.1/../../../../arm-none-eabi/lib/thumb/v7-m\libc_nano.a(lib_a-init.o)
 .ARM.attributes
                0x0000000000000620       0x2d c:/st/stm32cubeide_1.1.0/stm32cubeide/plugins/com.st.stm32cube.ide.mcu.externaltools.gnu-tools-for-stm32.7-2018-q2-update.win32_1.0.0.201904181610/tools/bin/../lib/gcc/arm-none-eabi/7.3.1/../../../../arm-none-eabi/lib/thumb/v7-m\libc_nano.a(lib_a-memset.o)
 .ARM.attributes
                0x000000000000064d       0x2d c:/st/stm32cubeide_1.1.0/stm32cubeide/plugins/com.st.stm32cube.ide.mcu.externaltools.gnu-tools-for-stm32.7-2018-q2-update.win32_1.0.0.201904181610/tools/bin/../lib/gcc/arm-none-eabi/7.3.1/../../../../arm-none-eabi/lib/thumb/v7-m\libc_nano.a(lib_a-snprintf.o)
 .ARM.attributes
                0x000000000000067a       0x2d c:/st/stm32cubeide_1.1.0/stm32cubeide/plugins/com.st.stm32cube.ide.mcu.externaltools.gnu-tools-for-stm32.7-2018-q2-update.win32_1.0.0.201904181610/tools/bin/../lib/gcc/arm-none-eabi/7.3.1/../../../../arm-none-eabi/lib/thumb/v7-m\libc_nano.a(lib_a-vsprintf.o)
 .ARM.attributes
                0x00000000000006a7       0x2d c:/st/stm32cubeide_1.1.0/stm32cubeide/plugins/com.st.stm32cube.ide.mcu.externaltools.gnu-tools-for-stm32.7-2018-q2-update.win32_1.0.0.201904181610/tools/bin/../lib/gcc/arm-none-eabi/7.3.1/../../../../arm-none-eabi/lib/thumb/v7-m\libc_nano.a(lib_a-nano-svfprintf.o)
 .ARM.attributes
                0x00000000000006d4       0x2d c:/st/stm32cubeide_1.1.0/stm32cubeide/plugins/com.st.stm32cube.ide.mcu.externaltools.gnu-tools-for-stm32.7-2018-q2-update.win32_1.0.0.201904181610/tools/bin/../lib/gcc/arm-none-eabi/7.3.1/../../../../arm-none-eabi/lib/thumb/v7-m\libc_nano.a(lib_a-nano-vfprintf_i.o)
 .ARM.attributes
                0x0000000000000701       0x2d c:/st/stm32cubeide_1.1.0/stm32cubeide/plugins/com.st.stm32cube.ide.mcu.externaltools.gnu-tools-for-stm32.7-2018-q2-update.win32_1.0.0.201904181610/tools/bin/../lib/gcc/arm-none-eabi/7.3.1/../../../../arm-none-eabi/lib/thumb/v7-m\libc_nano.a(lib_a-memchr-stub.o)
 .ARM.attributes
                0x000000000000072e       0x2d c:/st/stm32cubeide_1.1.0/stm32cubeide/plugins/com.st.stm32cube.ide.mcu.externaltools.gnu-tools-for-stm32.7-2018-q2-update.win32_1.0.0.201904181610/tools/bin/../lib/gcc/arm-none-eabi/7.3.1/../../../../arm-none-eabi/lib/thumb/v7-m\libc_nano.a(lib_a-memcpy-stub.o)
 .ARM.attributes
                0x000000000000075b       0x2d c:/st/stm32cubeide_1.1.0/stm32cubeide/plugins/com.st.stm32cube.ide.mcu.externaltools.gnu-tools-for-stm32.7-2018-q2-update.win32_1.0.0.201904181610/tools/bin/../lib/gcc/arm-none-eabi/7.3.1/../../../../arm-none-eabi/lib/thumb/v7-m\libc_nano.a(lib_a-memmove.o)
 .ARM.attributes
                0x0000000000000788       0x2d c:/st/stm32cubeide_1.1.0/stm32cubeide/plugins/com.st.stm32cube.ide.mcu.externaltools.gnu-tools-for-stm32.7-2018-q2-update.win32_1.0.0.201904181610/tools/bin/../lib/gcc/arm-none-eabi/7.3.1/../../../../arm-none-eabi/lib/thumb/v7-m\libc_nano.a(lib_a-nano-freer.o)
 .ARM.attributes
                0x00000000000007b5       0x2d c:/st/stm32cubeide_1.1.0/stm32cubeide/plugins/com.st.stm32cube.ide.mcu.externaltools.gnu-tools-for-stm32.7-2018-q2-update.win32_1.0.0.201904181610/tools/bin/../lib/gcc/arm-none-eabi/7.3.1/../../../../arm-none-eabi/lib/thumb/v7-m\libc_nano.a(lib_a-nano-mallocr.o)
 .ARM.attributes
                0x00000000000007e2       0x2d c:/st/stm32cubeide_1.1.0/stm32cubeide/plugins/com.st.stm32cube.ide.mcu.externaltools.gnu-tools-for-stm32.7-2018-q2-update.win32_1.0.0.201904181610/tools/bin/../lib/gcc/arm-none-eabi/7.3.1/../../../../arm-none-eabi/lib/thumb/v7-m\libc_nano.a(lib_a-nano-reallocr.o)
 .ARM.attributes
                0x000000000000080f       0x2d c:/st/stm32cubeide_1.1.0/stm32cubeide/plugins/com.st.stm32cube.ide.mcu.externaltools.gnu-tools-for-stm32.7-2018-q2-update.win32_1.0.0.201904181610/tools/bin/../lib/gcc/arm-none-eabi/7.3.1/../../../../arm-none-eabi/lib/thumb/v7-m\libc_nano.a(lib_a-sbrkr.o)
 .ARM.attributes
                0x000000000000083c       0x2d c:/st/stm32cubeide_1.1.0/stm32cubeide/plugins/com.st.stm32cube.ide.mcu.externaltools.gnu-tools-for-stm32.7-2018-q2-update.win32_1.0.0.201904181610/tools/bin/../lib/gcc/arm-none-eabi/7.3.1/../../../../arm-none-eabi/lib/thumb/v7-m\libc_nano.a(lib_a-mlock.o)
 .ARM.attributes
                0x0000000000000869       0x2d c:/st/stm32cubeide_1.1.0/stm32cubeide/plugins/com.st.stm32cube.ide.mcu.externaltools.gnu-tools-for-stm32.7-2018-q2-update.win32_1.0.0.201904181610/tools/bin/../lib/gcc/arm-none-eabi/7.3.1/../../../../arm-none-eabi/lib/thumb/v7-m\libc_nano.a(lib_a-nano-msizer.o)
 .ARM.attributes
                0x0000000000000896       0x2d c:/st/stm32cubeide_1.1.0/stm32cubeide/plugins/com.st.stm32cube.ide.mcu.externaltools.gnu-tools-for-stm32.7-2018-q2-update.win32_1.0.0.201904181610/tools/bin/../lib/gcc/arm-none-eabi/7.3.1/../../../../arm-none-eabi/lib/thumb/v7-m\libc_nano.a(lib_a-reent.o)
 .ARM.attributes
                0x00000000000008c3       0x1d c:/st/stm32cubeide_1.1.0/stm32cubeide/plugins/com.st.stm32cube.ide.mcu.externaltools.gnu-tools-for-stm32.7-2018-q2-update.win32_1.0.0.201904181610/tools/bin/../lib/gcc/arm-none-eabi/7.3.1/thumb/v7-m/crtn.o
OUTPUT(2.USB_RS232.elf elf32-littlearm)

.debug_info     0x0000000000000000    0x15c0a
 .debug_info    0x0000000000000000      0x25f Core/Src/gpio.o
 .debug_info    0x000000000000025f      0x8c3 Core/Src/i2c.o
 .debug_info    0x0000000000000b22     0x14ed Core/Src/main.o
 .debug_info    0x000000000000200f      0x2cb Core/Src/stm32f1xx_hal_msp.o
 .debug_info    0x00000000000022da      0x681 Core/Src/stm32f1xx_it.o
 .debug_info    0x000000000000295b      0x91c Core/Src/sysmem.o
 .debug_info    0x0000000000003277      0x433 Core/Src/system_stm32f1xx.o
 .debug_info    0x00000000000036aa       0x22 Core/Startup/startup_stm32f103c8tx.o
 .debug_info    0x00000000000036cc      0x6fe Drivers/STM32F1xx_HAL_Driver/Src/stm32f1xx_hal.o
 .debug_info    0x0000000000003dca      0xb46 Drivers/STM32F1xx_HAL_Driver/Src/stm32f1xx_hal_cortex.o
 .debug_info    0x0000000000004910      0x681 Drivers/STM32F1xx_HAL_Driver/Src/stm32f1xx_hal_gpio.o
 .debug_info    0x0000000000004f91     0x2457 Drivers/STM32F1xx_HAL_Driver/Src/stm32f1xx_hal_i2c.o
 .debug_info    0x00000000000073e8      0xe38 Drivers/STM32F1xx_HAL_Driver/Src/stm32f1xx_hal_pcd.o
 .debug_info    0x0000000000008220      0x760 Drivers/STM32F1xx_HAL_Driver/Src/stm32f1xx_hal_pcd_ex.o
 .debug_info    0x0000000000008980      0x804 Drivers/STM32F1xx_HAL_Driver/Src/stm32f1xx_hal_rcc.o
 .debug_info    0x0000000000009184      0x439 Drivers/STM32F1xx_HAL_Driver/Src/stm32f1xx_hal_rcc_ex.o
 .debug_info    0x00000000000095bd     0x14f9 Drivers/STM32F1xx_HAL_Driver/Src/stm32f1xx_ll_usb.o
 .debug_info    0x000000000000aab6      0x117 Drivers/oled/Fonts/font12.o
 .debug_info    0x000000000000abcd     0x1d49 Drivers/oled/oled.o
 .debug_info    0x000000000000c916     0x1791 Middlewares/ST/STM32_USB_Device_Library/Class/CDC/Src/usbd_cdc.o
 .debug_info    0x000000000000e0a7     0x11c2 Middlewares/ST/STM32_USB_Device_Library/Core/Src/usbd_core.o
 .debug_info    0x000000000000f269     0x1132 Middlewares/ST/STM32_USB_Device_Library/Core/Src/usbd_ctlreq.o
 .debug_info    0x000000000001039b      0xf23 Middlewares/ST/STM32_USB_Device_Library/Core/Src/usbd_ioreq.o
 .debug_info    0x00000000000112be      0xe6b USB_DEVICE/App/usb_device.o
 .debug_info    0x0000000000012129     0x1045 USB_DEVICE/App/usbd_cdc_if.o
 .debug_info    0x000000000001316e      0xd07 USB_DEVICE/App/usbd_desc.o
 .debug_info    0x0000000000013e75     0x1d95 USB_DEVICE/Target/usbd_conf.o

.debug_abbrev   0x0000000000000000     0x3356
 .debug_abbrev  0x0000000000000000      0x109 Core/Src/gpio.o
 .debug_abbrev  0x0000000000000109      0x199 Core/Src/i2c.o
 .debug_abbrev  0x00000000000002a2      0x20e Core/Src/main.o
 .debug_abbrev  0x00000000000004b0      0x109 Core/Src/stm32f1xx_hal_msp.o
 .debug_abbrev  0x00000000000005b9      0x155 Core/Src/stm32f1xx_it.o
 .debug_abbrev  0x000000000000070e      0x1bb Core/Src/sysmem.o
 .debug_abbrev  0x00000000000008c9      0x134 Core/Src/system_stm32f1xx.o
 .debug_abbrev  0x00000000000009fd       0x12 Core/Startup/startup_stm32f103c8tx.o
 .debug_abbrev  0x0000000000000a0f      0x1d8 Drivers/STM32F1xx_HAL_Driver/Src/stm32f1xx_hal.o
 .debug_abbrev  0x0000000000000be7      0x2d5 Drivers/STM32F1xx_HAL_Driver/Src/stm32f1xx_hal_cortex.o
 .debug_abbrev  0x0000000000000ebc      0x1c0 Drivers/STM32F1xx_HAL_Driver/Src/stm32f1xx_hal_gpio.o
 .debug_abbrev  0x000000000000107c      0x258 Drivers/STM32F1xx_HAL_Driver/Src/stm32f1xx_hal_i2c.o
 .debug_abbrev  0x00000000000012d4      0x263 Drivers/STM32F1xx_HAL_Driver/Src/stm32f1xx_hal_pcd.o
 .debug_abbrev  0x0000000000001537      0x188 Drivers/STM32F1xx_HAL_Driver/Src/stm32f1xx_hal_pcd_ex.o
 .debug_abbrev  0x00000000000016bf      0x243 Drivers/STM32F1xx_HAL_Driver/Src/stm32f1xx_hal_rcc.o
 .debug_abbrev  0x0000000000001902      0x175 Drivers/STM32F1xx_HAL_Driver/Src/stm32f1xx_hal_rcc_ex.o
 .debug_abbrev  0x0000000000001a77      0x1c5 Drivers/STM32F1xx_HAL_Driver/Src/stm32f1xx_ll_usb.o
 .debug_abbrev  0x0000000000001c3c       0xa3 Drivers/oled/Fonts/font12.o
 .debug_abbrev  0x0000000000001cdf      0x312 Drivers/oled/oled.o
 .debug_abbrev  0x0000000000001ff1      0x2b6 Middlewares/ST/STM32_USB_Device_Library/Class/CDC/Src/usbd_cdc.o
 .debug_abbrev  0x00000000000022a7      0x270 Middlewares/ST/STM32_USB_Device_Library/Core/Src/usbd_core.o
 .debug_abbrev  0x0000000000002517      0x2a0 Middlewares/ST/STM32_USB_Device_Library/Core/Src/usbd_ctlreq.o
 .debug_abbrev  0x00000000000027b7      0x1e0 Middlewares/ST/STM32_USB_Device_Library/Core/Src/usbd_ioreq.o
 .debug_abbrev  0x0000000000002997      0x1be USB_DEVICE/App/usb_device.o
 .debug_abbrev  0x0000000000002b55      0x296 USB_DEVICE/App/usbd_cdc_if.o
 .debug_abbrev  0x0000000000002deb      0x290 USB_DEVICE/App/usbd_desc.o
 .debug_abbrev  0x000000000000307b      0x2db USB_DEVICE/Target/usbd_conf.o

.debug_aranges  0x0000000000000000      0xea8
 .debug_aranges
                0x0000000000000000       0x20 Core/Src/gpio.o
 .debug_aranges
                0x0000000000000020       0x30 Core/Src/i2c.o
 .debug_aranges
                0x0000000000000050       0x30 Core/Src/main.o
 .debug_aranges
                0x0000000000000080       0x20 Core/Src/stm32f1xx_hal_msp.o
 .debug_aranges
                0x00000000000000a0       0x68 Core/Src/stm32f1xx_it.o
 .debug_aranges
                0x0000000000000108       0x20 Core/Src/sysmem.o
 .debug_aranges
                0x0000000000000128       0x28 Core/Src/system_stm32f1xx.o
 .debug_aranges
                0x0000000000000150       0x28 Core/Startup/startup_stm32f103c8tx.o
 .debug_aranges
                0x0000000000000178       0xe0 Drivers/STM32F1xx_HAL_Driver/Src/stm32f1xx_hal.o
 .debug_aranges
                0x0000000000000258      0x100 Drivers/STM32F1xx_HAL_Driver/Src/stm32f1xx_hal_cortex.o
 .debug_aranges
                0x0000000000000358       0x58 Drivers/STM32F1xx_HAL_Driver/Src/stm32f1xx_hal_gpio.o
 .debug_aranges
                0x00000000000003b0      0x290 Drivers/STM32F1xx_HAL_Driver/Src/stm32f1xx_hal_i2c.o
 .debug_aranges
                0x0000000000000640      0x120 Drivers/STM32F1xx_HAL_Driver/Src/stm32f1xx_hal_pcd.o
 .debug_aranges
                0x0000000000000760       0x38 Drivers/STM32F1xx_HAL_Driver/Src/stm32f1xx_hal_pcd_ex.o
 .debug_aranges
                0x0000000000000798       0x90 Drivers/STM32F1xx_HAL_Driver/Src/stm32f1xx_hal_rcc.o
 .debug_aranges
                0x0000000000000828       0x30 Drivers/STM32F1xx_HAL_Driver/Src/stm32f1xx_hal_rcc_ex.o
 .debug_aranges
                0x0000000000000858      0x108 Drivers/STM32F1xx_HAL_Driver/Src/stm32f1xx_ll_usb.o
 .debug_aranges
                0x0000000000000960       0x18 Drivers/oled/Fonts/font12.o
 .debug_aranges
                0x0000000000000978      0x138 Drivers/oled/oled.o
 .debug_aranges
                0x0000000000000ab0       0x90 Middlewares/ST/STM32_USB_Device_Library/Class/CDC/Src/usbd_cdc.o
 .debug_aranges
                0x0000000000000b40       0xb8 Middlewares/ST/STM32_USB_Device_Library/Core/Src/usbd_core.o
 .debug_aranges
                0x0000000000000bf8       0x88 Middlewares/ST/STM32_USB_Device_Library/Core/Src/usbd_ctlreq.o
 .debug_aranges
                0x0000000000000c80       0x50 Middlewares/ST/STM32_USB_Device_Library/Core/Src/usbd_ioreq.o
 .debug_aranges
                0x0000000000000cd0       0x20 USB_DEVICE/App/usb_device.o
 .debug_aranges
                0x0000000000000cf0       0x40 USB_DEVICE/App/usbd_cdc_if.o
 .debug_aranges
                0x0000000000000d30       0x60 USB_DEVICE/App/usbd_desc.o
 .debug_aranges
                0x0000000000000d90      0x118 USB_DEVICE/Target/usbd_conf.o

.debug_ranges   0x0000000000000000      0xd18
 .debug_ranges  0x0000000000000000       0x10 Core/Src/gpio.o
 .debug_ranges  0x0000000000000010       0x20 Core/Src/i2c.o
 .debug_ranges  0x0000000000000030       0x20 Core/Src/main.o
 .debug_ranges  0x0000000000000050       0x10 Core/Src/stm32f1xx_hal_msp.o
 .debug_ranges  0x0000000000000060       0x58 Core/Src/stm32f1xx_it.o
 .debug_ranges  0x00000000000000b8       0x10 Core/Src/sysmem.o
 .debug_ranges  0x00000000000000c8       0x18 Core/Src/system_stm32f1xx.o
 .debug_ranges  0x00000000000000e0       0x20 Core/Startup/startup_stm32f103c8tx.o
 .debug_ranges  0x0000000000000100       0xd0 Drivers/STM32F1xx_HAL_Driver/Src/stm32f1xx_hal.o
 .debug_ranges  0x00000000000001d0       0xf0 Drivers/STM32F1xx_HAL_Driver/Src/stm32f1xx_hal_cortex.o
 .debug_ranges  0x00000000000002c0       0x48 Drivers/STM32F1xx_HAL_Driver/Src/stm32f1xx_hal_gpio.o
 .debug_ranges  0x0000000000000308      0x2a0 Drivers/STM32F1xx_HAL_Driver/Src/stm32f1xx_hal_i2c.o
 .debug_ranges  0x00000000000005a8      0x110 Drivers/STM32F1xx_HAL_Driver/Src/stm32f1xx_hal_pcd.o
 .debug_ranges  0x00000000000006b8       0x28 Drivers/STM32F1xx_HAL_Driver/Src/stm32f1xx_hal_pcd_ex.o
 .debug_ranges  0x00000000000006e0       0x80 Drivers/STM32F1xx_HAL_Driver/Src/stm32f1xx_hal_rcc.o
 .debug_ranges  0x0000000000000760       0x20 Drivers/STM32F1xx_HAL_Driver/Src/stm32f1xx_hal_rcc_ex.o
 .debug_ranges  0x0000000000000780       0xf8 Drivers/STM32F1xx_HAL_Driver/Src/stm32f1xx_ll_usb.o
 .debug_ranges  0x0000000000000878      0x128 Drivers/oled/oled.o
 .debug_ranges  0x00000000000009a0       0x80 Middlewares/ST/STM32_USB_Device_Library/Class/CDC/Src/usbd_cdc.o
 .debug_ranges  0x0000000000000a20       0xa8 Middlewares/ST/STM32_USB_Device_Library/Core/Src/usbd_core.o
 .debug_ranges  0x0000000000000ac8       0x78 Middlewares/ST/STM32_USB_Device_Library/Core/Src/usbd_ctlreq.o
 .debug_ranges  0x0000000000000b40       0x40 Middlewares/ST/STM32_USB_Device_Library/Core/Src/usbd_ioreq.o
 .debug_ranges  0x0000000000000b80       0x10 USB_DEVICE/App/usb_device.o
 .debug_ranges  0x0000000000000b90       0x30 USB_DEVICE/App/usbd_cdc_if.o
 .debug_ranges  0x0000000000000bc0       0x50 USB_DEVICE/App/usbd_desc.o
 .debug_ranges  0x0000000000000c10      0x108 USB_DEVICE/Target/usbd_conf.o

.debug_macro    0x0000000000000000    0x177a6
 .debug_macro   0x0000000000000000      0x1bd Core/Src/gpio.o
 .debug_macro   0x00000000000001bd      0xa5a Core/Src/gpio.o
 .debug_macro   0x0000000000000c17      0x21b Core/Src/gpio.o
 .debug_macro   0x0000000000000e32       0x2e Core/Src/gpio.o
 .debug_macro   0x0000000000000e60       0x22 Core/Src/gpio.o
 .debug_macro   0x0000000000000e82       0x22 Core/Src/gpio.o
 .debug_macro   0x0000000000000ea4       0x8e Core/Src/gpio.o
 .debug_macro   0x0000000000000f32       0x51 Core/Src/gpio.o
 .debug_macro   0x0000000000000f83       0xef Core/Src/gpio.o
 .debug_macro   0x0000000000001072       0x6a Core/Src/gpio.o
 .debug_macro   0x00000000000010dc      0x1df Core/Src/gpio.o
 .debug_macro   0x00000000000012bb       0x1c Core/Src/gpio.o
 .debug_macro   0x00000000000012d7       0x22 Core/Src/gpio.o
 .debug_macro   0x00000000000012f9       0xc3 Core/Src/gpio.o
 .debug_macro   0x00000000000013bc      0xd23 Core/Src/gpio.o
 .debug_macro   0x00000000000020df     0xe09e Core/Src/gpio.o
 .debug_macro   0x000000000001017d       0x43 Core/Src/gpio.o
 .debug_macro   0x00000000000101c0      0x174 Core/Src/gpio.o
 .debug_macro   0x0000000000010334       0x5a Core/Src/gpio.o
 .debug_macro   0x000000000001038e      0x5be Core/Src/gpio.o
 .debug_macro   0x000000000001094c      0x289 Core/Src/gpio.o
 .debug_macro   0x0000000000010bd5      0x1cb Core/Src/gpio.o
 .debug_macro   0x0000000000010da0      0x114 Core/Src/gpio.o
 .debug_macro   0x0000000000010eb4      0x1b2 Core/Src/gpio.o
 .debug_macro   0x0000000000011066       0x27 Core/Src/gpio.o
 .debug_macro   0x000000000001108d      0x136 Core/Src/gpio.o
 .debug_macro   0x00000000000111c3      0x1bc Core/Src/gpio.o
 .debug_macro   0x000000000001137f       0x34 Core/Src/gpio.o
 .debug_macro   0x00000000000113b3       0x3c Core/Src/gpio.o
 .debug_macro   0x00000000000113ef       0x57 Core/Src/gpio.o
 .debug_macro   0x0000000000011446       0x88 Core/Src/gpio.o
 .debug_macro   0x00000000000114ce      0x241 Core/Src/gpio.o
 .debug_macro   0x000000000001170f      0x280 Core/Src/gpio.o
 .debug_macro   0x000000000001198f      0x141 Core/Src/gpio.o
 .debug_macro   0x0000000000011ad0       0x65 Core/Src/gpio.o
 .debug_macro   0x0000000000011b35      0x249 Core/Src/gpio.o
 .debug_macro   0x0000000000011d7e       0x83 Core/Src/gpio.o
 .debug_macro   0x0000000000011e01      0x1bd Core/Src/i2c.o
 .debug_macro   0x0000000000011fbe      0x41c Core/Src/main.o
 .debug_macro   0x00000000000123da       0x46 Core/Src/main.o
 .debug_macro   0x0000000000012420       0x18 Core/Src/main.o
 .debug_macro   0x0000000000012438       0x3c Core/Src/main.o
 .debug_macro   0x0000000000012474       0x34 Core/Src/main.o
 .debug_macro   0x00000000000124a8       0x16 Core/Src/main.o
 .debug_macro   0x00000000000124be       0x35 Core/Src/main.o
 .debug_macro   0x00000000000124f3      0x32a Core/Src/main.o
 .debug_macro   0x000000000001281d       0x10 Core/Src/main.o
 .debug_macro   0x000000000001282d       0x52 Core/Src/main.o
 .debug_macro   0x000000000001287f       0x1f Core/Src/main.o
 .debug_macro   0x000000000001289e       0x43 Core/Src/main.o
 .debug_macro   0x00000000000128e1       0x20 Core/Src/main.o
 .debug_macro   0x0000000000012901      0x1a3 Core/Src/main.o
 .debug_macro   0x0000000000012aa4       0x10 Core/Src/main.o
 .debug_macro   0x0000000000012ab4       0x1c Core/Src/main.o
 .debug_macro   0x0000000000012ad0       0x52 Core/Src/main.o
 .debug_macro   0x0000000000012b22       0x40 Core/Src/main.o
 .debug_macro   0x0000000000012b62       0x10 Core/Src/main.o
 .debug_macro   0x0000000000012b72       0x40 Core/Src/main.o
 .debug_macro   0x0000000000012bb2       0xd7 Core/Src/main.o
 .debug_macro   0x0000000000012c89       0x1c Core/Src/main.o
 .debug_macro   0x0000000000012ca5       0x3d Core/Src/main.o
 .debug_macro   0x0000000000012ce2       0x16 Core/Src/main.o
 .debug_macro   0x0000000000012cf8      0x145 Core/Src/main.o
 .debug_macro   0x0000000000012e3d       0x16 Core/Src/main.o
 .debug_macro   0x0000000000012e53       0x16 Core/Src/main.o
 .debug_macro   0x0000000000012e69       0x29 Core/Src/main.o
 .debug_macro   0x0000000000012e92       0x16 Core/Src/main.o
 .debug_macro   0x0000000000012ea8       0x20 Core/Src/main.o
 .debug_macro   0x0000000000012ec8       0x60 Core/Src/main.o
 .debug_macro   0x0000000000012f28      0x1c8 Core/Src/main.o
 .debug_macro   0x00000000000130f0       0x8f Core/Src/main.o
 .debug_macro   0x000000000001317f       0x4c Core/Src/main.o
 .debug_macro   0x00000000000131cb      0x49d Core/Src/main.o
 .debug_macro   0x0000000000013668       0x16 Core/Src/main.o
 .debug_macro   0x000000000001367e       0x2e Core/Src/main.o
 .debug_macro   0x00000000000136ac      0x1b3 Core/Src/stm32f1xx_hal_msp.o
 .debug_macro   0x000000000001385f      0x1bd Core/Src/stm32f1xx_it.o
 .debug_macro   0x0000000000013a1c      0x1ae Core/Src/sysmem.o
 .debug_macro   0x0000000000013bca      0x23b Core/Src/sysmem.o
 .debug_macro   0x0000000000013e05      0x1af Core/Src/system_stm32f1xx.o
 .debug_macro   0x0000000000013fb4      0x1cd Drivers/STM32F1xx_HAL_Driver/Src/stm32f1xx_hal.o
 .debug_macro   0x0000000000014181      0x1a9 Drivers/STM32F1xx_HAL_Driver/Src/stm32f1xx_hal_cortex.o
 .debug_macro   0x000000000001432a      0x214 Drivers/STM32F1xx_HAL_Driver/Src/stm32f1xx_hal_gpio.o
 .debug_macro   0x000000000001453e      0x1e9 Drivers/STM32F1xx_HAL_Driver/Src/stm32f1xx_hal_i2c.o
 .debug_macro   0x0000000000014727      0x1b5 Drivers/STM32F1xx_HAL_Driver/Src/stm32f1xx_hal_pcd.o
 .debug_macro   0x00000000000148dc      0x1a9 Drivers/STM32F1xx_HAL_Driver/Src/stm32f1xx_hal_pcd_ex.o
 .debug_macro   0x0000000000014a85      0x1bb Drivers/STM32F1xx_HAL_Driver/Src/stm32f1xx_hal_rcc.o
 .debug_macro   0x0000000000014c40      0x1a9 Drivers/STM32F1xx_HAL_Driver/Src/stm32f1xx_hal_rcc_ex.o
 .debug_macro   0x0000000000014de9      0x1a9 Drivers/STM32F1xx_HAL_Driver/Src/stm32f1xx_ll_usb.o
 .debug_macro   0x0000000000014f92       0x72 Drivers/oled/Fonts/font12.o
 .debug_macro   0x0000000000015004       0x10 Drivers/oled/Fonts/font12.o
 .debug_macro   0x0000000000015014      0x2c2 Drivers/oled/oled.o
 .debug_macro   0x00000000000152d6      0x10e Drivers/oled/oled.o
 .debug_macro   0x00000000000153e4       0x8d Drivers/oled/oled.o
 .debug_macro   0x0000000000015471       0x58 Drivers/oled/oled.o
 .debug_macro   0x00000000000154c9       0xbd Drivers/oled/oled.o
 .debug_macro   0x0000000000015586       0x54 Drivers/oled/oled.o
 .debug_macro   0x00000000000155da      0x3c0 Middlewares/ST/STM32_USB_Device_Library/Class/CDC/Src/usbd_cdc.o
 .debug_macro   0x000000000001599a       0x97 Middlewares/ST/STM32_USB_Device_Library/Class/CDC/Src/usbd_cdc.o
 .debug_macro   0x0000000000015a31       0xfd Middlewares/ST/STM32_USB_Device_Library/Class/CDC/Src/usbd_cdc.o
 .debug_macro   0x0000000000015b2e      0x3a7 Middlewares/ST/STM32_USB_Device_Library/Core/Src/usbd_core.o
 .debug_macro   0x0000000000015ed5      0x1ce Middlewares/ST/STM32_USB_Device_Library/Core/Src/usbd_core.o
 .debug_macro   0x00000000000160a3      0x3b1 Middlewares/ST/STM32_USB_Device_Library/Core/Src/usbd_ctlreq.o
 .debug_macro   0x0000000000016454      0x3ad Middlewares/ST/STM32_USB_Device_Library/Core/Src/usbd_ioreq.o
 .debug_macro   0x0000000000016801      0x3e7 USB_DEVICE/App/usb_device.o
 .debug_macro   0x0000000000016be8       0x22 USB_DEVICE/App/usb_device.o
 .debug_macro   0x0000000000016c0a      0x3d2 USB_DEVICE/App/usbd_cdc_if.o
 .debug_macro   0x0000000000016fdc      0x3e4 USB_DEVICE/App/usbd_desc.o
 .debug_macro   0x00000000000173c0       0x1c USB_DEVICE/App/usbd_desc.o
 .debug_macro   0x00000000000173dc      0x3ca USB_DEVICE/Target/usbd_conf.o

.debug_line     0x0000000000000000     0xf65f
 .debug_line    0x0000000000000000      0x648 Core/Src/gpio.o
 .debug_line    0x0000000000000648      0x67b Core/Src/i2c.o
 .debug_line    0x0000000000000cc3      0xa34 Core/Src/main.o
 .debug_line    0x00000000000016f7      0x64c Core/Src/stm32f1xx_hal_msp.o
 .debug_line    0x0000000000001d43      0x701 Core/Src/stm32f1xx_it.o
 .debug_line    0x0000000000002444      0x55e Core/Src/sysmem.o
 .debug_line    0x00000000000029a2      0x67c Core/Src/system_stm32f1xx.o
 .debug_line    0x000000000000301e       0x84 Core/Startup/startup_stm32f103c8tx.o
 .debug_line    0x00000000000030a2      0x824 Drivers/STM32F1xx_HAL_Driver/Src/stm32f1xx_hal.o
 .debug_line    0x00000000000038c6      0x8fd Drivers/STM32F1xx_HAL_Driver/Src/stm32f1xx_hal_cortex.o
 .debug_line    0x00000000000041c3      0x824 Drivers/STM32F1xx_HAL_Driver/Src/stm32f1xx_hal_gpio.o
 .debug_line    0x00000000000049e7     0x1ae7 Drivers/STM32F1xx_HAL_Driver/Src/stm32f1xx_hal_i2c.o
 .debug_line    0x00000000000064ce      0xb17 Drivers/STM32F1xx_HAL_Driver/Src/stm32f1xx_hal_pcd.o
 .debug_line    0x0000000000006fe5      0x697 Drivers/STM32F1xx_HAL_Driver/Src/stm32f1xx_hal_pcd_ex.o
 .debug_line    0x000000000000767c      0x8e6 Drivers/STM32F1xx_HAL_Driver/Src/stm32f1xx_hal_rcc.o
 .debug_line    0x0000000000007f62      0x704 Drivers/STM32F1xx_HAL_Driver/Src/stm32f1xx_hal_rcc_ex.o
 .debug_line    0x0000000000008666      0xb30 Drivers/STM32F1xx_HAL_Driver/Src/stm32f1xx_ll_usb.o
 .debug_line    0x0000000000009196      0x389 Drivers/oled/Fonts/font12.o
 .debug_line    0x000000000000951f      0xcb4 Drivers/oled/oled.o
 .debug_line    0x000000000000a1d3      0xb02 Middlewares/ST/STM32_USB_Device_Library/Class/CDC/Src/usbd_cdc.o
 .debug_line    0x000000000000acd5      0xb3d Middlewares/ST/STM32_USB_Device_Library/Core/Src/usbd_core.o
 .debug_line    0x000000000000b812      0xbc6 Middlewares/ST/STM32_USB_Device_Library/Core/Src/usbd_ctlreq.o
 .debug_line    0x000000000000c3d8      0x9a6 Middlewares/ST/STM32_USB_Device_Library/Core/Src/usbd_ioreq.o
 .debug_line    0x000000000000cd7e      0x988 USB_DEVICE/App/usb_device.o
 .debug_line    0x000000000000d706      0x9bc USB_DEVICE/App/usbd_cdc_if.o
 .debug_line    0x000000000000e0c2      0x9da USB_DEVICE/App/usbd_desc.o
 .debug_line    0x000000000000ea9c      0xbc3 USB_DEVICE/Target/usbd_conf.o

.debug_str      0x0000000000000000    0x71507
 .debug_str     0x0000000000000000    0x66ca6 Core/Src/gpio.o
                                      0x66f58 (size before relaxing)
 .debug_str     0x0000000000066ca6      0x50d Core/Src/i2c.o
                                      0x6749d (size before relaxing)
 .debug_str     0x00000000000671b3     0x67fa Core/Src/main.o
                                      0x6dd04 (size before relaxing)
 .debug_str     0x000000000006d9ad       0x2c Core/Src/stm32f1xx_hal_msp.o
                                      0x66f88 (size before relaxing)
 .debug_str     0x000000000006d9d9      0x385 Core/Src/stm32f1xx_it.o
                                      0x67312 (size before relaxing)
 .debug_str     0x000000000006dd5e      0x4d1 Core/Src/sysmem.o
                                       0x7ac6 (size before relaxing)
 .debug_str     0x000000000006e22f       0xc2 Core/Src/system_stm32f1xx.o