oled.c:148:33:OLED_WriteCmd	32	static
oled.c:152:33:OLED_WriteData	32	static
oled.c:156:19:OLED_Init	32	static
oled.c:285:19:OLED_UpdateScreen	8	static
oled.c:312:6:OLED_DrawPixel	16	static
oled.c:349:6:OLED_FillScreen	16	static
oled.c:381:6:OLED_ToggleInvert	16	static
oled.c:391:6:OLED_DrawLine	48	static
oled.c:445:6:OLED_DrawRect	32	static
oled.c:465:6:OLED_FillRect	40	static
oled.c:485:6:OLED_DrawCircle	40	static
oled.c:518:6:OLED_DrawCircleHelper	40	static
oled.c:553:6:OLED_FillCircle	32	static
oled.c:558:6:OLED_FillCircleHelper	48	static
oled.c:586:6:OLED_DrawTriangle	32	static
oled.c:593:6:OLED_FillTriangle	80	static
oled.c:670:6:OLED_DrawRoundRect	32	static
oled.c:682:6:OLED_FillRoundRect	32	static
oled.c:690:6:OLED_DrawChar	56	static
oled.c:738:6:OLED_Printf	40	static
oled.c:779:6:OLED_SetCursor	16	static
oled.c:785:6:OLED_SetTextSize	16	static
oled.c:795:6:OLED_SetTextColor	16	static
oled.c:799:6:OLED_SetTextWrap	16	static
oled.c:803:9:OLED_GetCursorX	4	static
oled.c:807:9:OLED_GetCursorY	4	static
oled.c:811:6:OLED_DisplayOn	8	static
oled.c:823:6:OLED_DisplayOff	8	static
oled.c:836:6:OLED_ScrollStartHorzRight	16	static
oled.c:850:6:OLED_ScrollStartHorzLeft	16	static
oled.c:864:6:OLED_ScrollStartDiagRight	24	static
oled.c:877:6:OLED_ScrollStartDiagLeft	24	static
oled.c:890:6:OLED_ScrollStop	8	static
oled.c:894:6:OLED_FadeStart	16	static
oled.c:899:6:OLED_FadeStop	8	static
oled.c:905:6:OLED_SetZoomIn	16	static
